Component: ARM Compiler 5.06 update 7 (build 960) Tool: armlink [4d3601]

==============================================================================

Section Cross References

    startup_stm32f407xx.o(RESET) refers to startup_stm32f407xx.o(STACK) for __initial_sp
    startup_stm32f407xx.o(RESET) refers to startup_stm32f407xx.o(.text) for Reset_Handler
    startup_stm32f407xx.o(RESET) refers to stm32f4xx_it.o(i.NMI_Handler) for NMI_Handler
    startup_stm32f407xx.o(RESET) refers to stm32f4xx_it.o(i.HardFault_Handler) for HardFault_Handler
    startup_stm32f407xx.o(RESET) refers to stm32f4xx_it.o(i.MemManage_Handler) for MemManage_Handler
    startup_stm32f407xx.o(RESET) refers to stm32f4xx_it.o(i.BusFault_Handler) for BusFault_Handler
    startup_stm32f407xx.o(RESET) refers to stm32f4xx_it.o(i.UsageFault_Handler) for UsageFault_Handler
    startup_stm32f407xx.o(RESET) refers to port.o(.emb_text) for SVC_Handler
    startup_stm32f407xx.o(RESET) refers to stm32f4xx_it.o(i.DebugMon_Handler) for DebugMon_Handler
    startup_stm32f407xx.o(RESET) refers to cmsis_os2.o(i.SysTick_Handler) for SysTick_Handler
    startup_stm32f407xx.o(RESET) refers to stm32f4xx_it.o(i.TIM4_IRQHandler) for TIM4_IRQHandler
    startup_stm32f407xx.o(RESET) refers to timer.o(i.TIM6_DAC_IRQHandler) for TIM6_DAC_IRQHandler
    startup_stm32f407xx.o(RESET) refers to timer.o(i.TIM7_IRQHandler) for TIM7_IRQHandler
    startup_stm32f407xx.o(.text) refers to system_stm32f4xx.o(i.SystemInit) for SystemInit
    startup_stm32f407xx.o(.text) refers to entry.o(.ARM.Collect$$$$00000000) for __main
    main.o(i.HAL_TIM_PeriodElapsedCallback) refers to stm32f4xx_hal.o(i.HAL_IncTick) for HAL_IncTick
    main.o(i.SystemClock_Config) refers to stm32f4xx_ll_utils.o(i.LL_SetSystemCoreClock) for LL_SetSystemCoreClock
    main.o(i.SystemClock_Config) refers to stm32f4xx_hal_timebase_tim.o(i.HAL_InitTick) for HAL_InitTick
    main.o(i.main) refers to stm32f4xx_hal.o(i.HAL_Init) for HAL_Init
    main.o(i.main) refers to key.o(i.Key_Init) for Key_Init
    main.o(i.main) refers to led.o(i.LED_Init) for LED_Init
    main.o(i.main) refers to spihard.o(i.SPI1_Init) for SPI1_Init
    main.o(i.main) refers to pwm1.o(i.PWM1_Init) for PWM1_Init
    main.o(i.main) refers to main.o(i.SystemClock_Config) for SystemClock_Config
    main.o(i.main) refers to gpio.o(i.MX_GPIO_Init) for MX_GPIO_Init
    main.o(i.main) refers to usart.o(i.MX_USART1_UART_Init) for MX_USART1_UART_Init
    main.o(i.main) refers to delay.o(i.delay_init) for delay_init
    main.o(i.main) refers to pwm1.o(i.PWM1_SetDutyCycle) for PWM1_SetDutyCycle
    main.o(i.main) refers to cmsis_os2.o(i.osKernelInitialize) for osKernelInitialize
    main.o(i.main) refers to freertos.o(i.MX_FREERTOS_Init) for MX_FREERTOS_Init
    main.o(i.main) refers to tasks.o(i.vTaskStartScheduler) for vTaskStartScheduler
    gpio.o(i.MX_GPIO_Init) refers to gpio.o(i.LL_AHB1_GRP1_EnableClock) for LL_AHB1_GRP1_EnableClock
    freertos.o(i.MX_FREERTOS_Init) refers to user_tasksinit.o(i.User_Tasks_Init) for User_Tasks_Init
    usart.o(i.MX_USART1_UART_Init) refers to memseta.o(.text) for __aeabi_memclr4
    usart.o(i.MX_USART1_UART_Init) refers to stm32f4xx_ll_gpio.o(i.LL_GPIO_Init) for LL_GPIO_Init
    usart.o(i.MX_USART1_UART_Init) refers to stm32f4xx_ll_usart.o(i.LL_USART_Init) for LL_USART_Init
    stm32f4xx_it.o(i.TIM4_IRQHandler) refers to stm32f4xx_hal_tim.o(i.HAL_TIM_IRQHandler) for HAL_TIM_IRQHandler
    stm32f4xx_it.o(i.TIM4_IRQHandler) refers to stm32f4xx_hal_timebase_tim.o(.bss) for htim4
    stm32f4xx_hal_msp.o(i.HAL_MspInit) refers to stm32f4xx_hal_cortex.o(i.HAL_NVIC_SetPriority) for HAL_NVIC_SetPriority
    stm32f4xx_hal_timebase_tim.o(i.HAL_InitTick) refers to stm32f4xx_hal_rcc.o(i.HAL_RCC_GetClockConfig) for HAL_RCC_GetClockConfig
    stm32f4xx_hal_timebase_tim.o(i.HAL_InitTick) refers to stm32f4xx_hal_rcc.o(i.HAL_RCC_GetPCLK1Freq) for HAL_RCC_GetPCLK1Freq
    stm32f4xx_hal_timebase_tim.o(i.HAL_InitTick) refers to stm32f4xx_hal_tim.o(i.HAL_TIM_Base_Init) for HAL_TIM_Base_Init
    stm32f4xx_hal_timebase_tim.o(i.HAL_InitTick) refers to stm32f4xx_hal_tim.o(i.HAL_TIM_Base_Start_IT) for HAL_TIM_Base_Start_IT
    stm32f4xx_hal_timebase_tim.o(i.HAL_InitTick) refers to stm32f4xx_hal_cortex.o(i.HAL_NVIC_EnableIRQ) for HAL_NVIC_EnableIRQ
    stm32f4xx_hal_timebase_tim.o(i.HAL_InitTick) refers to stm32f4xx_hal_cortex.o(i.HAL_NVIC_SetPriority) for HAL_NVIC_SetPriority
    stm32f4xx_hal_timebase_tim.o(i.HAL_InitTick) refers to stm32f4xx_hal_timebase_tim.o(.bss) for .bss
    stm32f4xx_hal_timebase_tim.o(i.HAL_InitTick) refers to stm32f4xx_hal.o(.data) for uwTickPrio
    stm32f4xx_hal_timebase_tim.o(i.HAL_ResumeTick) refers to stm32f4xx_hal_timebase_tim.o(.bss) for .bss
    stm32f4xx_hal_timebase_tim.o(i.HAL_SuspendTick) refers to stm32f4xx_hal_timebase_tim.o(.bss) for .bss
    timer.o(i.TIM6_DAC_IRQHandler) refers to printfa.o(i.__0printf) for __2printf
[...]
    ..\BSP\Serial.c                          0x00000000   Number         0  serial.o ABSOLUTE
    ..\BSP\key.c                             0x00000000   Number         0  key.o ABSOLUTE
    ..\Core\Src\PWM1.c                       0x00000000   Number         0  pwm1.o ABSOLUTE
    ..\Core\Src\SPIHard.c                    0x00000000   Number         0  spihard.o ABSOLUTE
    ..\Core\Src\Timer.c                      0x00000000   Number         0  timer.o ABSOLUTE
    ..\Core\Src\freertos.c                   0x00000000   Number         0  freertos.o ABSOLUTE
    ..\Core\Src\gpio.c                       0x00000000   Number         0  gpio.o ABSOLUTE
    ..\Core\Src\main.c                       0x00000000   Number         0  main.o ABSOLUTE
    ..\Core\Src\stm32f4xx_hal_msp.c          0x00000000   Number         0  stm32f4xx_hal_msp.o ABSOLUTE
    ..\Core\Src\stm32f4xx_hal_timebase_tim.c 0x00000000   Number         0  stm32f4xx_hal_timebase_tim.o ABSOLUTE
    ..\Core\Src\stm32f4xx_it.c               0x00000000   Number         0  stm32f4xx_it.o ABSOLUTE
    ..\Core\Src\system_stm32f4xx.c           0x00000000   Number         0  system_stm32f4xx.o ABSOLUTE
    ..\Core\Src\usart.c                      0x00000000   Number         0  usart.o ABSOLUTE
    ..\Drivers\STM32F4xx_HAL_Driver\Src\stm32f4xx_hal.c 0x00000000   Number         0  stm32f4xx_hal.o ABSOLUTE
    ..\Drivers\STM32F4xx_HAL_Driver\Src\stm32f4xx_hal_cortex.c 0x00000000   Number         0  stm32f4xx_hal_cortex.o ABSOLUTE
    ..\Drivers\STM32F4xx_HAL_Driver\Src\stm32f4xx_hal_dma.c 0x00000000   Number         0  stm32f4xx_hal_dma.o ABSOLUTE
    ..\Drivers\STM32F4xx_HAL_Driver\Src\stm32f4xx_hal_dma_ex.c 0x00000000   Number         0  stm32f4xx_hal_dma_ex.o ABSOLUTE
    ..\Drivers\STM32F4xx_HAL_Driver\Src\stm32f4xx_hal_exti.c 0x00000000   Number         0  stm32f4xx_hal_exti.o ABSOLUTE
    ..\Drivers\STM32F4xx_HAL_Driver\Src\stm32f4xx_hal_flash.c 0x00000000   Number         0  stm32f4xx_hal_flash.o ABSOLUTE
    ..\Drivers\STM32F4xx_HAL_Driver\Src\stm32f4xx_hal_flash_ex.c 0x00000000   Number         0  stm32f4xx_hal_flash_ex.o ABSOLUTE
    ..\Drivers\STM32F4xx_HAL_Driver\Src\stm32f4xx_hal_flash_ramfunc.c 0x00000000   Number         0  stm32f4xx_hal_flash_ramfunc.o ABSOLUTE
    ..\Drivers\STM32F4xx_HAL_Driver\Src\stm32f4xx_hal_gpio.c 0x00000000   Number         0  stm32f4xx_hal_gpio.o ABSOLUTE
    ..\Drivers\STM32F4xx_HAL_Driver\Src\stm32f4xx_hal_pwr.c 0x00000000   Number         0  stm32f4xx_hal_pwr.o ABSOLUTE
    ..\Drivers\STM32F4xx_HAL_Driver\Src\stm32f4xx_hal_pwr_ex.c 0x00000000   Number         0  stm32f4xx_hal_pwr_ex.o ABSOLUTE
    ..\Drivers\STM32F4xx_HAL_Driver\Src\stm32f4xx_hal_rcc.c 0x00000000   Number         0  stm32f4xx_hal_rcc.o ABSOLUTE
    ..\Drivers\STM32F4xx_HAL_Driver\Src\stm32f4xx_hal_rcc_ex.c 0x00000000   Number         0  stm32f4xx_hal_rcc_ex.o ABSOLUTE
    ..\Drivers\STM32F4xx_HAL_Driver\Src\stm32f4xx_hal_tim.c 0x00000000   Number         0  stm32f4xx_hal_tim.o ABSOLUTE
    ..\Drivers\STM32F4xx_HAL_Driver\Src\stm32f4xx_hal_tim_ex.c 0x00000000   Number         0  stm32f4xx_hal_tim_ex.o ABSOLUTE
    ..\Drivers\STM32F4xx_HAL_Driver\Src\stm32f4xx_ll_adc.c 0x00000000   Number         0  stm32f4xx_ll_adc.o ABSOLUTE
    ..\Drivers\STM32F4xx_HAL_Driver\Src\stm32f4xx_ll_dma.c 0x00000000   Number         0  stm32f4xx_ll_dma.o ABSOLUTE
    ..\Drivers\STM32F4xx_HAL_Driver\Src\stm32f4xx_ll_exti.c 0x00000000   Number         0  stm32f4xx_ll_exti.o ABSOLUTE
    ..\Drivers\STM32F4xx_HAL_Driver\Src\stm32f4xx_ll_gpio.c 0x00000000   Number         0  stm32f4xx_ll_gpio.o ABSOLUTE
    ..\Drivers\STM32F4xx_HAL_Driver\Src\stm32f4xx_ll_rcc.c 0x00000000   Number         0  stm32f4xx_ll_rcc.o ABSOLUTE
    ..\Drivers\STM32F4xx_HAL_Driver\Src\stm32f4xx_ll_spi.c 0x00000000   Number         0  stm32f4xx_ll_spi.o ABSOLUTE
    ..\Drivers\STM32F4xx_HAL_Driver\Src\stm32f4xx_ll_tim.c 0x00000000   Number         0  stm32f4xx_ll_tim.o ABSOLUTE
    ..\Drivers\STM32F4xx_HAL_Driver\Src\stm32f4xx_ll_usart.c 0x00000000   Number         0  stm32f4xx_ll_usart.o ABSOLUTE
    ..\Drivers\STM32F4xx_HAL_Driver\Src\stm32f4xx_ll_utils.c 0x00000000   Number         0  stm32f4xx_ll_utils.o ABSOLUTE
    ..\Middlewares\Third_Party\FreeRTOS\Source\CMSIS_RTOS_V2\cmsis_os2.c 0x00000000   Number         0  cmsis_os2.o ABSOLUTE
    ..\Middlewares\Third_Party\FreeRTOS\Source\portable\RVDS\ARM_CM4F\port.c 0x00000000   Number         0  port.o ABSOLUTE
    ..\SYSTEM\delay.c                        0x00000000   Number         0  delay.o ABSOLUTE
    ..\Tasks\Src\User_TasksInit.c            0x00000000   Number         0  user_tasksinit.o ABSOLUTE
    ..\\BSP\\AToD.c                          0x00000000   Number         0  atod.o ABSOLUTE
    ..\\BSP\\LED.c                           0x00000000   Number         0  led.o ABSOLUTE
    ..\\BSP\\Lcd_init.c                      0x00000000   Number         0  lcd_init.o ABSOLUTE
    ..\\BSP\\OLED.c                          0x00000000   Number         0  oled.o ABSOLUTE
    ..\\BSP\\key.c                           0x00000000   Number         0  key.o ABSOLUTE
    ..\\Core\\Src\\PWM1.c                    0x00000000   Number         0  pwm1.o ABSOLUTE
    ..\\Core\\Src\\SPIHard.c                 0x00000000   Number         0  spihard.o ABSOLUTE
    ..\\Core\\Src\\Timer.c                   0x00000000   Number         0  timer.o ABSOLUTE
    ..\\Drivers\\STM32F4xx_HAL_Driver\\Src\\stm32f4xx_ll_adc.c 0x00000000   Number         0  stm32f4xx_ll_adc.o ABSOLUTE
    ..\\Drivers\\STM32F4xx_HAL_Driver\\Src\\stm32f4xx_ll_spi.c 0x00000000   Number         0  stm32f4xx_ll_spi.o ABSOLUTE
    ..\\Drivers\\STM32F4xx_HAL_Driver\\Src\\stm32f4xx_ll_tim.c 0x00000000   Number         0  stm32f4xx_ll_tim.o ABSOLUTE
    ..\\SYSTEM\\delay.c                      0x00000000   Number         0  delay.o ABSOLUTE
    ..\\Tasks\\Src\\User_TasksInit.c         0x00000000   Number         0  user_tasksinit.o ABSOLUTE
    cdcmple.s                                0x00000000   Number         0  cdcmple.o ABSOLUTE
    cdrcmple.s                               0x00000000   Number         0  cdrcmple.o ABSOLUTE
    dc.s                                     0x00000000   Number         0  dc.o ABSOLUTE
    handlers.s                               0x00000000   Number         0  handlers.o ABSOLUTE
    init.s                                   0x00000000   Number         0  init.o ABSOLUTE
    startup_stm32f407xx.s                    0x00000000   Number         0  startup_stm32f407xx.o ABSOLUTE
    RESET                                    0x08000000   Section      392  startup_stm32f407xx.o(RESET)
    .ARM.Collect$$$$00000000                 0x08000188   Section        0  entry.o(.ARM.Collect$$$$00000000)
    .ARM.Collect$$$$00000001                 0x08000188   Section        4  entry2.o(.ARM.Collect$$$$00000001)
    .ARM.Collect$$$$00000004                 0x0800018c   Section        4  entry5.o(.ARM.Collect$$$$00000004)
    .ARM.Collect$$$$00000008                 0x08000190   Section        0  entry7b.o(.ARM.Collect$$$$00000008)
    .ARM.Collect$$$$0000000A                 0x08000190   Section        0  entry8b.o(.ARM.Collect$$$$0000000A)
    .ARM.Collect$$$$0000000B                 0x08000190   Section        8  entry9a.o(.ARM.Collect$$$$0000000B)
    .ARM.Collect$$$$0000000E                 0x08000198   Section        4  entry12b.o(.ARM.Collect$$$$0000000E)
    .ARM.Collect$$$$0000000F                 0x0800019c   Section        0  entry10a.o(.ARM.Collect$$$$0000000F)
    .ARM.Collect$$$$00000011                 0x0800019c   Section        0  entry11a.o(.ARM.Collect$$$$00000011)
    .ARM.Collect$$$$00002712                 0x0800019c   Section        4  entry2.o(.ARM.Collect$$$$00002712)
    __lit__00000000                          0x0800019c   Data           4  entry2.o(.ARM.Collect$$$$00002712)
    .emb_text                                0x080001a0   Section      190  port.o(.emb_text)
    $v0                                      0x080001a0   Number         0  port.o(.emb_text)
    .text                                    0x08000260   Section       36  startup_stm32f407xx.o(.text)
    $v0                                      0x08000260   Number         0  startup_stm32f407xx.o(.text)
    .text                                    0x08000284   Section        0  uldiv.o(.text)
    .text                                    0x080002e6   Section        0  memcpya.o(.text)
    .text                                    0x0800030a   Section        0  memseta.o(.text)
    .text                                    0x0800032e   Section        0  dadd.o(.text)
    .text                                    0x0800047c   Section        0  dmul.o(.text)
    .text                                    0x08000560   Section        0  ddiv.o(.text)
    .text                                    0x08000640   Section       48  cdrcmple.o(.text)
    .text                                    0x08000670   Section        0  uidiv.o(.text)
    .text                                    0x0800069c   Section        0  llshl.o(.text)
    .text                                    0x080006ba   Section        0  llushr.o(.text)
    .text                                    0x080006da   Section        0  llsshr.o(.text)
    .text                                    0x080006fe   Section        0  iusefp.o(.text)
    .text                                    0x080006fe   Section        0  depilogue.o(.text)
    .text                                    0x080007b8   Section        0  dfixul.o(.text)
    .text                                    0x080007e8   Section       36  init.o(.text)
    i.BusFault_Handler                       0x0800080c   Section        0  stm32f4xx_it.o(i.BusFault_Handler)
    i.DebugMon_Handler                       0x0800080e   Section        0  stm32f4xx_it.o(i.DebugMon_Handler)
    i.HAL_IncTick                            0x08000810   Section        0  stm32f4xx_hal.o(i.HAL_IncTick)
    i.HAL_Init                               0x08000820   Section        0  stm32f4xx_hal.o(i.HAL_Init)
    i.HAL_InitTick                           0x08000854   Section        0  stm32f4xx_hal_timebase_tim.o(i.HAL_InitTick)
    i.HAL_MspInit                            0x080008ec   Section        0  stm32f4xx_hal_msp.o(i.HAL_MspInit)
    i.HAL_NVIC_EnableIRQ                     0x08000924   Section        0  stm32f4xx_hal_cortex.o(i.HAL_NVIC_EnableIRQ)
    i.HAL_NVIC_SetPriority                   0x08000940   Section        0  stm32f4xx_hal_cortex.o(i.HAL_NVIC_SetPriority)
    i.HAL_NVIC_SetPriorityGrouping           0x08000980   Section        0  stm32f4xx_hal_cortex.o(i.HAL_NVIC_SetPriorityGrouping)
    i.HAL_RCC_GetClockConfig                 0x080009a4   Section        0  stm32f4xx_hal_rcc.o(i.HAL_RCC_GetClockConfig)
    i.HAL_RCC_GetPCLK1Freq                   0x080009e4   Section        0  stm32f4xx_hal_rcc.o(i.HAL_RCC_GetPCLK1Freq)
    i.HAL_TIMEx_BreakCallback                0x08000a04   Section        0  stm32f4xx_hal_tim_ex.o(i.HAL_TIMEx_BreakCallback)
    i.HAL_TIMEx_CommutCallback               0x08000a06   Section        0  stm32f4xx_hal_tim_ex.o(i.HAL_TIMEx_CommutCallback)
    i.HAL_TIM_Base_Init                      0x08000a08   Section        0  stm32f4xx_hal_tim.o(i.HAL_TIM_Base_Init)
    i.HAL_TIM_Base_MspInit                   0x08000a62   Section        0  stm32f4xx_hal_tim.o(i.HAL_TIM_Base_MspInit)
    i.HAL_TIM_Base_Start                     0x08000a64   Section        0  stm32f4xx_hal_tim.o(i.HAL_TIM_Base_Start)
    i.HAL_TIM_Base_Start_IT                  0x08000adc   Section        0  stm32f4xx_hal_tim.o(i.HAL_TIM_Base_Start_IT)
    i.HAL_TIM_IC_CaptureCallback             0x08000b5c   Section        0  stm32f4xx_hal_tim.o(i.HAL_TIM_IC_CaptureCallback)
    i.HAL_TIM_IRQHandler                     0x08000b5e   Section        0  stm32f4xx_hal_tim.o(i.HAL_TIM_IRQHandler)
    i.HAL_TIM_OC_DelayElapsedCallback        0x08000c8e   Section        0  stm32f4xx_hal_tim.o(i.HAL_TIM_OC_DelayElapsedCallback)
    i.HAL_TIM_PWM_PulseFinishedCallback      0x08000c90   Section        0  stm32f4xx_hal_tim.o(i.HAL_TIM_PWM_PulseFinishedCallback)
    i.HAL_TIM_PeriodElapsedCallback          0x08000c94   Section        0  main.o(i.HAL_TIM_PeriodElapsedCallback)
    i.HAL_TIM_TriggerCallback                0x08000ca8   Section        0  stm32f4xx_hal_tim.o(i.HAL_TIM_TriggerCallback)
    i.HardFault_Handler                      0x08000caa   Section        0  stm32f4xx_it.o(i.HardFault_Handler)
    i.Key_Init                               0x08000cac   Section        0  key.o(i.Key_Init)
    i.LEDToggle_Task                         0x08000cf4   Section        0  user_tasksinit.o(i.LEDToggle_Task)
    i.LED_Init                               0x08000d04   Section        0  led.o(i.LED_Init)
    i.LED_Reveral                            0x08000d4c   Section        0  led.o(i.LED_Reveral)
    i.LL_AHB1_GRP1_EnableClock               0x08000d68   Section        0  gpio.o(i.LL_AHB1_GRP1_EnableClock)
    LL_AHB1_GRP1_EnableClock                 0x08000d69   Thumb Code    18  gpio.o(i.LL_AHB1_GRP1_EnableClock)
    i.LL_AHB1_GRP1_EnableClock               0x08000d80   Section        0  key.o(i.LL_AHB1_GRP1_EnableClock)
    LL_AHB1_GRP1_EnableClock                 0x08000d81   Thumb Code    18  key.o(i.LL_AHB1_GRP1_EnableClock)
    i.LL_GPIO_Init                           0x08000d98   Section        0  stm32f4xx_ll_gpio.o(i.LL_GPIO_Init)
    i.LL_RCC_GetSystemClocksFreq             0x08000ece   Section        0  stm32f4xx_ll_rcc.o(i.LL_RCC_GetSystemClocksFreq)
    i.LL_SPI_Init                            0x08000eee   Section        0  stm32f4xx_ll_spi.o(i.LL_SPI_Init)
    i.LL_SetSystemCoreClock                  0x08000f54   Section        0  stm32f4xx_ll_utils.o(i.LL_SetSystemCoreClock)
    i.LL_TIM_Init                            0x08000f60   Section        0  stm32f4xx_ll_tim.o(i.LL_TIM_Init)
    i.LL_TIM_OC_Init                         0x08001028   Section        0  stm32f4xx_ll_tim.o(i.LL_TIM_OC_Init)
    i.LL_USART_Init                          0x080011f0   Section        0  stm32f4xx_ll_usart.o(i.LL_USART_Init)
    i.LL_USART_SetBaudRate                   0x08001290   Section        0  stm32f4xx_ll_usart.o(i.LL_USART_SetBaudRate)
    LL_USART_SetBaudRate                     0x08001291   Thumb Code   176  stm32f4xx_ll_usart.o(i.LL_USART_SetBaudRate)
    i.MX_FREERTOS_Init                       0x08001340   Section        0  freertos.o(i.MX_FREERTOS_Init)
    i.MX_GPIO_Init                           0x08001344   Section        0  gpio.o(i.MX_GPIO_Init)
    i.MX_USART1_UART_Init                    0x08001358   Section        0  usart.o(i.MX_USART1_UART_Init)
    i.MemManage_Handler                      0x080013f8   Section        0  stm32f4xx_it.o(i.MemManage_Handler)
    i.NMI_Handler                            0x080013fa   Section        0  stm32f4xx_it.o(i.NMI_Handler)
    i.PWM1_Init                              0x080013fc   Section        0  pwm1.o(i.PWM1_Init)
    i.PWM1_SetDutyCycle                      0x080014ec   Section        0  pwm1.o(i.PWM1_SetDutyCycle)
    i.RCC_GetHCLKClockFreq                   0x08001504   Section        0  stm32f4xx_ll_rcc.o(i.RCC_GetHCLKClockFreq)
    i.RCC_GetPCLK1ClockFreq                  0x08001520   Section        0  stm32f4xx_ll_rcc.o(i.RCC_GetPCLK1ClockFreq)
    i.RCC_GetPCLK2ClockFreq                  0x0800153c   Section        0  stm32f4xx_ll_rcc.o(i.RCC_GetPCLK2ClockFreq)
    i.RCC_GetSystemClockFreq                 0x08001558   Section        0  stm32f4xx_ll_rcc.o(i.RCC_GetSystemClockFreq)
    i.RCC_PLL_GetFreqDomain_SYS              0x08001584   Section        0  stm32f4xx_ll_rcc.o(i.RCC_PLL_GetFreqDomain_SYS)
    i.SPI1_Init                              0x080015d4   Section        0  spihard.o(i.SPI1_Init)
    i.SPI1_Transmit                          0x08001678   Section        0  spihard.o(i.SPI1_Transmit)
    i.SPITEST_Task                           0x08001698   Section        0  user_tasksinit.o(i.SPITEST_Task)
    i.SysTick_Handler                        0x080016b0   Section        0  cmsis_os2.o(i.SysTick_Handler)
    i.SystemClock_Config                     0x080016cc   Section        0  main.o(i.SystemClock_Config)
    i.SystemInit                             0x080017a0   Section        0  system_stm32f4xx.o(i.SystemInit)
    i.TIM4_IRQHandler                        0x080017b0   Section        0  stm32f4xx_it.o(i.TIM4_IRQHandler)
    i.TIM6_DAC_IRQHandler                    0x080017bc   Section        0  timer.o(i.TIM6_DAC_IRQHandler)
    i.TIM7_IRQHandler                        0x08001800   Section        0  timer.o(i.TIM7_IRQHandler)
    i.TIM_Base_SetConfig                     0x08001844   Section        0  stm32f4xx_hal_tim.o(i.TIM_Base_SetConfig)
    i.UsageFault_Handler                     0x0800191c   Section        0  stm32f4xx_it.o(i.UsageFault_Handler)
    i.User_Tasks_Init                        0x08001920   Section        0  user_tasksinit.o(i.User_Tasks_Init)
    i.__0printf                              0x0800197c   Section        0  printfa.o(i.__0printf)
    i.__NVIC_SetPriority                     0x0800199c   Section        0  stm32f4xx_hal_cortex.o(i.__NVIC_SetPriority)
    __NVIC_SetPriority                       0x0800199d   Thumb Code    32  stm32f4xx_hal_cortex.o(i.__NVIC_SetPriority)
    i.__scatterload_copy                     0x080019bc   Section       14  handlers.o(i.__scatterload_copy)
    i.__scatterload_null                     0x080019ca   Section        2  handlers.o(i.__scatterload_null)
    i.__scatterload_zeroinit                 0x080019cc   Section       14  handlers.o(i.__scatterload_zeroinit)
    i._fp_digits                             0x080019dc   Section        0  printfa.o(i._fp_digits)
    _fp_digits                               0x080019dd   Thumb Code   366  printfa.o(i._fp_digits)
    i._printf_core                           0x08001b60   Section        0  printfa.o(i._printf_core)
    _printf_core                             0x08001b61   Thumb Code  1704  printfa.o(i._printf_core)
    i._printf_post_padding                   0x08002214   Section        0  printfa.o(i._printf_post_padding)
    _printf_post_padding                     0x08002215   Thumb Code    36  printfa.o(i._printf_post_padding)
    i._printf_pre_padding                    0x08002238   Section        0  printfa.o(i._printf_pre_padding)
    _printf_pre_padding                      0x08002239   Thumb Code    46  printfa.o(i._printf_pre_padding)
    i.delay_init                             0x08002268   Section        0  delay.o(i.delay_init)
    i.fputc                                  0x080022b4   Section        0  usart.o(i.fputc)
    i.main                                   0x080022cc   Section        0  main.o(i.main)
    i.osKernelInitialize                     0x08002308   Section        0  cmsis_os2.o(i.osKernelInitialize)
    i.prvAddCurrentTaskToDelayedList         0x0800232c   Section        0  tasks.o(i.prvAddCurrentTaskToDelayedList)
    prvAddCurrentTaskToDelayedList           0x0800232d   Thumb Code    84  tasks.o(i.prvAddCurrentTaskToDelayedList)
    i.prvAddNewTaskToReadyList               0x08002388   Section        0  tasks.o(i.prvAddNewTaskToReadyList)
    prvAddNewTaskToReadyList                 0x08002389   Thumb Code   190  tasks.o(i.prvAddNewTaskToReadyList)
    i.prvCheckForValidListAndQueue           0x08002458   Section        0  timers.o(i.prvCheckForValidListAndQueue)
    prvCheckForValidListAndQueue             0x08002459   Thumb Code    72  timers.o(i.prvCheckForValidListAndQueue)
    i.prvCopyDataFromQueue                   0x080024b0   Section        0  queue.o(i.prvCopyDataFromQueue)
    prvCopyDataFromQueue                     0x080024b1   Thumb Code    38  queue.o(i.prvCopyDataFromQueue)
    i.prvCopyDataToQueue                     0x080024d6   Section        0  queue.o(i.prvCopyDataToQueue)
    prvCopyDataToQueue                       0x080024d7   Thumb Code   108  queue.o(i.prvCopyDataToQueue)
    i.prvDeleteTCB                           0x08002542   Section        0  tasks.o(i.prvDeleteTCB)
    prvDeleteTCB                             0x08002543   Thumb Code    52  tasks.o(i.prvDeleteTCB)
    i.prvHeapInit                            0x08002578   Section        0  heap_4.o(i.prvHeapInit)
    prvHeapInit                              0x08002579   Thumb Code    66  heap_4.o(i.prvHeapInit)
    i.prvIdleTask                            0x080025c4   Section        0  tasks.o(i.prvIdleTask)
    prvIdleTask                              0x080025c5   Thumb Code    82  tasks.o(i.prvIdleTask)
    i.prvInitialiseNewQueue                  0x08002624   Section        0  queue.o(i.prvInitialiseNewQueue)
    prvInitialiseNewQueue                    0x08002625   Thumb Code    38  queue.o(i.prvInitialiseNewQueue)
    i.prvInitialiseNewTask                   0x0800264c   Section        0  tasks.o(i.prvInitialiseNewTask)
    prvInitialiseNewTask                     0x0800264d   Thumb Code   176  tasks.o(i.prvInitialiseNewTask)
    i.prvInsertBlockIntoFreeList             0x080026fc   Section        0  heap_4.o(i.prvInsertBlockIntoFreeList)
    prvInsertBlockIntoFreeList               0x080026fd   Thumb Code    72  heap_4.o(i.prvInsertBlockIntoFreeList)
    i.prvInsertTimerInActiveList             0x08002748   Section        0  timers.o(i.prvInsertTimerInActiveList)
    prvInsertTimerInActiveList               0x08002749   Thumb Code    52  timers.o(i.prvInsertTimerInActiveList)
    i.prvIsQueueEmpty                        0x08002780   Section        0  queue.o(i.prvIsQueueEmpty)
    prvIsQueueEmpty                          0x08002781   Thumb Code    28  queue.o(i.prvIsQueueEmpty)
    i.prvNotifyQueueSetContainer             0x0800279c   Section        0  queue.o(i.prvNotifyQueueSetContainer)
    prvNotifyQueueSetContainer               0x0800279d   Thumb Code   108  queue.o(i.prvNotifyQueueSetContainer)
    i.prvProcessReceivedCommands             0x08002808   Section        0  timers.o(i.prvProcessReceivedCommands)
    prvProcessReceivedCommands               0x08002809   Thumb Code   248  timers.o(i.prvProcessReceivedCommands)
    i.prvProcessTimerOrBlockTask             0x08002904   Section        0  timers.o(i.prvProcessTimerOrBlockTask)
    prvProcessTimerOrBlockTask               0x08002905   Thumb Code   182  timers.o(i.prvProcessTimerOrBlockTask)
    i.prvResetNextTaskUnblockTime            0x080029c4   Section        0  tasks.o(i.prvResetNextTaskUnblockTime)
    prvResetNextTaskUnblockTime              0x080029c5   Thumb Code    26  tasks.o(i.prvResetNextTaskUnblockTime)
    i.prvSampleTimeNow                       0x080029e4   Section        0  timers.o(i.prvSampleTimeNow)
    prvSampleTimeNow                         0x080029e5   Thumb Code    36  timers.o(i.prvSampleTimeNow)
    i.prvSwitchTimerLists                    0x08002a0c   Section        0  timers.o(i.prvSwitchTimerLists)
    prvSwitchTimerLists                      0x08002a0d   Thumb Code   104  timers.o(i.prvSwitchTimerLists)
    i.prvTaskExitError                       0x08002a78   Section        0  port.o(i.prvTaskExitError)
    prvTaskExitError                         0x08002a79   Thumb Code    36  port.o(i.prvTaskExitError)
    i.prvTimerTask                           0x08002aa0   Section        0  timers.o(i.prvTimerTask)
    prvTimerTask                             0x08002aa1   Thumb Code    32  timers.o(i.prvTimerTask)
    i.prvUnlockQueue                         0x08002ac4   Section        0  queue.o(i.prvUnlockQueue)
    prvUnlockQueue                           0x08002ac5   Thumb Code   118  queue.o(i.prvUnlockQueue)
    i.pvPortMalloc                           0x08002b3c   Section        0  heap_4.o(i.pvPortMalloc)
    i.pxPortInitialiseStack                  0x08002c18   Section        0  port.o(i.pxPortInitialiseStack)
    i.uxListRemove                           0x08002c44   Section        0  list.o(i.uxListRemove)
    i.vApplicationGetIdleTaskMemory          0x08002c6c   Section        0  cmsis_os2.o(i.vApplicationGetIdleTaskMemory)
    i.vApplicationGetTimerTaskMemory         0x08002c80   Section        0  cmsis_os2.o(i.vApplicationGetTimerTaskMemory)
    i.vListInitialise                        0x08002c98   Section        0  list.o(i.vListInitialise)
    i.vListInitialiseItem                    0x08002cae   Section        0  list.o(i.vListInitialiseItem)
    i.vListInsert                            0x08002cb4   Section        0  list.o(i.vListInsert)
    i.vListInsertEnd                         0x08002ce4   Section        0  list.o(i.vListInsertEnd)
    i.vPortEnterCritical                     0x08002cfc   Section        0  port.o(i.vPortEnterCritical)
    i.vPortExitCritical                      0x08002d3c   Section        0  port.o(i.vPortExitCritical)
    i.vPortFree                              0x08002d64   Section        0  heap_4.o(i.vPortFree)
    i.vPortSetupTimerInterrupt               0x08002dc8   Section        0  port.o(i.vPortSetupTimerInterrupt)
    i.vPortValidateInterruptPriority         0x08002dec   Section        0  port.o(i.vPortValidateInterruptPriority)
    i.vQueueAddToRegistry                    0x08002e40   Section        0  queue.o(i.vQueueAddToRegistry)
    i.vQueueWaitForMessageRestricted         0x08002e68   Section        0  queue.o(i.vQueueWaitForMessageRestricted)
    i.vTaskDelay                             0x08002eac   Section        0  tasks.o(i.vTaskDelay)
    i.vTaskInternalSetTimeOutState           0x08002ef8   Section        0  tasks.o(i.vTaskInternalSetTimeOutState)
    i.vTaskMissedYield                       0x08002f08   Section        0  tasks.o(i.vTaskMissedYield)
    i.vTaskPlaceOnEventList                  0x08002f14   Section        0  tasks.o(i.vTaskPlaceOnEventList)
    i.vTaskPlaceOnEventListRestricted        0x08002f44   Section        0  tasks.o(i.vTaskPlaceOnEventListRestricted)
    i.vTaskStartScheduler                    0x08002f7c   Section        0  tasks.o(i.vTaskStartScheduler)
    i.vTaskSuspendAll                        0x08003004   Section        0  tasks.o(i.vTaskSuspendAll)
    i.vTaskSwitchContext                     0x08003014   Section        0  tasks.o(i.vTaskSwitchContext)
    i.xPortStartScheduler                    0x08003078   Section        0  port.o(i.xPortStartScheduler)
    i.xPortSysTickHandler                    0x0800316c   Section        0  port.o(i.xPortSysTickHandler)
    i.xQueueGenericCreateStatic              0x08003198   Section        0  queue.o(i.xQueueGenericCreateStatic)
    i.xQueueGenericReset                     0x08003200   Section        0  queue.o(i.xQueueGenericReset)
    i.xQueueGenericSend                      0x08003288   Section        0  queue.o(i.xQueueGenericSend)
    i.xQueueGenericSendFromISR               0x08003400   Section        0  queue.o(i.xQueueGenericSendFromISR)
    i.xQueueReceive                          0x080034d8   Section        0  queue.o(i.xQueueReceive)
    i.xTaskCheckForTimeOut                   0x08003610   Section        0  tasks.o(i.xTaskCheckForTimeOut)
    i.xTaskCreate                            0x08003684   Section        0  tasks.o(i.xTaskCreate)
    i.xTaskCreateStatic                      0x080036de   Section        0  tasks.o(i.xTaskCreateStatic)
    i.xTaskGetSchedulerState                 0x08003734   Section        0  tasks.o(i.xTaskGetSchedulerState)
    i.xTaskGetTickCount                      0x08003750   Section        0  tasks.o(i.xTaskGetTickCount)
    i.xTaskIncrementTick                     0x0800375c   Section        0  tasks.o(i.xTaskIncrementTick)
    i.xTaskPriorityDisinherit                0x08003824   Section        0  tasks.o(i.xTaskPriorityDisinherit)
    i.xTaskRemoveFromEventList               0x080038a4   Section        0  tasks.o(i.xTaskRemoveFromEventList)
    i.xTaskResumeAll                         0x08003914   Section        0  tasks.o(i.xTaskResumeAll)
    i.xTimerCreateTimerTask                  0x080039d8   Section        0  timers.o(i.xTimerCreateTimerTask)
    i.xTimerGenericCommand                   0x08003a38   Section        0  timers.o(i.xTimerGenericCommand)
    .constdata                               0x08003aa0   Section       14  pwm1.o(.constdata)
    OFFSET_TAB_CCMRx                         0x08003aa0   Data           7  pwm1.o(.constdata)
    SHIFT_TAB_OCxx                           0x08003aa7   Data           7  pwm1.o(.constdata)
    .constdata                               0x08003aae   Section       16  system_stm32f4xx.o(.constdata)
    .constdata                               0x08003abe   Section        8  system_stm32f4xx.o(.constdata)
    .data                                    0x20000000   Section       12  stm32f4xx_hal.o(.data)
    .data                                    0x2000000c   Section        4  system_stm32f4xx.o(.data)
    .data                                    0x20000010   Section       60  tasks.o(.data)
    uxDeletedTasksWaitingCleanUp             0x20000014   Data           4  tasks.o(.data)
    uxCurrentNumberOfTasks                   0x20000018   Data           4  tasks.o(.data)
    xTickCount                               0x2000001c   Data           4  tasks.o(.data)
    uxTopReadyPriority                       0x20000020   Data           4  tasks.o(.data)
    xSchedulerRunning                        0x20000024   Data           4  tasks.o(.data)
    xPendedTicks                             0x20000028   Data           4  tasks.o(.data)
    xYieldPending                            0x2000002c   Data           4  tasks.o(.data)
    xNumOfOverflows                          0x20000030   Data           4  tasks.o(.data)
    uxTaskNumber                             0x20000034   Data           4  tasks.o(.data)
    xNextTaskUnblockTime                     0x20000038   Data           4  tasks.o(.data)
    xIdleTaskHandle                          0x2000003c   Data           4  tasks.o(.data)
    uxSchedulerSuspended                     0x20000040   Data           4  tasks.o(.data)
    pxDelayedTaskList                        0x20000044   Data           4  tasks.o(.data)
    pxOverflowDelayedTaskList                0x20000048   Data           4  tasks.o(.data)
    .data                                    0x2000004c   Section       20  timers.o(.data)
    xTimerQueue                              0x2000004c   Data           4  timers.o(.data)
    xTimerTaskHandle                         0x20000050   Data           4  timers.o(.data)
    xLastTime                                0x20000054   Data           4  timers.o(.data)
    pxCurrentTimerList                       0x20000058   Data           4  timers.o(.data)
    pxOverflowTimerList                      0x2000005c   Data           4  timers.o(.data)
    .data                                    0x20000060   Section        4  cmsis_os2.o(.data)
    KernelState                              0x20000060   Data           4  cmsis_os2.o(.data)
    .data                                    0x20000064   Section       32  heap_4.o(.data)
    pxEnd                                    0x20000064   Data           4  heap_4.o(.data)
    xFreeBytesRemaining                      0x20000068   Data           4  heap_4.o(.data)
    xMinimumEverFreeBytesRemaining           0x2000006c   Data           4  heap_4.o(.data)
    xNumberOfSuccessfulAllocations           0x20000070   Data           4  heap_4.o(.data)
    xNumberOfSuccessfulFrees                 0x20000074   Data           4  heap_4.o(.data)
    xBlockAllocatedBit                       0x20000078   Data           4  heap_4.o(.data)
    xStart                                   0x2000007c   Data           8  heap_4.o(.data)
    .data                                    0x20000084   Section       12  port.o(.data)
    ucMaxSysCallPriority                     0x20000084   Data           1  port.o(.data)
    uxCriticalNesting                        0x20000088   Data           4  port.o(.data)
    ulMaxPRIGROUPValue                       0x2000008c   Data           4  port.o(.data)
    .data                                    0x20000090   Section        4  delay.o(.data)
    g_fac_us                                 0x20000090   Data           4  delay.o(.data)
    .data                                    0x20000094   Section        8  user_tasksinit.o(.data)
    .data                                    0x2000009c   Section        4  stdout.o(.data)
    .bss                                     0x200000a0   Section       72  stm32f4xx_hal_timebase_tim.o(.bss)
    .bss                                     0x200000e8   Section       64  queue.o(.bss)
    .bss                                     0x20000128   Section     1220  tasks.o(.bss)
    pxReadyTasksLists                        0x20000128   Data        1120  tasks.o(.bss)
    xDelayedTaskList1                        0x20000588   Data          20  tasks.o(.bss)
    xDelayedTaskList2                        0x2000059c   Data          20  tasks.o(.bss)
    xPendingReadyList                        0x200005b0   Data          20  tasks.o(.bss)
    xTasksWaitingTermination                 0x200005c4   Data          20  tasks.o(.bss)
    xSuspendedTaskList                       0x200005d8   Data          20  tasks.o(.bss)
    .bss                                     0x200005ec   Section      284  timers.o(.bss)
    xStaticTimerQueue                        0x200005ec   Data          84  timers.o(.bss)
    ucStaticTimerQueueStorage                0x20000640   Data         160  timers.o(.bss)
    xActiveTimerList1                        0x200006e0   Data          20  timers.o(.bss)
    xActiveTimerList2                        0x200006f4   Data          20  timers.o(.bss)
    .bss                                     0x20000708   Section     1720  cmsis_os2.o(.bss)
    Idle_TCB                                 0x20000708   Data          92  cmsis_os2.o(.bss)
    Idle_Stack                               0x20000764   Data         512  cmsis_os2.o(.bss)
    Timer_TCB                                0x20000964   Data          92  cmsis_os2.o(.bss)
    Timer_Stack                              0x200009c0   Data        1024  cmsis_os2.o(.bss)
    .bss                                     0x20000dc0   Section    15360  heap_4.o(.bss)
    ucHeap                                   0x20000dc0   Data       15360  heap_4.o(.bss)
    STACK                                    0x200049c0   Section     1024  startup_stm32f407xx.o(STACK)

    Global Symbols

    Symbol Name                              Value     Ov Type        Size  Object(Section)

    BuildAttributes$$THM_ISAv4$E$P$D$K$B$S$7EM$VFPi3$EXTD16$VFPS$VFMA$PE$A:L22UL41UL21$X:L11$S22US41US21$IEEE1$IW$USESV6$~STKCKD$USESV7$~SHL$OTIME$ROPI$IEEEX$EBA8$MICROLIB$REQ8$PRES8$EABIv2 0x00000000   Number         0  anon$$obj.o ABSOLUTE
    __ARM_use_no_argv                        0x00000000   Number         0  main.o ABSOLUTE
    _printf_a                                0x00000000   Number         0  stubs.o ABSOLUTE
    _printf_c                                0x00000000   Number         0  stubs.o ABSOLUTE
    _printf_charcount                        0x00000000   Number         0  stubs.o ABSOLUTE
    _printf_d                                0x00000000   Number         0  stubs.o ABSOLUTE
    _printf_e                                0x00000000   Number         0  stubs.o ABSOLUTE
    _printf_f                                0x00000000   Number         0  stubs.o ABSOLUTE
    _printf_flags                            0x00000000   Number         0  stubs.o ABSOLUTE
    _printf_fp_dec                           0x00000000   Number         0  stubs.o ABSOLUTE
    _printf_fp_hex                           0x00000000   Number         0  stubs.o ABSOLUTE
    _printf_g                                0x00000000   Number         0  stubs.o ABSOLUTE
    _printf_i                                0x00000000   Number         0  stubs.o ABSOLUTE
    _printf_int_dec                          0x00000000   Number         0  stubs.o ABSOLUTE
    _printf_l                                0x00000000   Number         0  stubs.o ABSOLUTE
    _printf_lc                               0x00000000   Number         0  stubs.o ABSOLUTE
    _printf_ll                               0x00000000   Number         0  stubs.o ABSOLUTE
    _printf_lld                              0x00000000   Number         0  stubs.o ABSOLUTE
    _printf_lli                              0x00000000   Number         0  stubs.o ABSOLUTE
    _printf_llo                              0x00000000   Number         0  stubs.o ABSOLUTE
    _printf_llu                              0x00000000   Number         0  stubs.o ABSOLUTE
    _printf_llx                              0x00000000   Number         0  stubs.o ABSOLUTE
    _printf_longlong_dec                     0x00000000   Number         0  stubs.o ABSOLUTE
    _printf_longlong_hex                     0x00000000   Number         0  stubs.o ABSOLUTE
    _printf_longlong_oct                     0x00000000   Number         0  stubs.o ABSOLUTE
    _printf_ls                               0x00000000   Number         0  stubs.o ABSOLUTE
    _printf_mbtowc                           0x00000000   Number         0  stubs.o ABSOLUTE
    _printf_n                                0x00000000   Number         0  stubs.o ABSOLUTE
    _printf_o                                0x00000000   Number         0  stubs.o ABSOLUTE
    _printf_p                                0x00000000   Number         0  stubs.o ABSOLUTE
    _printf_percent                          0x00000000   Number         0  stubs.o ABSOLUTE
    _printf_pre_padding                      0x00000000   Number         0  stubs.o ABSOLUTE
    _printf_return_value                     0x00000000   Number         0  stubs.o ABSOLUTE
    _printf_s                                0x00000000   Number         0  stubs.o ABSOLUTE
    _printf_sizespec                         0x00000000   Number         0  stubs.o ABSOLUTE
    _printf_str                              0x00000000   Number         0  stubs.o ABSOLUTE
    _printf_truncate_signed                  0x00000000   Number         0  stubs.o ABSOLUTE
    _printf_truncate_unsigned                0x00000000   Number         0  stubs.o ABSOLUTE
    _printf_u                                0x00000000   Number         0  stubs.o ABSOLUTE
    _printf_wc                               0x00000000   Number         0  stubs.o ABSOLUTE
    _printf_wctomb                           0x00000000   Number         0  stubs.o ABSOLUTE
    _printf_widthprec                        0x00000000   Number         0  stubs.o ABSOLUTE
    _printf_x                                0x00000000   Number         0  stubs.o ABSOLUTE
    __arm_fini_                               - Undefined Weak Reference
    __cpp_initialize__aeabi_                  - Undefined Weak Reference
    __cxa_finalize                            - Undefined Weak Reference
    __decompress                              - Undefined Weak Reference
    _clock_init                               - Undefined Weak Reference
    _microlib_exit                            - Undefined Weak Reference
    __Vectors_Size                           0x00000188   Number         0  startup_stm32f407xx.o ABSOLUTE
    __Vectors                                0x08000000   Data           4  startup_stm32f407xx.o(RESET)
    __Vectors_End                            0x08000188   Data           0  startup_stm32f407xx.o(RESET)
    __main                                   0x08000189   Thumb Code     0  entry.o(.ARM.Collect$$$$00000000)
    _main_stk                                0x08000189   Thumb Code     0  entry2.o(.ARM.Collect$$$$00000001)
    _main_scatterload                        0x0800018d   Thumb Code     0  entry5.o(.ARM.Collect$$$$00000004)
    __main_after_scatterload                 0x08000191   Thumb Code     0  entry5.o(.ARM.Collect$$$$00000004)
    _main_clock                              0x08000191   Thumb Code     0  entry7b.o(.ARM.Collect$$$$00000008)
    _main_cpp_init                           0x08000191   Thumb Code     0  entry8b.o(.ARM.Collect$$$$0000000A)
    _main_init                               0x08000191   Thumb Code     0  entry9a.o(.ARM.Collect$$$$0000000B)
    __rt_lib_shutdown_fini                   0x08000199   Thumb Code     0  entry12b.o(.ARM.Collect$$$$0000000E)
    __rt_final_cpp                           0x0800019d   Thumb Code     0  entry10a.o(.ARM.Collect$$$$0000000F)
    __rt_final_exit                          0x0800019d   Thumb Code     0  entry11a.o(.ARM.Collect$$$$00000011)
    SVC_Handler                              0x080001a1   Thumb Code    28  port.o(.emb_text)
    __asm___6_port_c_39a90d8d__prvStartFirstTask 0x080001c1   Thumb Code    36  port.o(.emb_text)
    __asm___6_port_c_39a90d8d__prvEnableVFP  0x080001e9   Thumb Code    16  port.o(.emb_text)
    PendSV_Handler                           0x080001fd   Thumb Code    88  port.o(.emb_text)
    vPortGetIPSR                             0x08000259   Thumb Code     6  port.o(.emb_text)
    Reset_Handler                            0x08000261   Thumb Code     8  startup_stm32f407xx.o(.text)
    ADC_IRQHandler                           0x0800027b   Thumb Code     0  startup_stm32f407xx.o(.text)
    CAN1_RX0_IRQHandler                      0x0800027b   Thumb Code     0  startup_stm32f407xx.o(.text)
    CAN1_RX1_IRQHandler                      0x0800027b   Thumb Code     0  startup_stm32f407xx.o(.text)
    CAN1_SCE_IRQHandler                      0x0800027b   Thumb Code     0  startup_stm32f407xx.o(.text)
    CAN1_TX_IRQHandler                       0x0800027b   Thumb Code     0  startup_stm32f407xx.o(.text)
    CAN2_RX0_IRQHandler                      0x0800027b   Thumb Code     0  startup_stm32f407xx.o(.text)
    CAN2_RX1_IRQHandler                      0x0800027b   Thumb Code     0  startup_stm32f407xx.o(.text)
    CAN2_SCE_IRQHandler                      0x0800027b   Thumb Code     0  startup_stm32f407xx.o(.text)
    CAN2_TX_IRQHandler                       0x0800027b   Thumb Code     0  startup_stm32f407xx.o(.text)
    DCMI_IRQHandler                          0x0800027b   Thumb Code     0  startup_stm32f407xx.o(.text)
    DMA1_Stream0_IRQHandler                  0x0800027b   Thumb Code     0  startup_stm32f407xx.o(.text)
    DMA1_Stream1_IRQHandler                  0x0800027b   Thumb Code     0  startup_stm32f407xx.o(.text)
    DMA1_Stream2_IRQHandler                  0x0800027b   Thumb Code     0  startup_stm32f407xx.o(.text)
    DMA1_Stream3_IRQHandler                  0x0800027b   Thumb Code     0  startup_stm32f407xx.o(.text)
    DMA1_Stream4_IRQHandler                  0x0800027b   Thumb Code     0  startup_stm32f407xx.o(.text)
    DMA1_Stream5_IRQHandler                  0x0800027b   Thumb Code     0  startup_stm32f407xx.o(.text)
    DMA1_Stream6_IRQHandler                  0x0800027b   Thumb Code     0  startup_stm32f407xx.o(.text)
    DMA1_Stream7_IRQHandler                  0x0800027b   Thumb Code     0  startup_stm32f407xx.o(.text)
    DMA2_Stream0_IRQHandler                  0x0800027b   Thumb Code     0  startup_stm32f407xx.o(.text)
    DMA2_Stream1_IRQHandler                  0x0800027b   Thumb Code     0  startup_stm32f407xx.o(.text)
    DMA2_Stream2_IRQHandler                  0x0800027b   Thumb Code     0  startup_stm32f407xx.o(.text)
    DMA2_Stream3_IRQHandler                  0x0800027b   Thumb Code     0  startup_stm32f407xx.o(.text)
    DMA2_Stream4_IRQHandler                  0x0800027b   Thumb Code     0  startup_stm32f407xx.o(.text)
    DMA2_Stream5_IRQHandler                  0x0800027b   Thumb Code     0  startup_stm32f407xx.o(.text)
    DMA2_Stream6_IRQHandler                  0x0800027b   Thumb Code     0  startup_stm32f407xx.o(.text)
    DMA2_Stream7_IRQHandler                  0x0800027b   Thumb Code     0  startup_stm32f407xx.o(.text)
    ETH_IRQHandler                           0x0800027b   Thumb Code     0  startup_stm32f407xx.o(.text)
    ETH_WKUP_IRQHandler                      0x0800027b   Thumb Code     0  startup_stm32f407xx.o(.text)
    EXTI0_IRQHandler                         0x0800027b   Thumb Code     0  startup_stm32f407xx.o(.text)
    EXTI15_10_IRQHandler                     0x0800027b   Thumb Code     0  startup_stm32f407xx.o(.text)
    EXTI1_IRQHandler                         0x0800027b   Thumb Code     0  startup_stm32f407xx.o(.text)
    EXTI2_IRQHandler                         0x0800027b   Thumb Code     0  startup_stm32f407xx.o(.text)
    EXTI3_IRQHandler                         0x0800027b   Thumb Code     0  startup_stm32f407xx.o(.text)
    EXTI4_IRQHandler                         0x0800027b   Thumb Code     0  startup_stm32f407xx.o(.text)
    EXTI9_5_IRQHandler                       0x0800027b   Thumb Code     0  startup_stm32f407xx.o(.text)
    FLASH_IRQHandler                         0x0800027b   Thumb Code     0  startup_stm32f407xx.o(.text)
    FMC_IRQHandler                           0x0800027b   Thumb Code     0  startup_stm32f407xx.o(.text)
    FPU_IRQHandler                           0x0800027b   Thumb Code     0  startup_stm32f407xx.o(.text)
    HASH_RNG_IRQHandler                      0x0800027b   Thumb Code     0  startup_stm32f407xx.o(.text)
    I2C1_ER_IRQHandler                       0x0800027b   Thumb Code     0  startup_stm32f407xx.o(.text)
    I2C1_EV_IRQHandler                       0x0800027b   Thumb Code     0  startup_stm32f407xx.o(.text)
    I2C2_ER_IRQHandler                       0x0800027b   Thumb Code     0  startup_stm32f407xx.o(.text)
    I2C2_EV_IRQHandler                       0x0800027b   Thumb Code     0  startup_stm32f407xx.o(.text)
    I2C3_ER_IRQHandler                       0x0800027b   Thumb Code     0  startup_stm32f407xx.o(.text)
    I2C3_EV_IRQHandler                       0x0800027b   Thumb Code     0  startup_stm32f407xx.o(.text)
    OTG_FS_IRQHandler                        0x0800027b   Thumb Code     0  startup_stm32f407xx.o(.text)
    OTG_FS_WKUP_IRQHandler                   0x0800027b   Thumb Code     0  startup_stm32f407xx.o(.text)
    OTG_HS_EP1_IN_IRQHandler                 0x0800027b   Thumb Code     0  startup_stm32f407xx.o(.text)
    OTG_HS_EP1_OUT_IRQHandler                0x0800027b   Thumb Code     0  startup_stm32f407xx.o(.text)
    OTG_HS_IRQHandler                        0x0800027b   Thumb Code     0  startup_stm32f407xx.o(.text)
    OTG_HS_WKUP_IRQHandler                   0x0800027b   Thumb Code     0  startup_stm32f407xx.o(.text)
    PVD_IRQHandler                           0x0800027b   Thumb Code     0  startup_stm32f407xx.o(.text)
    RCC_IRQHandler                           0x0800027b   Thumb Code     0  startup_stm32f407xx.o(.text)
    RTC_Alarm_IRQHandler                     0x0800027b   Thumb Code     0  startup_stm32f407xx.o(.text)
    RTC_WKUP_IRQHandler                      0x0800027b   Thumb Code     0  startup_stm32f407xx.o(.text)
    SDIO_IRQHandler                          0x0800027b   Thumb Code     0  startup_stm32f407xx.o(.text)
    SPI1_IRQHandler                          0x0800027b   Thumb Code     0  startup_stm32f407xx.o(.text)
    SPI2_IRQHandler                          0x0800027b   Thumb Code     0  startup_stm32f407xx.o(.text)
    SPI3_IRQHandler                          0x0800027b   Thumb Code     0  startup_stm32f407xx.o(.text)
    TAMP_STAMP_IRQHandler                    0x0800027b   Thumb Code     0  startup_stm32f407xx.o(.text)
    TIM1_BRK_TIM9_IRQHandler                 0x0800027b   Thumb Code     0  startup_stm32f407xx.o(.text)
    TIM1_CC_IRQHandler                       0x0800027b   Thumb Code     0  startup_stm32f407xx.o(.text)
    TIM1_TRG_COM_TIM11_IRQHandler            0x0800027b   Thumb Code     0  startup_stm32f407xx.o(.text)
    TIM1_UP_TIM10_IRQHandler                 0x0800027b   Thumb Code     0  startup_stm32f407xx.o(.text)
    TIM2_IRQHandler                          0x0800027b   Thumb Code     0  startup_stm32f407xx.o(.text)
    TIM3_IRQHandler                          0x0800027b   Thumb Code     0  startup_stm32f407xx.o(.text)
    TIM5_IRQHandler                          0x0800027b   Thumb Code     0  startup_stm32f407xx.o(.text)
    TIM8_BRK_TIM12_IRQHandler                0x0800027b   Thumb Code     0  startup_stm32f407xx.o(.text)
    TIM8_CC_IRQHandler                       0x0800027b   Thumb Code     0  startup_stm32f407xx.o(.text)
    TIM8_TRG_COM_TIM14_IRQHandler            0x0800027b   Thumb Code     0  startup_stm32f407xx.o(.text)
    TIM8_UP_TIM13_IRQHandler                 0x0800027b   Thumb Code     0  startup_stm32f407xx.o(.text)
    UART4_IRQHandler                         0x0800027b   Thumb Code     0  startup_stm32f407xx.o(.text)
    UART5_IRQHandler                         0x0800027b   Thumb Code     0  startup_stm32f407xx.o(.text)
    USART1_IRQHandler                        0x0800027b   Thumb Code     0  startup_stm32f407xx.o(.text)
    USART2_IRQHandler                        0x0800027b   Thumb Code     0  startup_stm32f407xx.o(.text)
    USART3_IRQHandler                        0x0800027b   Thumb Code     0  startup_stm32f407xx.o(.text)
    USART6_IRQHandler                        0x0800027b   Thumb Code     0  startup_stm32f407xx.o(.text)
    WWDG_IRQHandler                          0x0800027b   Thumb Code     0  startup_stm32f407xx.o(.text)
    __aeabi_uldivmod                         0x08000285   Thumb Code    98  uldiv.o(.text)
    __aeabi_memcpy                           0x080002e7   Thumb Code    36  memcpya.o(.text)
    __aeabi_memcpy4                          0x080002e7   Thumb Code     0  memcpya.o(.text)
    __aeabi_memcpy8                          0x080002e7   Thumb Code     0  memcpya.o(.text)
    __aeabi_memset                           0x0800030b   Thumb Code    14  memseta.o(.text)
    __aeabi_memset4                          0x0800030b   Thumb Code     0  memseta.o(.text)
    __aeabi_memset8                          0x0800030b   Thumb Code     0  memseta.o(.text)
    __aeabi_memclr                           0x08000319   Thumb Code     4  memseta.o(.text)
    __aeabi_memclr4                          0x08000319   Thumb Code     0  memseta.o(.text)
    __aeabi_memclr8                          0x08000319   Thumb Code     0  memseta.o(.text)
    memset                                   0x0800031d   Thumb Code    18  memseta.o(.text)
    __aeabi_dadd                             0x0800032f   Thumb Code   322  dadd.o(.text)
    __aeabi_dsub                             0x08000471   Thumb Code     6  dadd.o(.text)
    __aeabi_drsub                            0x08000477   Thumb Code     6  dadd.o(.text)
    __aeabi_dmul                             0x0800047d   Thumb Code   228  dmul.o(.text)
    __aeabi_ddiv                             0x08000561   Thumb Code   222  ddiv.o(.text)
    __aeabi_cdrcmple                         0x08000641   Thumb Code    48  cdrcmple.o(.text)
    __aeabi_uidiv                            0x08000671   Thumb Code     0  uidiv.o(.text)
    __aeabi_uidivmod                         0x08000671   Thumb Code    44  uidiv.o(.text)
    __aeabi_llsl                             0x0800069d   Thumb Code    30  llshl.o(.text)
    _ll_shift_l                              0x0800069d   Thumb Code     0  llshl.o(.text)
    __aeabi_llsr                             0x080006bb   Thumb Code    32  llushr.o(.text)
    _ll_ushift_r                             0x080006bb   Thumb Code     0  llushr.o(.text)
    __aeabi_lasr                             0x080006db   Thumb Code    36  llsshr.o(.text)
    _ll_sshift_r                             0x080006db   Thumb Code     0  llsshr.o(.text)
    __I$use$fp                               0x080006ff   Thumb Code     0  iusefp.o(.text)
    _double_round                            0x080006ff   Thumb Code    30  depilogue.o(.text)
    _double_epilogue                         0x0800071d   Thumb Code   156  depilogue.o(.text)
    __aeabi_d2ulz                            0x080007b9   Thumb Code    48  dfixul.o(.text)
    __scatterload                            0x080007e9   Thumb Code    28  init.o(.text)
    __scatterload_rt2                        0x080007e9   Thumb Code     0  init.o(.text)
    BusFault_Handler                         0x0800080d   Thumb Code     2  stm32f4xx_it.o(i.BusFault_Handler)
    DebugMon_Handler                         0x0800080f   Thumb Code     2  stm32f4xx_it.o(i.DebugMon_Handler)
    HAL_IncTick                              0x08000811   Thumb Code    12  stm32f4xx_hal.o(i.HAL_IncTick)
    HAL_Init                                 0x08000821   Thumb Code    48  stm32f4xx_hal.o(i.HAL_Init)
    HAL_InitTick                             0x08000855   Thumb Code   132  stm32f4xx_hal_timebase_tim.o(i.HAL_InitTick)
    HAL_MspInit                              0x080008ed   Thumb Code    52  stm32f4xx_hal_msp.o(i.HAL_MspInit)
    HAL_NVIC_EnableIRQ                       0x08000925   Thumb Code    26  stm32f4xx_hal_cortex.o(i.HAL_NVIC_EnableIRQ)
    HAL_NVIC_SetPriority                     0x08000941   Thumb Code    60  stm32f4xx_hal_cortex.o(i.HAL_NVIC_SetPriority)
    HAL_NVIC_SetPriorityGrouping             0x08000981   Thumb Code    26  stm32f4xx_hal_cortex.o(i.HAL_NVIC_SetPriorityGrouping)
    HAL_RCC_GetClockConfig                   0x080009a5   Thumb Code    54  stm32f4xx_hal_rcc.o(i.HAL_RCC_GetClockConfig)
    HAL_RCC_GetPCLK1Freq                     0x080009e5   Thumb Code    20  stm32f4xx_hal_rcc.o(i.HAL_RCC_GetPCLK1Freq)
    HAL_TIMEx_BreakCallback                  0x08000a05   Thumb Code     2  stm32f4xx_hal_tim_ex.o(i.HAL_TIMEx_BreakCallback)
    HAL_TIMEx_CommutCallback                 0x08000a07   Thumb Code     2  stm32f4xx_hal_tim_ex.o(i.HAL_TIMEx_CommutCallback)
    HAL_TIM_Base_Init                        0x08000a09   Thumb Code    90  stm32f4xx_hal_tim.o(i.HAL_TIM_Base_Init)
    HAL_TIM_Base_MspInit                     0x08000a63   Thumb Code     2  stm32f4xx_hal_tim.o(i.HAL_TIM_Base_MspInit)
    HAL_TIM_Base_Start                       0x08000a65   Thumb Code    90  stm32f4xx_hal_tim.o(i.HAL_TIM_Base_Start)
    HAL_TIM_Base_Start_IT                    0x08000add   Thumb Code   100  stm32f4xx_hal_tim.o(i.HAL_TIM_Base_Start_IT)
    HAL_TIM_IC_CaptureCallback               0x08000b5d   Thumb Code     2  stm32f4xx_hal_tim.o(i.HAL_TIM_IC_CaptureCallback)
    HAL_TIM_IRQHandler                       0x08000b5f   Thumb Code   304  stm32f4xx_hal_tim.o(i.HAL_TIM_IRQHandler)
    HAL_TIM_OC_DelayElapsedCallback          0x08000c8f   Thumb Code     2  stm32f4xx_hal_tim.o(i.HAL_TIM_OC_DelayElapsedCallback)
    HAL_TIM_PWM_PulseFinishedCallback        0x08000c91   Thumb Code     2  stm32f4xx_hal_tim.o(i.HAL_TIM_PWM_PulseFinishedCallback)
    HAL_TIM_PeriodElapsedCallback            0x08000c95   Thumb Code    14  main.o(i.HAL_TIM_PeriodElapsedCallback)
    HAL_TIM_TriggerCallback                  0x08000ca9   Thumb Code     2  stm32f4xx_hal_tim.o(i.HAL_TIM_TriggerCallback)
    HardFault_Handler                        0x08000cab   Thumb Code     2  stm32f4xx_it.o(i.HardFault_Handler)
    Key_Init                                 0x08000cad   Thumb Code    62  key.o(i.Key_Init)
    LEDToggle_Task                           0x08000cf5   Thumb Code    16  user_tasksinit.o(i.LEDToggle_Task)
    LED_Init                                 0x08000d05   Thumb Code    64  led.o(i.LED_Init)
    LED_Reveral                              0x08000d4d   Thumb Code    22  led.o(i.LED_Reveral)
    LL_GPIO_Init                             0x08000d99   Thumb Code   310  stm32f4xx_ll_gpio.o(i.LL_GPIO_Init)
    LL_RCC_GetSystemClocksFreq               0x08000ecf   Thumb Code    32  stm32f4xx_ll_rcc.o(i.LL_RCC_GetSystemClocksFreq)
    LL_SPI_Init                              0x08000eef   Thumb Code   100  stm32f4xx_ll_spi.o(i.LL_SPI_Init)
    LL_SetSystemCoreClock                    0x08000f55   Thumb Code     6  stm32f4xx_ll_utils.o(i.LL_SetSystemCoreClock)
    LL_TIM_Init                              0x08000f61   Thumb Code   156  stm32f4xx_ll_tim.o(i.LL_TIM_Init)
    LL_TIM_OC_Init                           0x08001029   Thumb Code   446  stm32f4xx_ll_tim.o(i.LL_TIM_OC_Init)
    LL_USART_Init                            0x080011f1   Thumb Code   136  stm32f4xx_ll_usart.o(i.LL_USART_Init)
    MX_FREERTOS_Init                         0x08001341   Thumb Code     4  freertos.o(i.MX_FREERTOS_Init)
    MX_GPIO_Init                             0x08001345   Thumb Code    18  gpio.o(i.MX_GPIO_Init)
    MX_USART1_UART_Init                      0x08001359   Thumb Code   148  usart.o(i.MX_USART1_UART_Init)
    MemManage_Handler                        0x080013f9   Thumb Code     2  stm32f4xx_it.o(i.MemManage_Handler)
    NMI_Handler                              0x080013fb   Thumb Code     2  stm32f4xx_it.o(i.NMI_Handler)
    PWM1_Init                                0x080013fd   Thumb Code   222  pwm1.o(i.PWM1_Init)
    PWM1_SetDutyCycle                        0x080014ed   Thumb Code    20  pwm1.o(i.PWM1_SetDutyCycle)
    RCC_GetHCLKClockFreq                     0x08001505   Thumb Code    18  stm32f4xx_ll_rcc.o(i.RCC_GetHCLKClockFreq)
    RCC_GetPCLK1ClockFreq                    0x08001521   Thumb Code    20  stm32f4xx_ll_rcc.o(i.RCC_GetPCLK1ClockFreq)
    RCC_GetPCLK2ClockFreq                    0x0800153d   Thumb Code    20  stm32f4xx_ll_rcc.o(i.RCC_GetPCLK2ClockFreq)
    RCC_GetSystemClockFreq                   0x08001559   Thumb Code    30  stm32f4xx_ll_rcc.o(i.RCC_GetSystemClockFreq)
    RCC_PLL_GetFreqDomain_SYS                0x08001585   Thumb Code    68  stm32f4xx_ll_rcc.o(i.RCC_PLL_GetFreqDomain_SYS)
    SPI1_Init                                0x080015d5   Thumb Code   150  spihard.o(i.SPI1_Init)
    SPI1_Transmit                            0x08001679   Thumb Code    26  spihard.o(i.SPI1_Transmit)
    SPITEST_Task                             0x08001699   Thumb Code    24  user_tasksinit.o(i.SPITEST_Task)
    SysTick_Handler                          0x080016b1   Thumb Code    26  cmsis_os2.o(i.SysTick_Handler)
    SystemClock_Config                       0x080016cd   Thumb Code   188  main.o(i.SystemClock_Config)
    SystemInit                               0x080017a1   Thumb Code    12  system_stm32f4xx.o(i.SystemInit)
    TIM4_IRQHandler                          0x080017b1   Thumb Code     6  stm32f4xx_it.o(i.TIM4_IRQHandler)
    TIM6_DAC_IRQHandler                      0x080017bd   Thumb Code    26  timer.o(i.TIM6_DAC_IRQHandler)
    TIM7_IRQHandler                          0x08001801   Thumb Code    26  timer.o(i.TIM7_IRQHandler)
    TIM_Base_SetConfig                       0x08001845   Thumb Code   170  stm32f4xx_hal_tim.o(i.TIM_Base_SetConfig)
    UsageFault_Handler                       0x0800191d   Thumb Code     2  stm32f4xx_it.o(i.UsageFault_Handler)
    User_Tasks_Init                          0x08001921   Thumb Code    46  user_tasksinit.o(i.User_Tasks_Init)
    __0printf                                0x0800197d   Thumb Code    22  printfa.o(i.__0printf)
    __1printf                                0x0800197d   Thumb Code     0  printfa.o(i.__0printf)
    __2printf                                0x0800197d   Thumb Code     0  printfa.o(i.__0printf)
    __c89printf                              0x0800197d   Thumb Code     0  printfa.o(i.__0printf)
    printf                                   0x0800197d   Thumb Code     0  printfa.o(i.__0printf)
    __scatterload_copy                       0x080019bd   Thumb Code    14  handlers.o(i.__scatterload_copy)
    __scatterload_null                       0x080019cb   Thumb Code     2  handlers.o(i.__scatterload_null)
    __scatterload_zeroinit                   0x080019cd   Thumb Code    14  handlers.o(i.__scatterload_zeroinit)
    delay_init                               0x08002269   Thumb Code    64  delay.o(i.delay_init)
    fputc                                    0x080022b5   Thumb Code    18  usart.o(i.fputc)
    main                                     0x080022cd   Thumb Code    58  main.o(i.main)
    osKernelInitialize                       0x08002309   Thumb Code    32  cmsis_os2.o(i.osKernelInitialize)
    pvPortMalloc                             0x08002b3d   Thumb Code   216  heap_4.o(i.pvPortMalloc)
    pxPortInitialiseStack                    0x08002c19   Thumb Code    40  port.o(i.pxPortInitialiseStack)
    uxListRemove                             0x08002c45   Thumb Code    38  list.o(i.uxListRemove)
    vApplicationGetIdleTaskMemory            0x08002c6d   Thumb Code    16  cmsis_os2.o(i.vApplicationGetIdleTaskMemory)
    vApplicationGetTimerTaskMemory           0x08002c81   Thumb Code    18  cmsis_os2.o(i.vApplicationGetTimerTaskMemory)
    vListInitialise                          0x08002c99   Thumb Code    22  list.o(i.vListInitialise)
    vListInitialiseItem                      0x08002caf   Thumb Code     6  list.o(i.vListInitialiseItem)
    vListInsert                              0x08002cb5   Thumb Code    48  list.o(i.vListInsert)
    vListInsertEnd                           0x08002ce5   Thumb Code    24  list.o(i.vListInsertEnd)
    vPortEnterCritical                       0x08002cfd   Thumb Code    54  port.o(i.vPortEnterCritical)
    vPortExitCritical                        0x08002d3d   Thumb Code    34  port.o(i.vPortExitCritical)
    vPortFree                                0x08002d65   Thumb Code    94  heap_4.o(i.vPortFree)
    vPortSetupTimerInterrupt                 0x08002dc9   Thumb Code    32  port.o(i.vPortSetupTimerInterrupt)
    vPortValidateInterruptPriority           0x08002ded   Thumb Code    74  port.o(i.vPortValidateInterruptPriority)
    vQueueAddToRegistry                      0x08002e41   Thumb Code    34  queue.o(i.vQueueAddToRegistry)
    vQueueWaitForMessageRestricted           0x08002e69   Thumb Code    68  queue.o(i.vQueueWaitForMessageRestricted)
    vTaskDelay                               0x08002ead   Thumb Code    66  tasks.o(i.vTaskDelay)
    vTaskInternalSetTimeOutState             0x08002ef9   Thumb Code    12  tasks.o(i.vTaskInternalSetTimeOutState)
    vTaskMissedYield                         0x08002f09   Thumb Code     8  tasks.o(i.vTaskMissedYield)
    vTaskPlaceOnEventList                    0x08002f15   Thumb Code    44  tasks.o(i.vTaskPlaceOnEventList)
    vTaskPlaceOnEventListRestricted          0x08002f45   Thumb Code    52  tasks.o(i.vTaskPlaceOnEventListRestricted)
    vTaskStartScheduler                      0x08002f7d   Thumb Code   118  tasks.o(i.vTaskStartScheduler)
    vTaskSuspendAll                          0x08003005   Thumb Code    10  tasks.o(i.vTaskSuspendAll)
    vTaskSwitchContext                       0x08003015   Thumb Code    90  tasks.o(i.vTaskSwitchContext)
    xPortStartScheduler                      0x08003079   Thumb Code   222  port.o(i.xPortStartScheduler)
    xPortSysTickHandler                      0x0800316d   Thumb Code    38  port.o(i.xPortSysTickHandler)
    xQueueGenericCreateStatic                0x08003199   Thumb Code   102  queue.o(i.xQueueGenericCreateStatic)
    xQueueGenericReset                       0x08003201   Thumb Code   132  queue.o(i.xQueueGenericReset)
    xQueueGenericSend                        0x08003289   Thumb Code   372  queue.o(i.xQueueGenericSend)
    xQueueGenericSendFromISR                 0x08003401   Thumb Code   214  queue.o(i.xQueueGenericSendFromISR)
    xQueueReceive                            0x080034d9   Thumb Code   308  queue.o(i.xQueueReceive)
    xTaskCheckForTimeOut                     0x08003611   Thumb Code   112  tasks.o(i.xTaskCheckForTimeOut)
    xTaskCreate                              0x08003685   Thumb Code    90  tasks.o(i.xTaskCreate)
    xTaskCreateStatic                        0x080036df   Thumb Code    86  tasks.o(i.xTaskCreateStatic)
    xTaskGetSchedulerState                   0x08003735   Thumb Code    22  tasks.o(i.xTaskGetSchedulerState)
    xTaskGetTickCount                        0x08003751   Thumb Code     6  tasks.o(i.xTaskGetTickCount)
    xTaskIncrementTick                       0x0800375d   Thumb Code   192  tasks.o(i.xTaskIncrementTick)
    xTaskPriorityDisinherit                  0x08003825   Thumb Code   118  tasks.o(i.xTaskPriorityDisinherit)
    xTaskRemoveFromEventList                 0x080038a5   Thumb Code    98  tasks.o(i.xTaskRemoveFromEventList)
    xTaskResumeAll                           0x08003915   Thumb Code   182  tasks.o(i.xTaskResumeAll)
    xTimerCreateTimerTask                    0x080039d9   Thumb Code    78  timers.o(i.xTimerCreateTimerTask)
    xTimerGenericCommand                     0x08003a39   Thumb Code    98  timers.o(i.xTimerGenericCommand)
    AHBPrescTable                            0x08003aae   Data          16  system_stm32f4xx.o(.constdata)
    APBPrescTable                            0x08003abe   Data           8  system_stm32f4xx.o(.constdata)
    Region$$Table$$Base                      0x08003ac8   Number         0  anon$$obj.o(Region$$Table)
    Region$$Table$$Limit                     0x08003ae8   Number         0  anon$$obj.o(Region$$Table)
    uwTickFreq                               0x20000000   Data           1  stm32f4xx_hal.o(.data)
    uwTickPrio                               0x20000004   Data           4  stm32f4xx_hal.o(.data)
    uwTick                                   0x20000008   Data           4  stm32f4xx_hal.o(.data)
    SystemCoreClock                          0x2000000c   Data           4  system_stm32f4xx.o(.data)
    pxCurrentTCB                             0x20000010   Data           4  tasks.o(.data)
    SPITEST_Task_Handler                     0x20000094   Data           4  user_tasksinit.o(.data)
    LEDToggle_Task_Handler                   0x20000098   Data           4  user_tasksinit.o(.data)
    __stdout                                 0x2000009c   Data           4  stdout.o(.data)
    htim4                                    0x200000a0   Data          72  stm32f4xx_hal_timebase_tim.o(.bss)
    xQueueRegistry                           0x200000e8   Data          64  queue.o(.bss)
    __initial_sp                             0x20004dc0   Data           0  startup_stm32f407xx.o(STACK)



==============================================================================

Memory Map of the image

  Image Entry point : 0x08000189

  Load Region LR_IROM1 (Base: 0x08000000, Size: 0x00003b88, Max: 0x00100000, ABSOLUTE)

    Execution Region ER_IROM1 (Exec base: 0x08000000, Load base: 0x08000000, Size: 0x00003ae8, Max: 0x00100000, ABSOLUTE)

    Exec Addr    Load Addr    Size         Type   Attr      Idx    E Section Name        Object

    0x08000000   0x08000000   0x00000188   Data   RO            3    RESET               startup_stm32f407xx.o
    0x08000188   0x08000188   0x00000000   Code   RO         5793  * .ARM.Collect$$$$00000000  mc_w.l(entry.o)
    0x08000188   0x08000188   0x00000004   Code   RO         6130    .ARM.Collect$$$$00000001  mc_w.l(entry2.o)
    0x0800018c   0x0800018c   0x00000004   Code   RO         6133    .ARM.Collect$$$$00000004  mc_w.l(entry5.o)
    0x08000190   0x08000190   0x00000000   Code   RO         6135    .ARM.Collect$$$$00000008  mc_w.l(entry7b.o)
    0x08000190   0x08000190   0x00000000   Code   RO         6137    .ARM.Collect$$$$0000000A  mc_w.l(entry8b.o)
    0x08000190   0x08000190   0x00000008   Code   RO         6138    .ARM.Collect$$$$0000000B  mc_w.l(entry9a.o)
    0x08000198   0x08000198   0x00000004   Code   RO         6145    .ARM.Collect$$$$0000000E  mc_w.l(entry12b.o)
    0x0800019c   0x0800019c   0x00000000   Code   RO         6140    .ARM.Collect$$$$0000000F  mc_w.l(entry10a.o)
    0x0800019c   0x0800019c   0x00000000   Code   RO         6142    .ARM.Collect$$$$00000011  mc_w.l(entry11a.o)
    0x0800019c   0x0800019c   0x00000004   Code   RO         6131    .ARM.Collect$$$$00002712  mc_w.l(entry2.o)
    0x080001a0   0x080001a0   0x000000be   Code   RO         5191    .emb_text           port.o
    0x0800025e   0x0800025e   0x00000002   PAD
    0x08000260   0x08000260   0x00000024   Code   RO            4    .text               startup_stm32f407xx.o
    0x08000284   0x08000284   0x00000062   Code   RO         5796    .text               mc_w.l(uldiv.o)
    0x080002e6   0x080002e6   0x00000024   Code   RO         5798    .text               mc_w.l(memcpya.o)
    0x0800030a   0x0800030a   0x00000024   Code   RO         5802    .text               mc_w.l(memseta.o)
    0x0800032e   0x0800032e   0x0000014e   Code   RO         6073    .text               mf_w.l(dadd.o)
    0x0800047c   0x0800047c   0x000000e4   Code   RO         6075    .text               mf_w.l(dmul.o)
    0x08000560   0x08000560   0x000000de   Code   RO         6077    .text               mf_w.l(ddiv.o)
    0x0800063e   0x0800063e   0x00000002   PAD
    0x08000640   0x08000640   0x00000030   Code   RO         6091    .text               mf_w.l(cdrcmple.o)
    0x08000670   0x08000670   0x0000002c   Code   RO         6147    .text               mc_w.l(uidiv.o)
    0x0800069c   0x0800069c   0x0000001e   Code   RO         6149    .text               mc_w.l(llshl.o)
    0x080006ba   0x080006ba   0x00000020   Code   RO         6151    .text               mc_w.l(llushr.o)
    0x080006da   0x080006da   0x00000024   Code   RO         6153    .text               mc_w.l(llsshr.o)
    0x080006fe   0x080006fe   0x00000000   Code   RO         6162    .text               mc_w.l(iusefp.o)
    0x080006fe   0x080006fe   0x000000ba   Code   RO         6165    .text               mf_w.l(depilogue.o)
    0x080007b8   0x080007b8   0x00000030   Code   RO         6169    .text               mf_w.l(dfixul.o)
    0x080007e8   0x080007e8   0x00000024   Code   RO         6175    .text               mc_w.l(init.o)
    0x0800080c   0x0800080c   0x00000002   Code   RO          370    i.BusFault_Handler  stm32f4xx_it.o
    0x0800080e   0x0800080e   0x00000002   Code   RO          371    i.DebugMon_Handler  stm32f4xx_it.o
    0x08000810   0x08000810   0x00000010   Code   RO         1829    i.HAL_IncTick       stm32f4xx_hal.o
    0x08000820   0x08000820   0x00000034   Code   RO         1830    i.HAL_Init          stm32f4xx_hal.o
    0x08000854   0x08000854   0x00000098   Code   RO          458    i.HAL_InitTick      stm32f4xx_hal_timebase_tim.o
    0x080008ec   0x080008ec   0x00000038   Code   RO          434    i.HAL_MspInit       stm32f4xx_hal_msp.o
    0x08000924   0x08000924   0x0000001a   Code   RO         1665    i.HAL_NVIC_EnableIRQ  stm32f4xx_hal_cortex.o
    0x0800093e   0x0800093e   0x00000002   PAD
    0x08000940   0x08000940   0x00000040   Code   RO         1671    i.HAL_NVIC_SetPriority  stm32f4xx_hal_cortex.o
    0x08000980   0x08000980   0x00000024   Code   RO         1672    i.HAL_NVIC_SetPriorityGrouping  stm32f4xx_hal_cortex.o
    0x080009a4   0x080009a4   0x00000040   Code   RO          923    i.HAL_RCC_GetClockConfig  stm32f4xx_hal_rcc.o
    0x080009e4   0x080009e4   0x00000020   Code   RO          926    i.HAL_RCC_GetPCLK1Freq  stm32f4xx_hal_rcc.o
    0x08000a04   0x08000a04   0x00000002   Code   RO         2774    i.HAL_TIMEx_BreakCallback  stm32f4xx_hal_tim_ex.o
    0x08000a06   0x08000a06   0x00000002   Code   RO         2775    i.HAL_TIMEx_CommutCallback  stm32f4xx_hal_tim_ex.o
    0x08000a08   0x08000a08   0x0000005a   Code   RO         2070    i.HAL_TIM_Base_Init  stm32f4xx_hal_tim.o
    0x08000a62   0x08000a62   0x00000002   Code   RO         2072    i.HAL_TIM_Base_MspInit  stm32f4xx_hal_tim.o
    0x08000a64   0x08000a64   0x00000078   Code   RO         2073    i.HAL_TIM_Base_Start  stm32f4xx_hal_tim.o
    0x08000adc   0x08000adc   0x00000080   Code   RO         2075    i.HAL_TIM_Base_Start_IT  stm32f4xx_hal_tim.o
    0x08000b5c   0x08000b5c   0x00000002   Code   RO         2104    i.HAL_TIM_IC_CaptureCallback  stm32f4xx_hal_tim.o
    0x08000b5e   0x08000b5e   0x00000130   Code   RO         2118    i.HAL_TIM_IRQHandler  stm32f4xx_hal_tim.o
    0x08000c8e   0x08000c8e   0x00000002   Code   RO         2121    i.HAL_TIM_OC_DelayElapsedCallback  stm32f4xx_hal_tim.o
    0x08000c90   0x08000c90   0x00000002   Code   RO         2148    i.HAL_TIM_PWM_PulseFinishedCallback  stm32f4xx_hal_tim.o
    0x08000c92   0x08000c92   0x00000002   PAD
    0x08000c94   0x08000c94   0x00000014   Code   RO           14    i.HAL_TIM_PeriodElapsedCallback  main.o
    0x08000ca8   0x08000ca8   0x00000002   Code   RO         2161    i.HAL_TIM_TriggerCallback  stm32f4xx_hal_tim.o
    0x08000caa   0x08000caa   0x00000002   Code   RO          372    i.HardFault_Handler  stm32f4xx_it.o
    0x08000cac   0x08000cac   0x00000048   Code   RO         5275    i.Key_Init          key.o
    0x08000cf4   0x08000cf4   0x00000010   Code   RO         5732    i.LEDToggle_Task    user_tasksinit.o
    0x08000d04   0x08000d04   0x00000048   Code   RO         5628    i.LED_Init          led.o
    0x08000d4c   0x08000d4c   0x0000001c   Code   RO         5631    i.LED_Reveral       led.o
    0x08000d68   0x08000d68   0x00000018   Code   RO          242    i.LL_AHB1_GRP1_EnableClock  gpio.o
    0x08000d80   0x08000d80   0x00000018   Code   RO         5276    i.LL_AHB1_GRP1_EnableClock  key.o
    0x08000d98   0x08000d98   0x00000136   Code   RO          646    i.LL_GPIO_Init      stm32f4xx_ll_gpio.o
    0x08000ece   0x08000ece   0x00000020   Code   RO          699    i.LL_RCC_GetSystemClocksFreq  stm32f4xx_ll_rcc.o
    0x08000eee   0x08000eee   0x00000064   Code   RO         3365    i.LL_SPI_Init       stm32f4xx_ll_spi.o
    0x08000f52   0x08000f52   0x00000002   PAD
    0x08000f54   0x08000f54   0x0000000c   Code   RO          801    i.LL_SetSystemCoreClock  stm32f4xx_ll_utils.o
    0x08000f60   0x08000f60   0x000000c8   Code   RO         3169    i.LL_TIM_Init       stm32f4xx_ll_tim.o
    0x08001028   0x08001028   0x000001c8   Code   RO         3170    i.LL_TIM_OC_Init    stm32f4xx_ll_tim.o
    0x080011f0   0x080011f0   0x000000a0   Code   RO         3046    i.LL_USART_Init     stm32f4xx_ll_usart.o
    0x08001290   0x08001290   0x000000b0   Code   RO         3047    i.LL_USART_SetBaudRate  stm32f4xx_ll_usart.o
    0x08001340   0x08001340   0x00000004   Code   RO          283    i.MX_FREERTOS_Init  freertos.o
    0x08001344   0x08001344   0x00000012   Code   RO          243    i.MX_GPIO_Init      gpio.o
    0x08001356   0x08001356   0x00000002   PAD
    0x08001358   0x08001358   0x000000a0   Code   RO          334    i.MX_USART1_UART_Init  usart.o
    0x080013f8   0x080013f8   0x00000002   Code   RO          373    i.MemManage_Handler  stm32f4xx_it.o
    0x080013fa   0x080013fa   0x00000002   Code   RO          374    i.NMI_Handler       stm32f4xx_it.o
    0x080013fc   0x080013fc   0x000000f0   Code   RO          572    i.PWM1_Init         pwm1.o
    0x080014ec   0x080014ec   0x00000018   Code   RO          573    i.PWM1_SetDutyCycle  pwm1.o
    0x08001504   0x08001504   0x0000001c   Code   RO          702    i.RCC_GetHCLKClockFreq  stm32f4xx_ll_rcc.o
    0x08001520   0x08001520   0x0000001c   Code   RO          703    i.RCC_GetPCLK1ClockFreq  stm32f4xx_ll_rcc.o
    0x0800153c   0x0800153c   0x0000001c   Code   RO          704    i.RCC_GetPCLK2ClockFreq  stm32f4xx_ll_rcc.o
    0x08001558   0x08001558   0x0000002c   Code   RO          705    i.RCC_GetSystemClockFreq  stm32f4xx_ll_rcc.o
    0x08001584   0x08001584   0x00000050   Code   RO          708    i.RCC_PLL_GetFreqDomain_SYS  stm32f4xx_ll_rcc.o
    0x080015d4   0x080015d4   0x000000a4   Code   RO          610    i.SPI1_Init         spihard.o
    0x08001678   0x08001678   0x00000020   Code   RO          611    i.SPI1_Transmit     spihard.o
    0x08001698   0x08001698   0x00000018   Code   RO         5733    i.SPITEST_Task      user_tasksinit.o
    0x080016b0   0x080016b0   0x0000001a   Code   RO         4626    i.SysTick_Handler   cmsis_os2.o
    0x080016ca   0x080016ca   0x00000002   PAD
    0x080016cc   0x080016cc   0x000000d4   Code   RO           15    i.SystemClock_Config  main.o
    0x080017a0   0x080017a0   0x00000010   Code   RO         3429    i.SystemInit        system_stm32f4xx.o
    0x080017b0   0x080017b0   0x0000000c   Code   RO          375    i.TIM4_IRQHandler   stm32f4xx_it.o
    0x080017bc   0x080017bc   0x00000044   Code   RO          499    i.TIM6_DAC_IRQHandler  timer.o
    0x08001800   0x08001800   0x00000044   Code   RO          501    i.TIM7_IRQHandler   timer.o
    0x08001844   0x08001844   0x000000d8   Code   RO         2163    i.TIM_Base_SetConfig  stm32f4xx_hal_tim.o
    0x0800191c   0x0800191c   0x00000002   Code   RO          376    i.UsageFault_Handler  stm32f4xx_it.o
    0x0800191e   0x0800191e   0x00000002   PAD
    0x08001920   0x08001920   0x0000005c   Code   RO         5734    i.User_Tasks_Init   user_tasksinit.o
    0x0800197c   0x0800197c   0x00000020   Code   RO         6045    i.__0printf         mc_w.l(printfa.o)
    0x0800199c   0x0800199c   0x00000020   Code   RO         1678    i.__NVIC_SetPriority  stm32f4xx_hal_cortex.o
    0x080019bc   0x080019bc   0x0000000e   Code   RO         6179    i.__scatterload_copy  mc_w.l(handlers.o)
    0x080019ca   0x080019ca   0x00000002   Code   RO         6180    i.__scatterload_null  mc_w.l(handlers.o)
    0x080019cc   0x080019cc   0x0000000e   Code   RO         6181    i.__scatterload_zeroinit  mc_w.l(handlers.o)
    0x080019da   0x080019da   0x00000002   PAD
    0x080019dc   0x080019dc   0x00000184   Code   RO         6052    i._fp_digits        mc_w.l(printfa.o)
    0x08001b60   0x08001b60   0x000006b4   Code   RO         6053    i._printf_core      mc_w.l(printfa.o)
    0x08002214   0x08002214   0x00000024   Code   RO         6054    i._printf_post_padding  mc_w.l(printfa.o)
    0x08002238   0x08002238   0x0000002e   Code   RO         6055    i._printf_pre_padding  mc_w.l(printfa.o)
    0x08002266   0x08002266   0x00000002   PAD
    0x08002268   0x08002268   0x0000004c   Code   RO         5694    i.delay_init        delay.o
    0x080022b4   0x080022b4   0x00000018   Code   RO          335    i.fputc             usart.o
    0x080022cc   0x080022cc   0x0000003a   Code   RO           16    i.main              main.o
    0x08002306   0x08002306   0x00000002   PAD
    0x08002308   0x08002308   0x00000024   Code   RO         4642    i.osKernelInitialize  cmsis_os2.o
    0x0800232c   0x0800232c   0x0000005c   Code   RO         4069    i.prvAddCurrentTaskToDelayedList  tasks.o
    0x08002388   0x08002388   0x000000d0   Code   RO         4070    i.prvAddNewTaskToReadyList  tasks.o
    0x08002458   0x08002458   0x00000058   Code   RO         4455    i.prvCheckForValidListAndQueue  timers.o
    0x080024b0   0x080024b0   0x00000026   Code   RO         3631    i.prvCopyDataFromQueue  queue.o
    0x080024d6   0x080024d6   0x0000006c   Code   RO         3632    i.prvCopyDataToQueue  queue.o
    0x08002542   0x08002542   0x00000034   Code   RO         4071    i.prvDeleteTCB      tasks.o
    0x08002576   0x08002576   0x00000002   PAD
    0x08002578   0x08002578   0x0000004c   Code   RO         5136    i.prvHeapInit       heap_4.o
    0x080025c4   0x080025c4   0x00000060   Code   RO         4072    i.prvIdleTask       tasks.o
    0x08002624   0x08002624   0x00000026   Code   RO         3634    i.prvInitialiseNewQueue  queue.o
    0x0800264a   0x0800264a   0x00000002   PAD
    0x0800264c   0x0800264c   0x000000b0   Code   RO         4073    i.prvInitialiseNewTask  tasks.o
    0x080026fc   0x080026fc   0x0000004c   Code   RO         5137    i.prvInsertBlockIntoFreeList  heap_4.o
    0x08002748   0x08002748   0x00000038   Code   RO         4457    i.prvInsertTimerInActiveList  timers.o
    0x08002780   0x08002780   0x0000001c   Code   RO         3635    i.prvIsQueueEmpty   queue.o
    0x0800279c   0x0800279c   0x0000006c   Code   RO         3636    i.prvNotifyQueueSetContainer  queue.o
    0x08002808   0x08002808   0x000000fc   Code   RO         4458    i.prvProcessReceivedCommands  timers.o
    0x08002904   0x08002904   0x000000c0   Code   RO         4459    i.prvProcessTimerOrBlockTask  timers.o
    0x080029c4   0x080029c4   0x00000020   Code   RO         4075    i.prvResetNextTaskUnblockTime  tasks.o
    0x080029e4   0x080029e4   0x00000028   Code   RO         4460    i.prvSampleTimeNow  timers.o
    0x08002a0c   0x08002a0c   0x0000006c   Code   RO         4461    i.prvSwitchTimerLists  timers.o
    0x08002a78   0x08002a78   0x00000028   Code   RO         5192    i.prvTaskExitError  port.o
    0x08002aa0   0x08002aa0   0x00000024   Code   RO         4462    i.prvTimerTask      timers.o
    0x08002ac4   0x08002ac4   0x00000076   Code   RO         3637    i.prvUnlockQueue    queue.o
    0x08002b3a   0x08002b3a   0x00000002   PAD
    0x08002b3c   0x08002b3c   0x000000dc   Code   RO         5138    i.pvPortMalloc      heap_4.o
    0x08002c18   0x08002c18   0x0000002c   Code   RO         5193    i.pxPortInitialiseStack  port.o
    0x08002c44   0x08002c44   0x00000026   Code   RO         3591    i.uxListRemove      list.o
    0x08002c6a   0x08002c6a   0x00000002   PAD
    0x08002c6c   0x08002c6c   0x00000014   Code   RO         4699    i.vApplicationGetIdleTaskMemory  cmsis_os2.o
    0x08002c80   0x08002c80   0x00000018   Code   RO         4700    i.vApplicationGetTimerTaskMemory  cmsis_os2.o
    0x08002c98   0x08002c98   0x00000016   Code   RO         3592    i.vListInitialise   list.o
    0x08002cae   0x08002cae   0x00000006   Code   RO         3593    i.vListInitialiseItem  list.o
    0x08002cb4   0x08002cb4   0x00000030   Code   RO         3594    i.vListInsert       list.o
    0x08002ce4   0x08002ce4   0x00000018   Code   RO         3595    i.vListInsertEnd    list.o
    0x08002cfc   0x08002cfc   0x00000040   Code   RO         5195    i.vPortEnterCritical  port.o
    0x08002d3c   0x08002d3c   0x00000028   Code   RO         5196    i.vPortExitCritical  port.o
    0x08002d64   0x08002d64   0x00000064   Code   RO         5139    i.vPortFree         heap_4.o
    0x08002dc8   0x08002dc8   0x00000024   Code   RO         5197    i.vPortSetupTimerInterrupt  port.o
    0x08002dec   0x08002dec   0x00000054   Code   RO         5198    i.vPortValidateInterruptPriority  port.o
    0x08002e40   0x08002e40   0x00000028   Code   RO         3643    i.vQueueAddToRegistry  queue.o
    0x08002e68   0x08002e68   0x00000044   Code   RO         3647    i.vQueueWaitForMessageRestricted  queue.o
    0x08002eac   0x08002eac   0x0000004c   Code   RO         4089    i.vTaskDelay        tasks.o
    0x08002ef8   0x08002ef8   0x00000010   Code   RO         4094    i.vTaskInternalSetTimeOutState  tasks.o
    0x08002f08   0x08002f08   0x0000000c   Code   RO         4096    i.vTaskMissedYield  tasks.o
    0x08002f14   0x08002f14   0x00000030   Code   RO         4098    i.vTaskPlaceOnEventList  tasks.o
    0x08002f44   0x08002f44   0x00000038   Code   RO         4099    i.vTaskPlaceOnEventListRestricted  tasks.o
    0x08002f7c   0x08002f7c   0x00000088   Code   RO         4107    i.vTaskStartScheduler  tasks.o
    0x08003004   0x08003004   0x00000010   Code   RO         4109    i.vTaskSuspendAll   tasks.o
    0x08003014   0x08003014   0x00000064   Code   RO         4110    i.vTaskSwitchContext  tasks.o
    0x08003078   0x08003078   0x000000f4   Code   RO         5199    i.xPortStartScheduler  port.o
    0x0800316c   0x0800316c   0x0000002c   Code   RO         5200    i.xPortSysTickHandler  port.o
    0x08003198   0x08003198   0x00000066   Code   RO         3655    i.xQueueGenericCreateStatic  queue.o
    0x080031fe   0x080031fe   0x00000002   PAD
    0x08003200   0x08003200   0x00000088   Code   RO         3656    i.xQueueGenericReset  queue.o
    0x08003288   0x08003288   0x00000178   Code   RO         3657    i.xQueueGenericSend  queue.o
    0x08003400   0x08003400   0x000000d6   Code   RO         3658    i.xQueueGenericSendFromISR  queue.o
    0x080034d6   0x080034d6   0x00000002   PAD
    0x080034d8   0x080034d8   0x00000138   Code   RO         3667    i.xQueueReceive     queue.o
    0x08003610   0x08003610   0x00000074   Code   RO         4112    i.xTaskCheckForTimeOut  tasks.o
    0x08003684   0x08003684   0x0000005a   Code   RO         4113    i.xTaskCreate       tasks.o
    0x080036de   0x080036de   0x00000056   Code   RO         4114    i.xTaskCreateStatic  tasks.o
    0x08003734   0x08003734   0x0000001c   Code   RO         4119    i.xTaskGetSchedulerState  tasks.o
    0x08003750   0x08003750   0x0000000c   Code   RO         4120    i.xTaskGetTickCount  tasks.o
    0x0800375c   0x0800375c   0x000000c8   Code   RO         4122    i.xTaskIncrementTick  tasks.o
    0x08003824   0x08003824   0x00000080   Code   RO         4125    i.xTaskPriorityDisinherit  tasks.o
    0x080038a4   0x080038a4   0x00000070   Code   RO         4127    i.xTaskRemoveFromEventList  tasks.o
    0x08003914   0x08003914   0x000000c4   Code   RO         4128    i.xTaskResumeAll    tasks.o
    0x080039d8   0x080039d8   0x00000060   Code   RO         4471    i.xTimerCreateTimerTask  timers.o
    0x08003a38   0x08003a38   0x00000068   Code   RO         4472    i.xTimerGenericCommand  timers.o
    0x08003aa0   0x08003aa0   0x0000000e   Data   RO          574    .constdata          pwm1.o
    0x08003aae   0x08003aae   0x00000010   Data   RO         3430    .constdata          system_stm32f4xx.o
    0x08003abe   0x08003abe   0x00000008   Data   RO         3431    .constdata          system_stm32f4xx.o
    0x08003ac6   0x08003ac6   0x00000002   PAD
    0x08003ac8   0x08003ac8   0x00000020   Data   RO         6177    Region$$Table       anon$$obj.o


    Execution Region RW_IRAM1 (Exec base: 0x20000000, Load base: 0x08003ae8, Size: 0x00004dc0, Max: 0x0001c000, ABSOLUTE)

    Exec Addr    Load Addr    Size         Type   Attr      Idx    E Section Name        Object

    0x20000000   0x08003ae8   0x0000000c   Data   RW         1837    .data               stm32f4xx_hal.o
    0x2000000c   0x08003af4   0x00000004   Data   RW         3432    .data               system_stm32f4xx.o
    0x20000010   0x08003af8   0x0000003c   Data   RW         4131    .data               tasks.o
    0x2000004c   0x08003b34   0x00000014   Data   RW         4480    .data               timers.o
    0x20000060   0x08003b48   0x00000004   Data   RW         4702    .data               cmsis_os2.o
    0x20000064   0x08003b4c   0x00000020   Data   RW         5145    .data               heap_4.o
    0x20000084   0x08003b6c   0x0000000c   Data   RW         5201    .data               port.o
    0x20000090   0x08003b78   0x00000004   Data   RW         5697    .data               delay.o
    0x20000094   0x08003b7c   0x00000008   Data   RW         5735    .data               user_tasksinit.o
    0x2000009c   0x08003b84   0x00000004   Data   RW         6146    .data               mc_w.l(stdout.o)
    0x200000a0        -       0x00000048   Zero   RW          461    .bss                stm32f4xx_hal_timebase_tim.o
    0x200000e8        -       0x00000040   Zero   RW         3674    .bss                queue.o
    0x20000128        -       0x000004c4   Zero   RW         4130    .bss                tasks.o
    0x200005ec        -       0x0000011c   Zero   RW         4479    .bss                timers.o
    0x20000708        -       0x000006b8   Zero   RW         4701    .bss                cmsis_os2.o
    0x20000dc0        -       0x00003c00   Zero   RW         5144    .bss                heap_4.o
    0x200049c0        -       0x00000400   Zero   RW            1    STACK               startup_stm32f407xx.o


    Execution Region RW_IRAM2 (Exec base: 0x2001c000, Load base: 0x08003b88, Size: 0x00000000, Max: 0x00004000, ABSOLUTE)

    **** No section assigned to this execution region ****


==============================================================================

Image component sizes


      Code (inc. data)   RO Data    RW Data    ZI Data      Debug   Object Name

       106         14          0          4       1720      29708   cmsis_os2.o
        76         12          0          4          0       1168   delay.o
         0          0          0          0          0      19524   event_groups.o
         4          0          0          0          0       7055   freertos.o
        42          6          0          0          0      29351   gpio.o
       472         24          0         32      15360       4959   heap_4.o
        96         16          0          0          0       5143   key.o
       100         14          0          0          0       5397   led.o
       138          0          0          0          0       3638   list.o
       290         30          0          0          0     726088   main.o
       786         82          0         12          0      11705   port.o
       264         22         14          0          0      33108   pwm1.o
      1686         18          0          0         64      18904   queue.o
       196         20          0          0          0      11604   spihard.o
        36          8        392          0       1024        852   startup_stm32f407xx.o
        68          8          0         12          0       7632   stm32f4xx_hal.o
       158         14          0          0          0      33106   stm32f4xx_hal_cortex.o
        56          4          0          0          0        902   stm32f4xx_hal_msp.o
        96         22          0          0          0       1970   stm32f4xx_hal_rcc.o
       868        104          0          0          0       8389   stm32f4xx_hal_tim.o
         4          0          0          0          0       1681   stm32f4xx_hal_tim_ex.o
       152         20          0          0         72       1531   stm32f4xx_hal_timebase_tim.o
        24          6          0          0          0       3371   stm32f4xx_it.o
       310          0          0          0          0       7227   stm32f4xx_ll_gpio.o
       240         52          0          0          0      27899   stm32f4xx_ll_rcc.o
       100          0          0          0          0      14574   stm32f4xx_ll_spi.o
       656         54          0          0          0      33067   stm32f4xx_ll_tim.o
       336         24          0          0          0      16448   stm32f4xx_ll_usart.o
        12          6          0          0          0       8020   stm32f4xx_ll_utils.o
         0          0          0          0          0        376   stream_buffer.o
        16          4         24          4          0       1175   system_stm32f4xx.o
      2084        168          0         60       1220      27440   tasks.o
       136         84          0          0          0      26648   timer.o
       972         80          0         20        284      29919   timers.o
       184         18          0          0          0      19842   usart.o
       132         46          0          8          0       1936   user_tasksinit.o

    ----------------------------------------------------------------------
     10924        980        464        156      19744    1181357   Object Totals
         0          0         32          0          0          0   (incl. Generated)
        28          0          2          0          0          0   (incl. Padding)

    ----------------------------------------------------------------------

      Code (inc. data)   RO Data    RW Data    ZI Data      Debug   Library Member Name

         0          0          0          0          0          0   entry.o
         0          0          0          0          0          0   entry10a.o
         0          0          0          0          0          0   entry11a.o
         4          0          0          0          0          0   entry12b.o
         8          4          0          0          0          0   entry2.o
         4          0          0          0          0          0   entry5.o
         0          0          0          0          0          0   entry7b.o
         0          0          0          0          0          0   entry8b.o
         8          4          0          0          0          0   entry9a.o
        30          0          0          0          0          0   handlers.o
        36          8          0          0          0         68   init.o
         0          0          0          0          0          0   iusefp.o
        30          0          0          0          0         68   llshl.o
        36          0          0          0          0         68   llsshr.o
        32          0          0          0          0         68   llushr.o
        36          0          0          0          0         68   memcpya.o
        36          0          0          0          0        108   memseta.o
      2218         90          0          0          0        464   printfa.o
         0          0          0          4          0          0   stdout.o
        44          0          0          0          0         80   uidiv.o
        98          0          0          0          0         92   uldiv.o
        48          0          0          0          0         68   cdrcmple.o
       334          0          0          0          0        148   dadd.o
       222          0          0          0          0        100   ddiv.o
       186          0          0          0          0        176   depilogue.o
        48          0          0          0          0         68   dfixul.o
       228          0          0          0          0         96   dmul.o

    ----------------------------------------------------------------------
      3692        106          0          4          0       1740   Library Totals
         6          0          0          0          0          0   (incl. Padding)

    ----------------------------------------------------------------------

      Code (inc. data)   RO Data    RW Data    ZI Data      Debug   Library Name

      2620        106          0          4          0       1084   mc_w.l
      1066          0          0          0          0        656   mf_w.l

    ----------------------------------------------------------------------
      3692        106          0          4          0       1740   Library Totals

    ----------------------------------------------------------------------

==============================================================================


      Code (inc. data)   RO Data    RW Data    ZI Data      Debug   

     14616       1086        464        160      19744    1169917   Grand Totals
     14616       1086        464        160      19744    1169917   ELF Image Totals
     14616       1086        464        160          0          0   ROM Totals

==============================================================================

    Total RO  Size (Code + RO Data)                15080 (  14.73kB)
    Total RW  Size (RW Data + ZI Data)             19904 (  19.44kB)
    Total ROM Size (Code + RO Data + RW Data)      15240 (  14.88kB)

==============================================================================

