Component: ARM Compiler 5.06 update 7 (build 960) Tool: armlink [4d3601]

==============================================================================

Section Cross References

    startup_stm32f407xx.o(RESET) refers to startup_stm32f407xx.o(STACK) for __initial_sp
    startup_stm32f407xx.o(RESET) refers to startup_stm32f407xx.o(.text) for Reset_Handler
    startup_stm32f407xx.o(RESET) refers to stm32f4xx_it.o(i.NMI_Handler) for NMI_Handler
    startup_stm32f407xx.o(RESET) refers to stm32f4xx_it.o(i.HardFault_Handler) for HardFault_Handler
    startup_stm32f407xx.o(RESET) refers to stm32f4xx_it.o(i.MemManage_Handler) for MemManage_Handler
    startup_stm32f407xx.o(RESET) refers to stm32f4xx_it.o(i.BusFault_Handler) for BusFault_Handler
    startup_stm32f407xx.o(RESET) refers to stm32f4xx_it.o(i.UsageFault_Handler) for UsageFault_Handler
    startup_stm32f407xx.o(RESET) refers to port.o(.emb_text) for SVC_Handler
    startup_stm32f407xx.o(RESET) refers to stm32f4xx_it.o(i.DebugMon_Handler) for DebugMon_Handler
    startup_stm32f407xx.o(RESET) refers to cmsis_os2.o(i.SysTick_Handler) for SysTick_Handler
    startup_stm32f407xx.o(RESET) refers to stm32f4xx_it.o(i.TIM4_IRQHandler) for TIM4_IRQHandler
    startup_stm32f407xx.o(RESET) refers to timer.o(i.TIM6_DAC_IRQHandler) for TIM6_DAC_IRQHandler
    startup_stm32f407xx.o(RESET) refers to timer.o(i.TIM7_IRQHandler) for TIM7_IRQHandler
    startup_stm32f407xx.o(.text) refers to system_stm32f4xx.o(i.SystemInit) for SystemInit
    startup_stm32f407xx.o(.text) refers to entry.o(.ARM.Collect$$$$00000000) for __main
    main.o(i.HAL_TIM_PeriodElapsedCallback) refers to stm32f4xx_hal.o(i.HAL_IncTick) for HAL_IncTick
    main.o(i.SystemClock_Config) refers to stm32f4xx_ll_utils.o(i.LL_SetSystemCoreClock) for LL_SetSystemCoreClock
    main.o(i.SystemClock_Config) refers to stm32f4xx_hal_timebase_tim.o(i.HAL_InitTick) for HAL_InitTick
    main.o(i.main) refers to stm32f4xx_hal.o(i.HAL_Init) for HAL_Init
    main.o(i.main) refers to key.o(i.Key_Init) for Key_Init
    main.o(i.main) refers to led.o(i.LED_Init) for LED_Init
    main.o(i.main) refers to main.o(i.SystemClock_Config) for SystemClock_Config
    main.o(i.main) refers to gpio.o(i.MX_GPIO_Init) for MX_GPIO_Init
    main.o(i.main) refers to usart.o(i.MX_USART1_UART_Init) for MX_USART1_UART_Init
    main.o(i.main) refers to delay.o(i.delay_init) for delay_init
    main.o(i.main) refers to delay.o(i.delay_ms) for delay_ms
    main.o(i.main) refers to lcd_init.o(i.LCD_Init) for LCD_Init
    main.o(i.main) refers to lcd.o(i.LCD_Fill) for LCD_Fill
    main.o(i.main) refers to lcd.o(i.LCD_ShowString) for LCD_ShowString
    main.o(i.main) refers to led.o(i.LED_Reveral) for LED_Reveral
    gpio.o(i.MX_GPIO_Init) refers to gpio.o(i.LL_AHB1_GRP1_EnableClock) for LL_AHB1_GRP1_EnableClock
    freertos.o(i.MX_FREERTOS_Init) refers to user_tasksinit.o(i.User_Tasks_Init) for User_Tasks_Init
    usart.o(i.MX_USART1_UART_Init) refers to memseta.o(.text) for __aeabi_memclr4
    usart.o(i.MX_USART1_UART_Init) refers to stm32f4xx_ll_gpio.o(i.LL_GPIO_Init) for LL_GPIO_Init
    usart.o(i.MX_USART1_UART_Init) refers to stm32f4xx_ll_usart.o(i.LL_USART_Init) for LL_USART_Init
    stm32f4xx_it.o(i.TIM4_IRQHandler) refers to stm32f4xx_hal_tim.o(i.HAL_TIM_IRQHandler) for HAL_TIM_IRQHandler
    stm32f4xx_it.o(i.TIM4_IRQHandler) refers to stm32f4xx_hal_timebase_tim.o(.bss) for htim4
    stm32f4xx_hal_msp.o(i.HAL_MspInit) refers to stm32f4xx_hal_cortex.o(i.HAL_NVIC_SetPriority) for HAL_NVIC_SetPriority
    stm32f4xx_hal_timebase_tim.o(i.HAL_InitTick) refers to stm32f4xx_hal_rcc.o(i.HAL_RCC_GetClockConfig) for HAL_RCC_GetClockConfig
    stm32f4xx_hal_timebase_tim.o(i.HAL_InitTick) refers to stm32f4xx_hal_rcc.o(i.HAL_RCC_GetPCLK1Freq) for HAL_RCC_GetPCLK1Freq
    stm32f4xx_hal_timebase_tim.o(i.HAL_InitTick) refers to stm32f4xx_hal_tim.o(i.HAL_TIM_Base_Init) for HAL_TIM_Base_Init
    stm32f4xx_hal_timebase_tim.o(i.HAL_InitTick) refers to stm32f4xx_hal_tim.o(i.HAL_TIM_Base_Start_IT) for HAL_TIM_Base_Start_IT
    stm32f4xx_hal_timebase_tim.o(i.HAL_InitTick) refers to stm32f4xx_hal_cortex.o(i.HAL_NVIC_EnableIRQ) for HAL_NVIC_EnableIRQ
    stm32f4xx_hal_timebase_tim.o(i.HAL_InitTick) refers to stm32f4xx_hal_cortex.o(i.HAL_NVIC_SetPriority) for HAL_NVIC_SetPriority
    stm32f4xx_hal_timebase_tim.o(i.HAL_InitTick) refers to stm32f4xx_hal_timebase_tim.o(.bss) for .bss
    stm32f4xx_hal_timebase_tim.o(i.HAL_InitTick) refers to stm32f4xx_hal.o(.data) for uwTickPrio
    stm32f4xx_hal_timebase_tim.o(i.HAL_ResumeTick) refers to stm32f4xx_hal_timebase_tim.o(.bss) for .bss
    stm32f4xx_hal_timebase_tim.o(i.HAL_SuspendTick) refers to stm32f4xx_hal_timebase_tim.o(.bss) for .bss
    timer.o(i.TIM6_DAC_IRQHandler) refers to printfa.o(i.__0printf) for __2printf
    timer.o(i.TIM6_Init) refers to memseta.o(.text) for __aeabi_memclr4
    timer.o(i.TIM6_Init) refers to timer.o(i.LL_APB1_GRP1_EnableClock) for LL_APB1_GRP1_EnableClock
[...]
    Removing cmsis_os2.o(i.osSemaphoreAcquire), (92 bytes).
    Removing cmsis_os2.o(i.osSemaphoreDelete), (42 bytes).
    Removing cmsis_os2.o(i.osSemaphoreGetCount), (20 bytes).
    Removing cmsis_os2.o(i.osSemaphoreNew), (152 bytes).
    Removing cmsis_os2.o(i.osSemaphoreRelease), (88 bytes).
    Removing cmsis_os2.o(i.osThreadEnumerate), (98 bytes).
    Removing cmsis_os2.o(i.osThreadExit), (8 bytes).
    Removing cmsis_os2.o(i.osThreadFlagsClear), (78 bytes).
    Removing cmsis_os2.o(i.osThreadFlagsGet), (44 bytes).
    Removing cmsis_os2.o(i.osThreadFlagsSet), (116 bytes).
    Removing cmsis_os2.o(i.osThreadFlagsWait), (150 bytes).
    Removing cmsis_os2.o(i.osThreadGetCount), (14 bytes).
    Removing cmsis_os2.o(i.osThreadGetId), (4 bytes).
    Removing cmsis_os2.o(i.osThreadGetName), (16 bytes).
    Removing cmsis_os2.o(i.osThreadGetPriority), (18 bytes).
    Removing cmsis_os2.o(i.osThreadGetStackSpace), (22 bytes).
    Removing cmsis_os2.o(i.osThreadGetState), (54 bytes).
    Removing cmsis_os2.o(i.osThreadNew), (138 bytes).
    Removing cmsis_os2.o(i.osThreadResume), (32 bytes).
    Removing cmsis_os2.o(i.osThreadSetPriority), (40 bytes).
    Removing cmsis_os2.o(i.osThreadSuspend), (32 bytes).
    Removing cmsis_os2.o(i.osThreadTerminate), (52 bytes).
    Removing cmsis_os2.o(i.osThreadYield), (36 bytes).
    Removing cmsis_os2.o(i.osTimerDelete), (68 bytes).
    Removing cmsis_os2.o(i.osTimerGetName), (16 bytes).
    Removing cmsis_os2.o(i.osTimerIsRunning), (16 bytes).
    Removing cmsis_os2.o(i.osTimerNew), (120 bytes).
    Removing cmsis_os2.o(i.osTimerStart), (50 bytes).
    Removing cmsis_os2.o(i.osTimerStop), (68 bytes).
    Removing cmsis_os2.o(i.vApplicationGetIdleTaskMemory), (20 bytes).
    Removing cmsis_os2.o(i.vApplicationGetTimerTaskMemory), (24 bytes).
    Removing cmsis_os2.o(.bss), (1720 bytes).
    Removing cmsis_os2.o(.data), (4 bytes).
    Removing heap_4.o(i.prvHeapInit), (76 bytes).
    Removing heap_4.o(i.prvInsertBlockIntoFreeList), (76 bytes).
    Removing heap_4.o(i.pvPortMalloc), (220 bytes).
    Removing heap_4.o(i.vPortFree), (100 bytes).
    Removing heap_4.o(i.vPortGetHeapStats), (108 bytes).
    Removing heap_4.o(i.vPortInitialiseBlocks), (2 bytes).
    Removing heap_4.o(i.xPortGetFreeHeapSize), (12 bytes).
    Removing heap_4.o(i.xPortGetMinimumEverFreeHeapSize), (12 bytes).
    Removing heap_4.o(.bss), (15360 bytes).
    Removing heap_4.o(.data), (32 bytes).
    Removing port.o(i.prvTaskExitError), (40 bytes).
    Removing port.o(i.pxPortInitialiseStack), (44 bytes).
    Removing port.o(i.vPortEndScheduler), (32 bytes).
    Removing port.o(i.vPortEnterCritical), (64 bytes).
    Removing port.o(i.vPortExitCritical), (40 bytes).
    Removing port.o(i.vPortSetupTimerInterrupt), (36 bytes).
    Removing port.o(i.vPortValidateInterruptPriority), (84 bytes).
    Removing port.o(i.xPortStartScheduler), (244 bytes).
    Removing port.o(.data), (12 bytes).
    Removing key.o(.rev16_text), (4 bytes).
    Removing key.o(.revsh_text), (4 bytes).
    Removing key.o(.rrx_text), (6 bytes).
    Removing key.o(i.Key_GetNum), (204 bytes).
    Removing key.o(i.LL_GPIO_IsInputPinSet), (14 bytes).
    Removing key.o(.data), (1 bytes).
    Removing atod.o(.rev16_text), (4 bytes).
    Removing atod.o(.revsh_text), (4 bytes).
    Removing atod.o(.rrx_text), (6 bytes).
    Removing atod.o(i.ADC1_FifterRead), (32 bytes).
    Removing atod.o(i.ADC1_Init), (272 bytes).
    Removing atod.o(i.ADC1_Read), (36 bytes).
    Removing oled.o(.rev16_text), (4 bytes).
    Removing oled.o(.revsh_text), (4 bytes).
    Removing oled.o(.rrx_text), (6 bytes).
    Removing oled.o(i.OLED_Clear), (40 bytes).
    Removing oled.o(i.OLED_ClearArea), (92 bytes).
    Removing oled.o(i.OLED_DrawArc), (586 bytes).
    Removing oled.o(i.OLED_DrawCircle), (318 bytes).
    Removing oled.o(i.OLED_DrawEllipse), (744 bytes).
    Removing oled.o(i.OLED_DrawLine), (234 bytes).
    Removing oled.o(i.OLED_DrawPoint), (52 bytes).
    Removing oled.o(i.OLED_DrawRectangle), (116 bytes).
    Removing oled.o(i.OLED_DrawTriangle), (196 bytes).
    Removing oled.o(i.OLED_GPIO_Init), (104 bytes).
    Removing oled.o(i.OLED_GetPoint), (56 bytes).
    Removing oled.o(i.OLED_I2C_SendByte), (58 bytes).
    Removing oled.o(i.OLED_I2C_Start), (30 bytes).
    Removing oled.o(i.OLED_I2C_Stop), (24 bytes).
    Removing oled.o(i.OLED_Init), (156 bytes).
    Removing oled.o(i.OLED_IsInAngle), (124 bytes).
    Removing oled.o(i.OLED_Pow), (14 bytes).
    Removing oled.o(i.OLED_Printf), (42 bytes).
    Removing oled.o(i.OLED_Reverse), (40 bytes).
    Removing oled.o(i.OLED_ReverseArea), (88 bytes).
    Removing oled.o(i.OLED_SetCursor), (34 bytes).
    Removing oled.o(i.OLED_ShowBinNum), (64 bytes).
    Removing oled.o(i.OLED_ShowChar), (60 bytes).
    Removing oled.o(i.OLED_ShowFloatNum), (228 bytes).
    Removing oled.o(i.OLED_ShowHexNum), (72 bytes).
    Removing oled.o(i.OLED_ShowImage), (192 bytes).
    Removing oled.o(i.OLED_ShowNum), (70 bytes).
    Removing oled.o(i.OLED_ShowSignedNum), (94 bytes).
    Removing oled.o(i.OLED_ShowString), (364 bytes).
    Removing oled.o(i.OLED_Update), (40 bytes).
    Removing oled.o(i.OLED_UpdateArea), (96 bytes).
    Removing oled.o(i.OLED_W_SCL), (28 bytes).
    Removing oled.o(i.OLED_W_SDA), (28 bytes).
    Removing oled.o(i.OLED_WriteCommand), (34 bytes).
    Removing oled.o(i.OLED_WriteData), (48 bytes).
    Removing oled.o(i.OLED_pnpoly), (116 bytes).
    Removing oled.o(.bss), (1024 bytes).
    Removing oled_data.o(.constdata), (1520 bytes).
    Removing oled_data.o(.constdata), (570 bytes).
    Removing oled_data.o(.constdata), (259 bytes).
    Removing oled_data.o(.constdata), (32 bytes).
    Removing led.o(.rev16_text), (4 bytes).
    Removing led.o(.revsh_text), (4 bytes).
    Removing led.o(.rrx_text), (6 bytes).
    Removing led.o(i.LED_OFF), (16 bytes).
    Removing led.o(i.LED_ON), (16 bytes).
    Removing lcd_init.o(.rev16_text), (4 bytes).
    Removing lcd_init.o(.revsh_text), (4 bytes).
    Removing lcd_init.o(.rrx_text), (6 bytes).
    Removing lcd_init.o(i.LCD_Close_Light), (16 bytes).
    Removing lcd_init.o(i.LCD_Open_Light), (4 bytes).
    Removing lcd_init.o(i.LCD_ST7789_SleepIn), (18 bytes).
    Removing lcd_init.o(i.LCD_ST7789_SleepOut), (18 bytes).
    Removing lcd_init.o(i.LCD_Set_Light), (12 bytes).
    Removing lcd_init.o(i.LCD_WR_DATA8), (4 bytes).
    Removing lcd_init.o(i.LCD_Write_Bus), (4 bytes).
    Removing lcd.o(.rev16_text), (4 bytes).
    Removing lcd.o(.revsh_text), (4 bytes).
    Removing lcd.o(.rrx_text), (6 bytes).
    Removing lcd.o(i.Draw_Circle), (188 bytes).
    Removing lcd.o(i.LCD_Color_Fill), (32 bytes).
    Removing lcd.o(i.LCD_DrawLine), (156 bytes).
    Removing lcd.o(i.LCD_DrawRectangle), (68 bytes).
    Removing lcd.o(i.LCD_ShowChinese), (140 bytes).
    Removing lcd.o(i.LCD_ShowChinese12x12), (248 bytes).
    Removing lcd.o(i.LCD_ShowChinese16x16), (244 bytes).
    Removing lcd.o(i.LCD_ShowChinese24x24), (248 bytes).
    Removing lcd.o(i.LCD_ShowChinese32x32), (244 bytes).
    Removing lcd.o(i.LCD_ShowFloatNum1), (152 bytes).
    Removing lcd.o(i.LCD_ShowIntNum), (126 bytes).
    Removing lcd.o(i.LCD_ShowPicture), (80 bytes).
    Removing lcd.o(i.mypow), (16 bytes).
    Removing delay.o(.rev16_text), (4 bytes).
    Removing delay.o(.revsh_text), (4 bytes).
    Removing delay.o(.rrx_text), (6 bytes).
    Removing user_tasksinit.o(.rev16_text), (4 bytes).
    Removing user_tasksinit.o(.revsh_text), (4 bytes).
    Removing user_tasksinit.o(.rrx_text), (6 bytes).
    Removing user_tasksinit.o(i.LEDToggle_Task), (16 bytes).
    Removing user_tasksinit.o(i.SPITEST_Task), (12 bytes).
    Removing user_tasksinit.o(i.User_Tasks_Init), (92 bytes).
    Removing user_tasksinit.o(.data), (8 bytes).
    Removing dneg.o(.text), (6 bytes).
    Removing dflti.o(.text), (34 bytes).
    Removing dfltui.o(.text), (26 bytes).
    Removing dfixi.o(.text), (62 bytes).
    Removing dfixui.o(.text), (50 bytes).
    Removing cdcmple.o(.text), (48 bytes).
    Removing d2f.o(.text), (56 bytes).
    Removing fepilogue.o(.text), (110 bytes).
    Removing drnd.o(.text), (136 bytes).

861 unused section(s) (total 81714 bytes) removed from the image.

==============================================================================

Image Symbol Table

    Local Symbols

    Symbol Name                              Value     Ov Type        Size  Object(Section)

    ../Core/Src/freertos.c                   0x00000000   Number         0  freertos.o ABSOLUTE
    ../Core/Src/gpio.c                       0x00000000   Number         0  gpio.o ABSOLUTE
    ../Core/Src/main.c                       0x00000000   Number         0  main.o ABSOLUTE
    ../Core/Src/stm32f4xx_hal_msp.c          0x00000000   Number         0  stm32f4xx_hal_msp.o ABSOLUTE
    ../Core/Src/stm32f4xx_hal_timebase_tim.c 0x00000000   Number         0  stm32f4xx_hal_timebase_tim.o ABSOLUTE
    ../Core/Src/stm32f4xx_it.c               0x00000000   Number         0  stm32f4xx_it.o ABSOLUTE
    ../Core/Src/system_stm32f4xx.c           0x00000000   Number         0  system_stm32f4xx.o ABSOLUTE
    ../Core/Src/usart.c                      0x00000000   Number         0  usart.o ABSOLUTE
    ../Drivers/STM32F4xx_HAL_Driver/Src/stm32f4xx_hal.c 0x00000000   Number         0  stm32f4xx_hal.o ABSOLUTE
    ../Drivers/STM32F4xx_HAL_Driver/Src/stm32f4xx_hal_cortex.c 0x00000000   Number         0  stm32f4xx_hal_cortex.o ABSOLUTE
    ../Drivers/STM32F4xx_HAL_Driver/Src/stm32f4xx_hal_dma.c 0x00000000   Number         0  stm32f4xx_hal_dma.o ABSOLUTE
    ../Drivers/STM32F4xx_HAL_Driver/Src/stm32f4xx_hal_dma_ex.c 0x00000000   Number         0  stm32f4xx_hal_dma_ex.o ABSOLUTE
    ../Drivers/STM32F4xx_HAL_Driver/Src/stm32f4xx_hal_exti.c 0x00000000   Number         0  stm32f4xx_hal_exti.o ABSOLUTE
    ../Drivers/STM32F4xx_HAL_Driver/Src/stm32f4xx_hal_flash.c 0x00000000   Number         0  stm32f4xx_hal_flash.o ABSOLUTE
    ../Drivers/STM32F4xx_HAL_Driver/Src/stm32f4xx_hal_flash_ex.c 0x00000000   Number         0  stm32f4xx_hal_flash_ex.o ABSOLUTE
    ../Drivers/STM32F4xx_HAL_Driver/Src/stm32f4xx_hal_flash_ramfunc.c 0x00000000   Number         0  stm32f4xx_hal_flash_ramfunc.o ABSOLUTE
    ../Drivers/STM32F4xx_HAL_Driver/Src/stm32f4xx_hal_gpio.c 0x00000000   Number         0  stm32f4xx_hal_gpio.o ABSOLUTE
    ../Drivers/STM32F4xx_HAL_Driver/Src/stm32f4xx_hal_pwr.c 0x00000000   Number         0  stm32f4xx_hal_pwr.o ABSOLUTE
    ../Drivers/STM32F4xx_HAL_Driver/Src/stm32f4xx_hal_pwr_ex.c 0x00000000   Number         0  stm32f4xx_hal_pwr_ex.o ABSOLUTE
    ../Drivers/STM32F4xx_HAL_Driver/Src/stm32f4xx_hal_rcc.c 0x00000000   Number         0  stm32f4xx_hal_rcc.o ABSOLUTE
    ../Drivers/STM32F4xx_HAL_Driver/Src/stm32f4xx_hal_rcc_ex.c 0x00000000   Number         0  stm32f4xx_hal_rcc_ex.o ABSOLUTE
    ../Drivers/STM32F4xx_HAL_Driver/Src/stm32f4xx_hal_tim.c 0x00000000   Number         0  stm32f4xx_hal_tim.o ABSOLUTE
    ../Drivers/STM32F4xx_HAL_Driver/Src/stm32f4xx_hal_tim_ex.c 0x00000000   Number         0  stm32f4xx_hal_tim_ex.o ABSOLUTE
    ../Drivers/STM32F4xx_HAL_Driver/Src/stm32f4xx_ll_dma.c 0x00000000   Number         0  stm32f4xx_ll_dma.o ABSOLUTE
    ../Drivers/STM32F4xx_HAL_Driver/Src/stm32f4xx_ll_exti.c 0x00000000   Number         0  stm32f4xx_ll_exti.o ABSOLUTE
    ../Drivers/STM32F4xx_HAL_Driver/Src/stm32f4xx_ll_gpio.c 0x00000000   Number         0  stm32f4xx_ll_gpio.o ABSOLUTE
    ../Drivers/STM32F4xx_HAL_Driver/Src/stm32f4xx_ll_rcc.c 0x00000000   Number         0  stm32f4xx_ll_rcc.o ABSOLUTE
    ../Drivers/STM32F4xx_HAL_Driver/Src/stm32f4xx_ll_usart.c 0x00000000   Number         0  stm32f4xx_ll_usart.o ABSOLUTE
    ../Drivers/STM32F4xx_HAL_Driver/Src/stm32f4xx_ll_utils.c 0x00000000   Number         0  stm32f4xx_ll_utils.o ABSOLUTE
    ../Middlewares/Third_Party/FreeRTOS/Source/CMSIS_RTOS_V2/cmsis_os2.c 0x00000000   Number         0  cmsis_os2.o ABSOLUTE
    ../Middlewares/Third_Party/FreeRTOS/Source/croutine.c 0x00000000   Number         0  croutine.o ABSOLUTE
    ../Middlewares/Third_Party/FreeRTOS/Source/event_groups.c 0x00000000   Number         0  event_groups.o ABSOLUTE
    ../Middlewares/Third_Party/FreeRTOS/Source/list.c 0x00000000   Number         0  list.o ABSOLUTE
    ../Middlewares/Third_Party/FreeRTOS/Source/portable/MemMang/heap_4.c 0x00000000   Number         0  heap_4.o ABSOLUTE
    ../Middlewares/Third_Party/FreeRTOS/Source/portable/RVDS/ARM_CM4F/port.c 0x00000000   Number         0  port.o ABSOLUTE
    ../Middlewares/Third_Party/FreeRTOS/Source/queue.c 0x00000000   Number         0  queue.o ABSOLUTE
    ../Middlewares/Third_Party/FreeRTOS/Source/stream_buffer.c 0x00000000   Number         0  stream_buffer.o ABSOLUTE
    ../Middlewares/Third_Party/FreeRTOS/Source/tasks.c 0x00000000   Number         0  tasks.o ABSOLUTE
    ../Middlewares/Third_Party/FreeRTOS/Source/timers.c 0x00000000   Number         0  timers.o ABSOLUTE
    ../clib/microlib/division.c              0x00000000   Number         0  uidiv.o ABSOLUTE
    ../clib/microlib/division.c              0x00000000   Number         0  uldiv.o ABSOLUTE
    ../clib/microlib/errno.c                 0x00000000   Number         0  errno.o ABSOLUTE
    ../clib/microlib/init/entry.s            0x00000000   Number         0  entry11b.o ABSOLUTE
    ../clib/microlib/init/entry.s            0x00000000   Number         0  entry12a.o ABSOLUTE
    ../clib/microlib/init/entry.s            0x00000000   Number         0  entry2.o ABSOLUTE
    ../clib/microlib/init/entry.s            0x00000000   Number         0  entry.o ABSOLUTE
    ../clib/microlib/init/entry.s            0x00000000   Number         0  entry8a.o ABSOLUTE
    ../clib/microlib/init/entry.s            0x00000000   Number         0  entry7b.o ABSOLUTE
    ../clib/microlib/init/entry.s            0x00000000   Number         0  entry8b.o ABSOLUTE
    ../clib/microlib/init/entry.s            0x00000000   Number         0  entry12b.o ABSOLUTE
    ../clib/microlib/init/entry.s            0x00000000   Number         0  entry9a.o ABSOLUTE
    ../clib/microlib/init/entry.s            0x00000000   Number         0  entry7a.o ABSOLUTE
    ../clib/microlib/init/entry.s            0x00000000   Number         0  entry9b.o ABSOLUTE
    ../clib/microlib/init/entry.s            0x00000000   Number         0  entry11a.o ABSOLUTE
    ../clib/microlib/init/entry.s            0x00000000   Number         0  entry10a.o ABSOLUTE
    ../clib/microlib/init/entry.s            0x00000000   Number         0  entry5.o ABSOLUTE
    ../clib/microlib/init/entry.s            0x00000000   Number         0  entry10b.o ABSOLUTE
    ../clib/microlib/longlong.c              0x00000000   Number         0  llsshr.o ABSOLUTE
    ../clib/microlib/longlong.c              0x00000000   Number         0  llshl.o ABSOLUTE
    ../clib/microlib/longlong.c              0x00000000   Number         0  llushr.o ABSOLUTE
    ../clib/microlib/printf/printf.c         0x00000000   Number         0  printf5.o ABSOLUTE
    ../clib/microlib/printf/printf.c         0x00000000   Number         0  printf6.o ABSOLUTE
    ../clib/microlib/printf/printf.c         0x00000000   Number         0  printf7.o ABSOLUTE
    ../clib/microlib/printf/printf.c         0x00000000   Number         0  printf8.o ABSOLUTE
    ../clib/microlib/printf/printf.c         0x00000000   Number         0  printfa.o ABSOLUTE
    ../clib/microlib/printf/printf.c         0x00000000   Number         0  printfb.o ABSOLUTE
    ../clib/microlib/printf/printf.c         0x00000000   Number         0  printf1.o ABSOLUTE
    ../clib/microlib/printf/printf.c         0x00000000   Number         0  printf2.o ABSOLUTE
    ../clib/microlib/printf/printf.c         0x00000000   Number         0  printf3.o ABSOLUTE
    ../clib/microlib/printf/printf.c         0x00000000   Number         0  printf0.o ABSOLUTE
    ../clib/microlib/printf/printf.c         0x00000000   Number         0  printf4.o ABSOLUTE
    ../clib/microlib/printf/stubs.s          0x00000000   Number         0  stubs.o ABSOLUTE
    ../clib/microlib/stdio/streams.c         0x00000000   Number         0  stdout.o ABSOLUTE
    ../clib/microlib/string/memcpy.c         0x00000000   Number         0  memcpya.o ABSOLUTE
    ../clib/microlib/string/memcpy.c         0x00000000   Number         0  memcpyb.o ABSOLUTE
    ../clib/microlib/string/memset.c         0x00000000   Number         0  memseta.o ABSOLUTE
    ../clib/microlib/string/memset.c         0x00000000   Number         0  memset.o ABSOLUTE
    ../clib/microlib/string/strcmp.c         0x00000000   Number         0  strcmp.o ABSOLUTE
    ../clib/microlib/string/strcpy.c         0x00000000   Number         0  strcpy.o ABSOLUTE
    ../clib/microlib/string/strlen.c         0x00000000   Number         0  strlen.o ABSOLUTE
    ../clib/microlib/stubs.s                 0x00000000   Number         0  iusefp.o ABSOLUTE
    ../fplib/microlib/d2f.c                  0x00000000   Number         0  d2f.o ABSOLUTE
    ../fplib/microlib/fpadd.c                0x00000000   Number         0  dadd.o ABSOLUTE
    ../fplib/microlib/fpdiv.c                0x00000000   Number         0  ddiv.o ABSOLUTE
    ../fplib/microlib/fpepilogue.c           0x00000000   Number         0  fepilogue.o ABSOLUTE
    ../fplib/microlib/fpepilogue.c           0x00000000   Number         0  depilogue.o ABSOLUTE
    ../fplib/microlib/fpfix.c                0x00000000   Number         0  dfixui.o ABSOLUTE
    ../fplib/microlib/fpfix.c                0x00000000   Number         0  dfixi.o ABSOLUTE
    ../fplib/microlib/fpfix.c                0x00000000   Number         0  dfixul.o ABSOLUTE
    ../fplib/microlib/fpflt.c                0x00000000   Number         0  dfltui.o ABSOLUTE
    ../fplib/microlib/fpflt.c                0x00000000   Number         0  dflti.o ABSOLUTE
    ../fplib/microlib/fpmul.c                0x00000000   Number         0  dmul.o ABSOLUTE
    ../fplib/microlib/fpneg.c                0x00000000   Number         0  dneg.o ABSOLUTE
    ../fplib/microlib/fprnd.c                0x00000000   Number         0  drnd.o ABSOLUTE
    ../mathlib/atan.c                        0x00000000   Number         0  atan.o ABSOLUTE
    ../mathlib/atan.c                        0x00000000   Number         0  atan_x.o ABSOLUTE
    ../mathlib/atan2.c                       0x00000000   Number         0  atan2.o ABSOLUTE
    ../mathlib/atan2.c                       0x00000000   Number         0  atan2_x.o ABSOLUTE
    ../mathlib/dunder.c                      0x00000000   Number         0  dunder.o ABSOLUTE
    ../mathlib/fabs.c                        0x00000000   Number         0  fabs.o ABSOLUTE
    ../mathlib/fpclassify.c                  0x00000000   Number         0  fpclassify.o ABSOLUTE
    ../mathlib/poly.c                        0x00000000   Number         0  poly.o ABSOLUTE
    ../mathlib/qnan.c                        0x00000000   Number         0  qnan.o ABSOLUTE
    ../mathlib/round.c                       0x00000000   Number         0  round.o ABSOLUTE
    ..\BSP\AToD.c                            0x00000000   Number         0  atod.o ABSOLUTE
    ..\BSP\LCD.c                             0x00000000   Number         0  lcd.o ABSOLUTE
    ..\BSP\LED.c                             0x00000000   Number         0  led.o ABSOLUTE
    ..\BSP\Lcd_init.c                        0x00000000   Number         0  lcd_init.o ABSOLUTE
    ..\BSP\OLED.c                            0x00000000   Number         0  oled.o ABSOLUTE
    ..\BSP\OLED_Data.c                       0x00000000   Number         0  oled_data.o ABSOLUTE
    ..\BSP\Serial.c                          0x00000000   Number         0  serial.o ABSOLUTE
    ..\BSP\key.c                             0x00000000   Number         0  key.o ABSOLUTE
    ..\Core\Src\PWM1.c                       0x00000000   Number         0  pwm1.o ABSOLUTE
    ..\Core\Src\SPIHard.c                    0x00000000   Number         0  spihard.o ABSOLUTE
    ..\Core\Src\Timer.c                      0x00000000   Number         0  timer.o ABSOLUTE
    ..\Core\Src\freertos.c                   0x00000000   Number         0  freertos.o ABSOLUTE
    ..\Core\Src\gpio.c                       0x00000000   Number         0  gpio.o ABSOLUTE
    ..\Core\Src\main.c                       0x00000000   Number         0  main.o ABSOLUTE
    ..\Core\Src\stm32f4xx_hal_msp.c          0x00000000   Number         0  stm32f4xx_hal_msp.o ABSOLUTE
    ..\Core\Src\stm32f4xx_hal_timebase_tim.c 0x00000000   Number         0  stm32f4xx_hal_timebase_tim.o ABSOLUTE
    ..\Core\Src\stm32f4xx_it.c               0x00000000   Number         0  stm32f4xx_it.o ABSOLUTE
    ..\Core\Src\system_stm32f4xx.c           0x00000000   Number         0  system_stm32f4xx.o ABSOLUTE
    ..\Core\Src\usart.c                      0x00000000   Number         0  usart.o ABSOLUTE
    ..\Drivers\STM32F4xx_HAL_Driver\Src\stm32f4xx_hal.c 0x00000000   Number         0  stm32f4xx_hal.o ABSOLUTE
    ..\Drivers\STM32F4xx_HAL_Driver\Src\stm32f4xx_hal_cortex.c 0x00000000   Number         0  stm32f4xx_hal_cortex.o ABSOLUTE
    ..\Drivers\STM32F4xx_HAL_Driver\Src\stm32f4xx_hal_dma.c 0x00000000   Number         0  stm32f4xx_hal_dma.o ABSOLUTE
    ..\Drivers\STM32F4xx_HAL_Driver\Src\stm32f4xx_hal_dma_ex.c 0x00000000   Number         0  stm32f4xx_hal_dma_ex.o ABSOLUTE
    ..\Drivers\STM32F4xx_HAL_Driver\Src\stm32f4xx_hal_exti.c 0x00000000   Number         0  stm32f4xx_hal_exti.o ABSOLUTE
    ..\Drivers\STM32F4xx_HAL_Driver\Src\stm32f4xx_hal_flash.c 0x00000000   Number         0  stm32f4xx_hal_flash.o ABSOLUTE
    ..\Drivers\STM32F4xx_HAL_Driver\Src\stm32f4xx_hal_flash_ex.c 0x00000000   Number         0  stm32f4xx_hal_flash_ex.o ABSOLUTE
    ..\Drivers\STM32F4xx_HAL_Driver\Src\stm32f4xx_hal_flash_ramfunc.c 0x00000000   Number         0  stm32f4xx_hal_flash_ramfunc.o ABSOLUTE
    ..\Drivers\STM32F4xx_HAL_Driver\Src\stm32f4xx_hal_gpio.c 0x00000000   Number         0  stm32f4xx_hal_gpio.o ABSOLUTE
    ..\Drivers\STM32F4xx_HAL_Driver\Src\stm32f4xx_hal_pwr.c 0x00000000   Number         0  stm32f4xx_hal_pwr.o ABSOLUTE
    ..\Drivers\STM32F4xx_HAL_Driver\Src\stm32f4xx_hal_pwr_ex.c 0x00000000   Number         0  stm32f4xx_hal_pwr_ex.o ABSOLUTE
    ..\Drivers\STM32F4xx_HAL_Driver\Src\stm32f4xx_hal_rcc.c 0x00000000   Number         0  stm32f4xx_hal_rcc.o ABSOLUTE
    ..\Drivers\STM32F4xx_HAL_Driver\Src\stm32f4xx_hal_rcc_ex.c 0x00000000   Number         0  stm32f4xx_hal_rcc_ex.o ABSOLUTE
    ..\Drivers\STM32F4xx_HAL_Driver\Src\stm32f4xx_hal_tim.c 0x00000000   Number         0  stm32f4xx_hal_tim.o ABSOLUTE
    ..\Drivers\STM32F4xx_HAL_Driver\Src\stm32f4xx_hal_tim_ex.c 0x00000000   Number         0  stm32f4xx_hal_tim_ex.o ABSOLUTE
    ..\Drivers\STM32F4xx_HAL_Driver\Src\stm32f4xx_ll_adc.c 0x00000000   Number         0  stm32f4xx_ll_adc.o ABSOLUTE
    ..\Drivers\STM32F4xx_HAL_Driver\Src\stm32f4xx_ll_dma.c 0x00000000   Number         0  stm32f4xx_ll_dma.o ABSOLUTE
    ..\Drivers\STM32F4xx_HAL_Driver\Src\stm32f4xx_ll_exti.c 0x00000000   Number         0  stm32f4xx_ll_exti.o ABSOLUTE
    ..\Drivers\STM32F4xx_HAL_Driver\Src\stm32f4xx_ll_gpio.c 0x00000000   Number         0  stm32f4xx_ll_gpio.o ABSOLUTE
    ..\Drivers\STM32F4xx_HAL_Driver\Src\stm32f4xx_ll_rcc.c 0x00000000   Number         0  stm32f4xx_ll_rcc.o ABSOLUTE
    ..\Drivers\STM32F4xx_HAL_Driver\Src\stm32f4xx_ll_spi.c 0x00000000   Number         0  stm32f4xx_ll_spi.o ABSOLUTE
    ..\Drivers\STM32F4xx_HAL_Driver\Src\stm32f4xx_ll_tim.c 0x00000000   Number         0  stm32f4xx_ll_tim.o ABSOLUTE
    ..\Drivers\STM32F4xx_HAL_Driver\Src\stm32f4xx_ll_usart.c 0x00000000   Number         0  stm32f4xx_ll_usart.o ABSOLUTE
    ..\Drivers\STM32F4xx_HAL_Driver\Src\stm32f4xx_ll_utils.c 0x00000000   Number         0  stm32f4xx_ll_utils.o ABSOLUTE
    ..\Middlewares\Third_Party\FreeRTOS\Source\CMSIS_RTOS_V2\cmsis_os2.c 0x00000000   Number         0  cmsis_os2.o ABSOLUTE
    ..\Middlewares\Third_Party\FreeRTOS\Source\portable\RVDS\ARM_CM4F\port.c 0x00000000   Number         0  port.o ABSOLUTE
    ..\SYSTEM\delay.c                        0x00000000   Number         0  delay.o ABSOLUTE
    ..\Tasks\Src\User_TasksInit.c            0x00000000   Number         0  user_tasksinit.o ABSOLUTE
    ..\\BSP\\AToD.c                          0x00000000   Number         0  atod.o ABSOLUTE
    ..\\BSP\\LCD.c                           0x00000000   Number         0  lcd.o ABSOLUTE
    ..\\BSP\\LED.c                           0x00000000   Number         0  led.o ABSOLUTE
    ..\\BSP\\Lcd_init.c                      0x00000000   Number         0  lcd_init.o ABSOLUTE
    ..\\BSP\\OLED.c                          0x00000000   Number         0  oled.o ABSOLUTE
    ..\\BSP\\key.c                           0x00000000   Number         0  key.o ABSOLUTE
    ..\\Core\\Src\\PWM1.c                    0x00000000   Number         0  pwm1.o ABSOLUTE
    ..\\Core\\Src\\SPIHard.c                 0x00000000   Number         0  spihard.o ABSOLUTE
    ..\\Core\\Src\\Timer.c                   0x00000000   Number         0  timer.o ABSOLUTE
    ..\\Drivers\\STM32F4xx_HAL_Driver\\Src\\stm32f4xx_ll_adc.c 0x00000000   Number         0  stm32f4xx_ll_adc.o ABSOLUTE
    ..\\Drivers\\STM32F4xx_HAL_Driver\\Src\\stm32f4xx_ll_spi.c 0x00000000   Number         0  stm32f4xx_ll_spi.o ABSOLUTE
    ..\\Drivers\\STM32F4xx_HAL_Driver\\Src\\stm32f4xx_ll_tim.c 0x00000000   Number         0  stm32f4xx_ll_tim.o ABSOLUTE
    ..\\SYSTEM\\delay.c                      0x00000000   Number         0  delay.o ABSOLUTE
    ..\\Tasks\\Src\\User_TasksInit.c         0x00000000   Number         0  user_tasksinit.o ABSOLUTE
    cdcmple.s                                0x00000000   Number         0  cdcmple.o ABSOLUTE
    cdrcmple.s                               0x00000000   Number         0  cdrcmple.o ABSOLUTE
    dc.s                                     0x00000000   Number         0  dc.o ABSOLUTE
    handlers.s                               0x00000000   Number         0  handlers.o ABSOLUTE
    init.s                                   0x00000000   Number         0  init.o ABSOLUTE
    startup_stm32f407xx.s                    0x00000000   Number         0  startup_stm32f407xx.o ABSOLUTE
    RESET                                    0x08000000   Section      392  startup_stm32f407xx.o(RESET)
    .ARM.Collect$$$$00000000                 0x08000188   Section        0  entry.o(.ARM.Collect$$$$00000000)
    .ARM.Collect$$$$00000001                 0x08000188   Section        4  entry2.o(.ARM.Collect$$$$00000001)
    .ARM.Collect$$$$00000004                 0x0800018c   Section        4  entry5.o(.ARM.Collect$$$$00000004)
    .ARM.Collect$$$$00000008                 0x08000190   Section        0  entry7b.o(.ARM.Collect$$$$00000008)
    .ARM.Collect$$$$0000000A                 0x08000190   Section        0  entry8b.o(.ARM.Collect$$$$0000000A)
    .ARM.Collect$$$$0000000B                 0x08000190   Section        8  entry9a.o(.ARM.Collect$$$$0000000B)
    .ARM.Collect$$$$0000000E                 0x08000198   Section        4  entry12b.o(.ARM.Collect$$$$0000000E)
    .ARM.Collect$$$$0000000F                 0x0800019c   Section        0  entry10a.o(.ARM.Collect$$$$0000000F)
    .ARM.Collect$$$$00000011                 0x0800019c   Section        0  entry11a.o(.ARM.Collect$$$$00000011)
    .ARM.Collect$$$$00002712                 0x0800019c   Section        4  entry2.o(.ARM.Collect$$$$00002712)
    __lit__00000000                          0x0800019c   Data           4  entry2.o(.ARM.Collect$$$$00002712)
    .emb_text                                0x080001a0   Section      190  port.o(.emb_text)
    $v0                                      0x080001a0   Number         0  port.o(.emb_text)
    .text                                    0x08000260   Section       36  startup_stm32f407xx.o(.text)
    $v0                                      0x08000260   Number         0  startup_stm32f407xx.o(.text)
    .text                                    0x08000284   Section        0  uldiv.o(.text)
    .text                                    0x080002e6   Section        0  memseta.o(.text)
    .text                                    0x0800030a   Section        0  dadd.o(.text)
    .text                                    0x08000458   Section        0  dmul.o(.text)
    .text                                    0x0800053c   Section        0  ddiv.o(.text)
    .text                                    0x0800061c   Section       48  cdrcmple.o(.text)
    .text                                    0x0800064c   Section        0  uidiv.o(.text)
    .text                                    0x08000678   Section        0  llshl.o(.text)
    .text                                    0x08000696   Section        0  llushr.o(.text)
    .text                                    0x080006b6   Section        0  llsshr.o(.text)
    .text                                    0x080006da   Section        0  depilogue.o(.text)
    .text                                    0x080006da   Section        0  iusefp.o(.text)
    .text                                    0x08000794   Section        0  dfixul.o(.text)
    .text                                    0x080007c4   Section       36  init.o(.text)
    i.BusFault_Handler                       0x080007e8   Section        0  stm32f4xx_it.o(i.BusFault_Handler)
    i.DebugMon_Handler                       0x080007ea   Section        0  stm32f4xx_it.o(i.DebugMon_Handler)
    i.HAL_IncTick                            0x080007ec   Section        0  stm32f4xx_hal.o(i.HAL_IncTick)
    i.HAL_Init                               0x080007fc   Section        0  stm32f4xx_hal.o(i.HAL_Init)
    i.HAL_InitTick                           0x08000830   Section        0  stm32f4xx_hal_timebase_tim.o(i.HAL_InitTick)
    i.HAL_MspInit                            0x080008c8   Section        0  stm32f4xx_hal_msp.o(i.HAL_MspInit)
    i.HAL_NVIC_EnableIRQ                     0x08000900   Section        0  stm32f4xx_hal_cortex.o(i.HAL_NVIC_EnableIRQ)
    i.HAL_NVIC_SetPriority                   0x0800091c   Section        0  stm32f4xx_hal_cortex.o(i.HAL_NVIC_SetPriority)
    i.HAL_NVIC_SetPriorityGrouping           0x0800095c   Section        0  stm32f4xx_hal_cortex.o(i.HAL_NVIC_SetPriorityGrouping)
    i.HAL_RCC_GetClockConfig                 0x08000980   Section        0  stm32f4xx_hal_rcc.o(i.HAL_RCC_GetClockConfig)
    i.HAL_RCC_GetPCLK1Freq                   0x080009c0   Section        0  stm32f4xx_hal_rcc.o(i.HAL_RCC_GetPCLK1Freq)
    i.HAL_TIMEx_BreakCallback                0x080009e0   Section        0  stm32f4xx_hal_tim_ex.o(i.HAL_TIMEx_BreakCallback)
    i.HAL_TIMEx_CommutCallback               0x080009e2   Section        0  stm32f4xx_hal_tim_ex.o(i.HAL_TIMEx_CommutCallback)
    i.HAL_TIM_Base_Init                      0x080009e4   Section        0  stm32f4xx_hal_tim.o(i.HAL_TIM_Base_Init)
    i.HAL_TIM_Base_MspInit                   0x08000a3e   Section        0  stm32f4xx_hal_tim.o(i.HAL_TIM_Base_MspInit)
    i.HAL_TIM_Base_Start                     0x08000a40   Section        0  stm32f4xx_hal_tim.o(i.HAL_TIM_Base_Start)
    i.HAL_TIM_Base_Start_IT                  0x08000ab8   Section        0  stm32f4xx_hal_tim.o(i.HAL_TIM_Base_Start_IT)
    i.HAL_TIM_IC_CaptureCallback             0x08000b38   Section        0  stm32f4xx_hal_tim.o(i.HAL_TIM_IC_CaptureCallback)
    i.HAL_TIM_IRQHandler                     0x08000b3a   Section        0  stm32f4xx_hal_tim.o(i.HAL_TIM_IRQHandler)
    i.HAL_TIM_OC_DelayElapsedCallback        0x08000c6a   Section        0  stm32f4xx_hal_tim.o(i.HAL_TIM_OC_DelayElapsedCallback)
    i.HAL_TIM_PWM_PulseFinishedCallback      0x08000c6c   Section        0  stm32f4xx_hal_tim.o(i.HAL_TIM_PWM_PulseFinishedCallback)
    i.HAL_TIM_PeriodElapsedCallback          0x08000c70   Section        0  main.o(i.HAL_TIM_PeriodElapsedCallback)
    i.HAL_TIM_TriggerCallback                0x08000c84   Section        0  stm32f4xx_hal_tim.o(i.HAL_TIM_TriggerCallback)
    i.HardFault_Handler                      0x08000c86   Section        0  stm32f4xx_it.o(i.HardFault_Handler)
    i.Key_Init                               0x08000c88   Section        0  key.o(i.Key_Init)
    i.LCD_Address_Set                        0x08000cd0   Section        0  lcd_init.o(i.LCD_Address_Set)
    i.LCD_DrawPoint                          0x08000d0a   Section        0  lcd.o(i.LCD_DrawPoint)
    i.LCD_Fill                               0x08000d20   Section        0  lcd.o(i.LCD_Fill)
    i.LCD_GPIO_Init                          0x08000d68   Section        0  lcd_init.o(i.LCD_GPIO_Init)
    i.LCD_Init                               0x08000dfc   Section        0  lcd_init.o(i.LCD_Init)
    i.LCD_ShowChar                           0x08000fac   Section        0  lcd.o(i.LCD_ShowChar)
    i.LCD_ShowString                         0x080010b8   Section        0  lcd.o(i.LCD_ShowString)
    i.LCD_WR_DATA                            0x080010f2   Section        0  lcd_init.o(i.LCD_WR_DATA)
    i.LCD_WR_REG                             0x08001110   Section        0  lcd_init.o(i.LCD_WR_REG)
    i.LED_Init                               0x08001134   Section        0  led.o(i.LED_Init)
    i.LED_Reveral                            0x0800117c   Section        0  led.o(i.LED_Reveral)
    i.LL_AHB1_GRP1_EnableClock               0x08001198   Section        0  gpio.o(i.LL_AHB1_GRP1_EnableClock)
    LL_AHB1_GRP1_EnableClock                 0x08001199   Thumb Code    18  gpio.o(i.LL_AHB1_GRP1_EnableClock)
    i.LL_AHB1_GRP1_EnableClock               0x080011b0   Section        0  key.o(i.LL_AHB1_GRP1_EnableClock)
    LL_AHB1_GRP1_EnableClock                 0x080011b1   Thumb Code    18  key.o(i.LL_AHB1_GRP1_EnableClock)
    i.LL_GPIO_Init                           0x080011c8   Section        0  stm32f4xx_ll_gpio.o(i.LL_GPIO_Init)
    i.LL_RCC_GetSystemClocksFreq             0x080012fe   Section        0  stm32f4xx_ll_rcc.o(i.LL_RCC_GetSystemClocksFreq)
    i.LL_SPI_Init                            0x0800131e   Section        0  stm32f4xx_ll_spi.o(i.LL_SPI_Init)
    i.LL_SetSystemCoreClock                  0x08001384   Section        0  stm32f4xx_ll_utils.o(i.LL_SetSystemCoreClock)
    i.LL_TIM_Init                            0x08001390   Section        0  stm32f4xx_ll_tim.o(i.LL_TIM_Init)
    i.LL_TIM_OC_Init                         0x08001458   Section        0  stm32f4xx_ll_tim.o(i.LL_TIM_OC_Init)
    i.LL_USART_Init                          0x08001620   Section        0  stm32f4xx_ll_usart.o(i.LL_USART_Init)
    i.LL_USART_SetBaudRate                   0x080016c0   Section        0  stm32f4xx_ll_usart.o(i.LL_USART_SetBaudRate)
    LL_USART_SetBaudRate                     0x080016c1   Thumb Code   176  stm32f4xx_ll_usart.o(i.LL_USART_SetBaudRate)
    i.MX_GPIO_Init                           0x08001770   Section        0  gpio.o(i.MX_GPIO_Init)
    i.MX_USART1_UART_Init                    0x08001784   Section        0  usart.o(i.MX_USART1_UART_Init)
    i.MemManage_Handler                      0x08001824   Section        0  stm32f4xx_it.o(i.MemManage_Handler)
    i.MyGPIO_ReSetPin                        0x08001826   Section        0  lcd_init.o(i.MyGPIO_ReSetPin)
    i.MyGPIO_SetPin                          0x08001834   Section        0  lcd_init.o(i.MyGPIO_SetPin)
    i.NMI_Handler                            0x08001840   Section        0  stm32f4xx_it.o(i.NMI_Handler)
    i.PWM1_Init                              0x08001844   Section        0  pwm1.o(i.PWM1_Init)
    i.RCC_GetHCLKClockFreq                   0x08001934   Section        0  stm32f4xx_ll_rcc.o(i.RCC_GetHCLKClockFreq)
    i.RCC_GetPCLK1ClockFreq                  0x08001950   Section        0  stm32f4xx_ll_rcc.o(i.RCC_GetPCLK1ClockFreq)
    i.RCC_GetPCLK2ClockFreq                  0x0800196c   Section        0  stm32f4xx_ll_rcc.o(i.RCC_GetPCLK2ClockFreq)
    i.RCC_GetSystemClockFreq                 0x08001988   Section        0  stm32f4xx_ll_rcc.o(i.RCC_GetSystemClockFreq)
    i.RCC_PLL_GetFreqDomain_SYS              0x080019b4   Section        0  stm32f4xx_ll_rcc.o(i.RCC_PLL_GetFreqDomain_SYS)
    i.SPI1_Init                              0x08001a04   Section        0  spihard.o(i.SPI1_Init)
    i.SPI1_SetDataWidth                      0x08001aa4   Section        0  spihard.o(i.SPI1_SetDataWidth)
    i.SPI1_Transmit16                        0x08001ac8   Section        0  spihard.o(i.SPI1_Transmit16)
    i.SPI1_Transmit8                         0x08001af0   Section        0  spihard.o(i.SPI1_Transmit8)
    i.SysTick_Handler                        0x08001b18   Section        0  cmsis_os2.o(i.SysTick_Handler)
    i.SystemClock_Config                     0x08001b34   Section        0  main.o(i.SystemClock_Config)
    i.SystemInit                             0x08001c08   Section        0  system_stm32f4xx.o(i.SystemInit)
    i.TIM4_IRQHandler                        0x08001c18   Section        0  stm32f4xx_it.o(i.TIM4_IRQHandler)
    i.TIM6_DAC_IRQHandler                    0x08001c24   Section        0  timer.o(i.TIM6_DAC_IRQHandler)
    i.TIM7_IRQHandler                        0x08001c68   Section        0  timer.o(i.TIM7_IRQHandler)
    i.TIM_Base_SetConfig                     0x08001cac   Section        0  stm32f4xx_hal_tim.o(i.TIM_Base_SetConfig)
    i.UsageFault_Handler                     0x08001d84   Section        0  stm32f4xx_it.o(i.UsageFault_Handler)
    i.__0printf                              0x08001d88   Section        0  printfa.o(i.__0printf)
    i.__NVIC_SetPriority                     0x08001da8   Section        0  stm32f4xx_hal_cortex.o(i.__NVIC_SetPriority)
    __NVIC_SetPriority                       0x08001da9   Thumb Code    32  stm32f4xx_hal_cortex.o(i.__NVIC_SetPriority)
    i.__scatterload_copy                     0x08001dc8   Section       14  handlers.o(i.__scatterload_copy)
    i.__scatterload_null                     0x08001dd6   Section        2  handlers.o(i.__scatterload_null)
    i.__scatterload_zeroinit                 0x08001dd8   Section       14  handlers.o(i.__scatterload_zeroinit)
    i._fp_digits                             0x08001de8   Section        0  printfa.o(i._fp_digits)
    _fp_digits                               0x08001de9   Thumb Code   366  printfa.o(i._fp_digits)
    i._printf_core                           0x08001f6c   Section        0  printfa.o(i._printf_core)
    _printf_core                             0x08001f6d   Thumb Code  1704  printfa.o(i._printf_core)
    i._printf_post_padding                   0x08002620   Section        0  printfa.o(i._printf_post_padding)
    _printf_post_padding                     0x08002621   Thumb Code    36  printfa.o(i._printf_post_padding)
    i._printf_pre_padding                    0x08002644   Section        0  printfa.o(i._printf_pre_padding)
    _printf_pre_padding                      0x08002645   Thumb Code    46  printfa.o(i._printf_pre_padding)
    i.delay_init                             0x08002674   Section        0  delay.o(i.delay_init)
    i.delay_ms                               0x080026c0   Section        0  delay.o(i.delay_ms)
    i.delay_us                               0x080026dc   Section        0  delay.o(i.delay_us)
    i.fputc                                  0x08002708   Section        0  usart.o(i.fputc)
    i.main                                   0x08002720   Section        0  main.o(i.main)
    i.prvResetNextTaskUnblockTime            0x080027d4   Section        0  tasks.o(i.prvResetNextTaskUnblockTime)
    prvResetNextTaskUnblockTime              0x080027d5   Thumb Code    26  tasks.o(i.prvResetNextTaskUnblockTime)
    i.uxListRemove                           0x080027f4   Section        0  list.o(i.uxListRemove)
    i.vListInsertEnd                         0x0800281a   Section        0  list.o(i.vListInsertEnd)
    i.vTaskSwitchContext                     0x08002834   Section        0  tasks.o(i.vTaskSwitchContext)
    i.xPortSysTickHandler                    0x08002898   Section        0  port.o(i.xPortSysTickHandler)
    i.xTaskGetSchedulerState                 0x080028c4   Section        0  tasks.o(i.xTaskGetSchedulerState)
    i.xTaskIncrementTick                     0x080028e0   Section        0  tasks.o(i.xTaskIncrementTick)
    .constdata                               0x080029a8   Section       14  pwm1.o(.constdata)
    OFFSET_TAB_CCMRx                         0x080029a8   Data           7  pwm1.o(.constdata)
    SHIFT_TAB_OCxx                           0x080029af   Data           7  pwm1.o(.constdata)
    .constdata                               0x080029b6   Section       16  system_stm32f4xx.o(.constdata)
    .constdata                               0x080029c6   Section        8  system_stm32f4xx.o(.constdata)
    .constdata                               0x080029ce   Section    14620  lcd.o(.constdata)
    .data                                    0x20000000   Section       12  stm32f4xx_hal.o(.data)
    .data                                    0x2000000c   Section        4  system_stm32f4xx.o(.data)
    .data                                    0x20000010   Section       60  tasks.o(.data)
    uxDeletedTasksWaitingCleanUp             0x20000014   Data           4  tasks.o(.data)
    uxCurrentNumberOfTasks                   0x20000018   Data           4  tasks.o(.data)
    xTickCount                               0x2000001c   Data           4  tasks.o(.data)
    uxTopReadyPriority                       0x20000020   Data           4  tasks.o(.data)
    xSchedulerRunning                        0x20000024   Data           4  tasks.o(.data)
    xPendedTicks                             0x20000028   Data           4  tasks.o(.data)
    xYieldPending                            0x2000002c   Data           4  tasks.o(.data)
    xNumOfOverflows                          0x20000030   Data           4  tasks.o(.data)
    uxTaskNumber                             0x20000034   Data           4  tasks.o(.data)
    xNextTaskUnblockTime                     0x20000038   Data           4  tasks.o(.data)
    xIdleTaskHandle                          0x2000003c   Data           4  tasks.o(.data)
    uxSchedulerSuspended                     0x20000040   Data           4  tasks.o(.data)
    pxDelayedTaskList                        0x20000044   Data           4  tasks.o(.data)
    pxOverflowDelayedTaskList                0x20000048   Data           4  tasks.o(.data)
    .data                                    0x2000004c   Section        4  delay.o(.data)
    g_fac_us                                 0x2000004c   Data           4  delay.o(.data)
    .data                                    0x20000050   Section        4  stdout.o(.data)
    .bss                                     0x20000054   Section       72  stm32f4xx_hal_timebase_tim.o(.bss)
    .bss                                     0x2000009c   Section     1220  tasks.o(.bss)
    pxReadyTasksLists                        0x2000009c   Data        1120  tasks.o(.bss)
    xDelayedTaskList1                        0x200004fc   Data          20  tasks.o(.bss)
    xDelayedTaskList2                        0x20000510   Data          20  tasks.o(.bss)
    xPendingReadyList                        0x20000524   Data          20  tasks.o(.bss)
    xTasksWaitingTermination                 0x20000538   Data          20  tasks.o(.bss)
    xSuspendedTaskList                       0x2000054c   Data          20  tasks.o(.bss)
    STACK                                    0x20000560   Section     1024  startup_stm32f407xx.o(STACK)

    Global Symbols

    Symbol Name                              Value     Ov Type        Size  Object(Section)

    BuildAttributes$$THM_ISAv4$E$P$D$K$B$S$7EM$VFPi3$EXTD16$VFPS$VFMA$PE$A:L22UL41UL21$X:L11$S22US41US21$IEEE1$IW$USESV6$~STKCKD$USESV7$~SHL$OTIME$ROPI$IEEEX$EBA8$MICROLIB$REQ8$PRES8$EABIv2 0x00000000   Number         0  anon$$obj.o ABSOLUTE
    __ARM_use_no_argv                        0x00000000   Number         0  main.o ABSOLUTE
    _printf_a                                0x00000000   Number         0  stubs.o ABSOLUTE
    _printf_c                                0x00000000   Number         0  stubs.o ABSOLUTE
    _printf_charcount                        0x00000000   Number         0  stubs.o ABSOLUTE
    _printf_d                                0x00000000   Number         0  stubs.o ABSOLUTE
    _printf_e                                0x00000000   Number         0  stubs.o ABSOLUTE
    _printf_f                                0x00000000   Number         0  stubs.o ABSOLUTE
    _printf_flags                            0x00000000   Number         0  stubs.o ABSOLUTE
    _printf_fp_dec                           0x00000000   Number         0  stubs.o ABSOLUTE
    _printf_fp_hex                           0x00000000   Number         0  stubs.o ABSOLUTE
    _printf_g                                0x00000000   Number         0  stubs.o ABSOLUTE
    _printf_i                                0x00000000   Number         0  stubs.o ABSOLUTE
    _printf_int_dec                          0x00000000   Number         0  stubs.o ABSOLUTE
    _printf_l                                0x00000000   Number         0  stubs.o ABSOLUTE
    _printf_lc                               0x00000000   Number         0  stubs.o ABSOLUTE
    _printf_ll                               0x00000000   Number         0  stubs.o ABSOLUTE
    _printf_lld                              0x00000000   Number         0  stubs.o ABSOLUTE
    _printf_lli                              0x00000000   Number         0  stubs.o ABSOLUTE
    _printf_llo                              0x00000000   Number         0  stubs.o ABSOLUTE
    _printf_llu                              0x00000000   Number         0  stubs.o ABSOLUTE
    _printf_llx                              0x00000000   Number         0  stubs.o ABSOLUTE
    _printf_longlong_dec                     0x00000000   Number         0  stubs.o ABSOLUTE
    _printf_longlong_hex                     0x00000000   Number         0  stubs.o ABSOLUTE
    _printf_longlong_oct                     0x00000000   Number         0  stubs.o ABSOLUTE
    _printf_ls                               0x00000000   Number         0  stubs.o ABSOLUTE
    _printf_mbtowc                           0x00000000   Number         0  stubs.o ABSOLUTE
    _printf_n                                0x00000000   Number         0  stubs.o ABSOLUTE
    _printf_o                                0x00000000   Number         0  stubs.o ABSOLUTE
    _printf_p                                0x00000000   Number         0  stubs.o ABSOLUTE
    _printf_percent                          0x00000000   Number         0  stubs.o ABSOLUTE
    _printf_pre_padding                      0x00000000   Number         0  stubs.o ABSOLUTE
    _printf_return_value                     0x00000000   Number         0  stubs.o ABSOLUTE
    _printf_s                                0x00000000   Number         0  stubs.o ABSOLUTE
    _printf_sizespec                         0x00000000   Number         0  stubs.o ABSOLUTE
    _printf_str                              0x00000000   Number         0  stubs.o ABSOLUTE
    _printf_truncate_signed                  0x00000000   Number         0  stubs.o ABSOLUTE
    _printf_truncate_unsigned                0x00000000   Number         0  stubs.o ABSOLUTE
    _printf_u                                0x00000000   Number         0  stubs.o ABSOLUTE
    _printf_wc                               0x00000000   Number         0  stubs.o ABSOLUTE
    _printf_wctomb                           0x00000000   Number         0  stubs.o ABSOLUTE
    _printf_widthprec                        0x00000000   Number         0  stubs.o ABSOLUTE
    _printf_x                                0x00000000   Number         0  stubs.o ABSOLUTE
    __arm_fini_                               - Undefined Weak Reference
    __cpp_initialize__aeabi_                  - Undefined Weak Reference
    __cxa_finalize                            - Undefined Weak Reference
    __decompress                              - Undefined Weak Reference
    _clock_init                               - Undefined Weak Reference
    _microlib_exit                            - Undefined Weak Reference
    __Vectors_Size                           0x00000188   Number         0  startup_stm32f407xx.o ABSOLUTE
    __Vectors                                0x08000000   Data           4  startup_stm32f407xx.o(RESET)
    __Vectors_End                            0x08000188   Data           0  startup_stm32f407xx.o(RESET)
    __main                                   0x08000189   Thumb Code     0  entry.o(.ARM.Collect$$$$00000000)
    _main_stk                                0x08000189   Thumb Code     0  entry2.o(.ARM.Collect$$$$00000001)
    _main_scatterload                        0x0800018d   Thumb Code     0  entry5.o(.ARM.Collect$$$$00000004)
    __main_after_scatterload                 0x08000191   Thumb Code     0  entry5.o(.ARM.Collect$$$$00000004)
    _main_clock                              0x08000191   Thumb Code     0  entry7b.o(.ARM.Collect$$$$00000008)
    _main_cpp_init                           0x08000191   Thumb Code     0  entry8b.o(.ARM.Collect$$$$0000000A)
    _main_init                               0x08000191   Thumb Code     0  entry9a.o(.ARM.Collect$$$$0000000B)
    __rt_lib_shutdown_fini                   0x08000199   Thumb Code     0  entry12b.o(.ARM.Collect$$$$0000000E)
    __rt_final_cpp                           0x0800019d   Thumb Code     0  entry10a.o(.ARM.Collect$$$$0000000F)
    __rt_final_exit                          0x0800019d   Thumb Code     0  entry11a.o(.ARM.Collect$$$$00000011)
    SVC_Handler                              0x080001a1   Thumb Code    28  port.o(.emb_text)
    __asm___6_port_c_39a90d8d__prvStartFirstTask 0x080001c1   Thumb Code    36  port.o(.emb_text)
    __asm___6_port_c_39a90d8d__prvEnableVFP  0x080001e9   Thumb Code    16  port.o(.emb_text)
    PendSV_Handler                           0x080001fd   Thumb Code    88  port.o(.emb_text)
    vPortGetIPSR                             0x08000259   Thumb Code     6  port.o(.emb_text)
    Reset_Handler                            0x08000261   Thumb Code     8  startup_stm32f407xx.o(.text)
    ADC_IRQHandler                           0x0800027b   Thumb Code     0  startup_stm32f407xx.o(.text)
    CAN1_RX0_IRQHandler                      0x0800027b   Thumb Code     0  startup_stm32f407xx.o(.text)
    CAN1_RX1_IRQHandler                      0x0800027b   Thumb Code     0  startup_stm32f407xx.o(.text)
    CAN1_SCE_IRQHandler                      0x0800027b   Thumb Code     0  startup_stm32f407xx.o(.text)
    CAN1_TX_IRQHandler                       0x0800027b   Thumb Code     0  startup_stm32f407xx.o(.text)
    CAN2_RX0_IRQHandler                      0x0800027b   Thumb Code     0  startup_stm32f407xx.o(.text)
    CAN2_RX1_IRQHandler                      0x0800027b   Thumb Code     0  startup_stm32f407xx.o(.text)
    CAN2_SCE_IRQHandler                      0x0800027b   Thumb Code     0  startup_stm32f407xx.o(.text)
    CAN2_TX_IRQHandler                       0x0800027b   Thumb Code     0  startup_stm32f407xx.o(.text)
    DCMI_IRQHandler                          0x0800027b   Thumb Code     0  startup_stm32f407xx.o(.text)
    DMA1_Stream0_IRQHandler                  0x0800027b   Thumb Code     0  startup_stm32f407xx.o(.text)
    DMA1_Stream1_IRQHandler                  0x0800027b   Thumb Code     0  startup_stm32f407xx.o(.text)
    DMA1_Stream2_IRQHandler                  0x0800027b   Thumb Code     0  startup_stm32f407xx.o(.text)
    DMA1_Stream3_IRQHandler                  0x0800027b   Thumb Code     0  startup_stm32f407xx.o(.text)
    DMA1_Stream4_IRQHandler                  0x0800027b   Thumb Code     0  startup_stm32f407xx.o(.text)
    DMA1_Stream5_IRQHandler                  0x0800027b   Thumb Code     0  startup_stm32f407xx.o(.text)
    DMA1_Stream6_IRQHandler                  0x0800027b   Thumb Code     0  startup_stm32f407xx.o(.text)
    DMA1_Stream7_IRQHandler                  0x0800027b   Thumb Code     0  startup_stm32f407xx.o(.text)
    DMA2_Stream0_IRQHandler                  0x0800027b   Thumb Code     0  startup_stm32f407xx.o(.text)
    DMA2_Stream1_IRQHandler                  0x0800027b   Thumb Code     0  startup_stm32f407xx.o(.text)
    DMA2_Stream2_IRQHandler                  0x0800027b   Thumb Code     0  startup_stm32f407xx.o(.text)
    DMA2_Stream3_IRQHandler                  0x0800027b   Thumb Code     0  startup_stm32f407xx.o(.text)
    DMA2_Stream4_IRQHandler                  0x0800027b   Thumb Code     0  startup_stm32f407xx.o(.text)
    DMA2_Stream5_IRQHandler                  0x0800027b   Thumb Code     0  startup_stm32f407xx.o(.text)
    DMA2_Stream6_IRQHandler                  0x0800027b   Thumb Code     0  startup_stm32f407xx.o(.text)
    DMA2_Stream7_IRQHandler                  0x0800027b   Thumb Code     0  startup_stm32f407xx.o(.text)
    ETH_IRQHandler                           0x0800027b   Thumb Code     0  startup_stm32f407xx.o(.text)
    ETH_WKUP_IRQHandler                      0x0800027b   Thumb Code     0  startup_stm32f407xx.o(.text)
    EXTI0_IRQHandler                         0x0800027b   Thumb Code     0  startup_stm32f407xx.o(.text)
    EXTI15_10_IRQHandler                     0x0800027b   Thumb Code     0  startup_stm32f407xx.o(.text)
    EXTI1_IRQHandler                         0x0800027b   Thumb Code     0  startup_stm32f407xx.o(.text)
    EXTI2_IRQHandler                         0x0800027b   Thumb Code     0  startup_stm32f407xx.o(.text)
    EXTI3_IRQHandler                         0x0800027b   Thumb Code     0  startup_stm32f407xx.o(.text)
    EXTI4_IRQHandler                         0x0800027b   Thumb Code     0  startup_stm32f407xx.o(.text)
    EXTI9_5_IRQHandler                       0x0800027b   Thumb Code     0  startup_stm32f407xx.o(.text)
    FLASH_IRQHandler                         0x0800027b   Thumb Code     0  startup_stm32f407xx.o(.text)
    FMC_IRQHandler                           0x0800027b   Thumb Code     0  startup_stm32f407xx.o(.text)
    FPU_IRQHandler                           0x0800027b   Thumb Code     0  startup_stm32f407xx.o(.text)
    HASH_RNG_IRQHandler                      0x0800027b   Thumb Code     0  startup_stm32f407xx.o(.text)
    I2C1_ER_IRQHandler                       0x0800027b   Thumb Code     0  startup_stm32f407xx.o(.text)
    I2C1_EV_IRQHandler                       0x0800027b   Thumb Code     0  startup_stm32f407xx.o(.text)
    I2C2_ER_IRQHandler                       0x0800027b   Thumb Code     0  startup_stm32f407xx.o(.text)
    I2C2_EV_IRQHandler                       0x0800027b   Thumb Code     0  startup_stm32f407xx.o(.text)
    I2C3_ER_IRQHandler                       0x0800027b   Thumb Code     0  startup_stm32f407xx.o(.text)
    I2C3_EV_IRQHandler                       0x0800027b   Thumb Code     0  startup_stm32f407xx.o(.text)
    OTG_FS_IRQHandler                        0x0800027b   Thumb Code     0  startup_stm32f407xx.o(.text)
    OTG_FS_WKUP_IRQHandler                   0x0800027b   Thumb Code     0  startup_stm32f407xx.o(.text)
    OTG_HS_EP1_IN_IRQHandler                 0x0800027b   Thumb Code     0  startup_stm32f407xx.o(.text)
    OTG_HS_EP1_OUT_IRQHandler                0x0800027b   Thumb Code     0  startup_stm32f407xx.o(.text)
    OTG_HS_IRQHandler                        0x0800027b   Thumb Code     0  startup_stm32f407xx.o(.text)
    OTG_HS_WKUP_IRQHandler                   0x0800027b   Thumb Code     0  startup_stm32f407xx.o(.text)
    PVD_IRQHandler                           0x0800027b   Thumb Code     0  startup_stm32f407xx.o(.text)
    RCC_IRQHandler                           0x0800027b   Thumb Code     0  startup_stm32f407xx.o(.text)
    RTC_Alarm_IRQHandler                     0x0800027b   Thumb Code     0  startup_stm32f407xx.o(.text)
    RTC_WKUP_IRQHandler                      0x0800027b   Thumb Code     0  startup_stm32f407xx.o(.text)
    SDIO_IRQHandler                          0x0800027b   Thumb Code     0  startup_stm32f407xx.o(.text)
    SPI1_IRQHandler                          0x0800027b   Thumb Code     0  startup_stm32f407xx.o(.text)
    SPI2_IRQHandler                          0x0800027b   Thumb Code     0  startup_stm32f407xx.o(.text)
    SPI3_IRQHandler                          0x0800027b   Thumb Code     0  startup_stm32f407xx.o(.text)
    TAMP_STAMP_IRQHandler                    0x0800027b   Thumb Code     0  startup_stm32f407xx.o(.text)
    TIM1_BRK_TIM9_IRQHandler                 0x0800027b   Thumb Code     0  startup_stm32f407xx.o(.text)
    TIM1_CC_IRQHandler                       0x0800027b   Thumb Code     0  startup_stm32f407xx.o(.text)
    TIM1_TRG_COM_TIM11_IRQHandler            0x0800027b   Thumb Code     0  startup_stm32f407xx.o(.text)
    TIM1_UP_TIM10_IRQHandler                 0x0800027b   Thumb Code     0  startup_stm32f407xx.o(.text)
    TIM2_IRQHandler                          0x0800027b   Thumb Code     0  startup_stm32f407xx.o(.text)
    TIM3_IRQHandler                          0x0800027b   Thumb Code     0  startup_stm32f407xx.o(.text)
    TIM5_IRQHandler                          0x0800027b   Thumb Code     0  startup_stm32f407xx.o(.text)
    TIM8_BRK_TIM12_IRQHandler                0x0800027b   Thumb Code     0  startup_stm32f407xx.o(.text)
    TIM8_CC_IRQHandler                       0x0800027b   Thumb Code     0  startup_stm32f407xx.o(.text)
    TIM8_TRG_COM_TIM14_IRQHandler            0x0800027b   Thumb Code     0  startup_stm32f407xx.o(.text)
    TIM8_UP_TIM13_IRQHandler                 0x0800027b   Thumb Code     0  startup_stm32f407xx.o(.text)
    UART4_IRQHandler                         0x0800027b   Thumb Code     0  startup_stm32f407xx.o(.text)
    UART5_IRQHandler                         0x0800027b   Thumb Code     0  startup_stm32f407xx.o(.text)
    USART1_IRQHandler                        0x0800027b   Thumb Code     0  startup_stm32f407xx.o(.text)
    USART2_IRQHandler                        0x0800027b   Thumb Code     0  startup_stm32f407xx.o(.text)
    USART3_IRQHandler                        0x0800027b   Thumb Code     0  startup_stm32f407xx.o(.text)
    USART6_IRQHandler                        0x0800027b   Thumb Code     0  startup_stm32f407xx.o(.text)
    WWDG_IRQHandler                          0x0800027b   Thumb Code     0  startup_stm32f407xx.o(.text)
    __aeabi_uldivmod                         0x08000285   Thumb Code    98  uldiv.o(.text)
    __aeabi_memset                           0x080002e7   Thumb Code    14  memseta.o(.text)
    __aeabi_memset4                          0x080002e7   Thumb Code     0  memseta.o(.text)
    __aeabi_memset8                          0x080002e7   Thumb Code     0  memseta.o(.text)
    __aeabi_memclr                           0x080002f5   Thumb Code     4  memseta.o(.text)
    __aeabi_memclr4                          0x080002f5   Thumb Code     0  memseta.o(.text)
    __aeabi_memclr8                          0x080002f5   Thumb Code     0  memseta.o(.text)
    memset                                   0x080002f9   Thumb Code    18  memseta.o(.text)
    __aeabi_dadd                             0x0800030b   Thumb Code   322  dadd.o(.text)
    __aeabi_dsub                             0x0800044d   Thumb Code     6  dadd.o(.text)
    __aeabi_drsub                            0x08000453   Thumb Code     6  dadd.o(.text)
    __aeabi_dmul                             0x08000459   Thumb Code   228  dmul.o(.text)
    __aeabi_ddiv                             0x0800053d   Thumb Code   222  ddiv.o(.text)
    __aeabi_cdrcmple                         0x0800061d   Thumb Code    48  cdrcmple.o(.text)
    __aeabi_uidiv                            0x0800064d   Thumb Code     0  uidiv.o(.text)
    __aeabi_uidivmod                         0x0800064d   Thumb Code    44  uidiv.o(.text)
    __aeabi_llsl                             0x08000679   Thumb Code    30  llshl.o(.text)
    _ll_shift_l                              0x08000679   Thumb Code     0  llshl.o(.text)
    __aeabi_llsr                             0x08000697   Thumb Code    32  llushr.o(.text)
    _ll_ushift_r                             0x08000697   Thumb Code     0  llushr.o(.text)
    __aeabi_lasr                             0x080006b7   Thumb Code    36  llsshr.o(.text)
    _ll_sshift_r                             0x080006b7   Thumb Code     0  llsshr.o(.text)
    __I$use$fp                               0x080006db   Thumb Code     0  iusefp.o(.text)
    _double_round                            0x080006db   Thumb Code    30  depilogue.o(.text)
    _double_epilogue                         0x080006f9   Thumb Code   156  depilogue.o(.text)
    __aeabi_d2ulz                            0x08000795   Thumb Code    48  dfixul.o(.text)
    __scatterload                            0x080007c5   Thumb Code    28  init.o(.text)
    __scatterload_rt2                        0x080007c5   Thumb Code     0  init.o(.text)
    BusFault_Handler                         0x080007e9   Thumb Code     2  stm32f4xx_it.o(i.BusFault_Handler)
    DebugMon_Handler                         0x080007eb   Thumb Code     2  stm32f4xx_it.o(i.DebugMon_Handler)
    HAL_IncTick                              0x080007ed   Thumb Code    12  stm32f4xx_hal.o(i.HAL_IncTick)
    HAL_Init                                 0x080007fd   Thumb Code    48  stm32f4xx_hal.o(i.HAL_Init)
    HAL_InitTick                             0x08000831   Thumb Code   132  stm32f4xx_hal_timebase_tim.o(i.HAL_InitTick)
    HAL_MspInit                              0x080008c9   Thumb Code    52  stm32f4xx_hal_msp.o(i.HAL_MspInit)
    HAL_NVIC_EnableIRQ                       0x08000901   Thumb Code    26  stm32f4xx_hal_cortex.o(i.HAL_NVIC_EnableIRQ)
    HAL_NVIC_SetPriority                     0x0800091d   Thumb Code    60  stm32f4xx_hal_cortex.o(i.HAL_NVIC_SetPriority)
    HAL_NVIC_SetPriorityGrouping             0x0800095d   Thumb Code    26  stm32f4xx_hal_cortex.o(i.HAL_NVIC_SetPriorityGrouping)
    HAL_RCC_GetClockConfig                   0x08000981   Thumb Code    54  stm32f4xx_hal_rcc.o(i.HAL_RCC_GetClockConfig)
    HAL_RCC_GetPCLK1Freq                     0x080009c1   Thumb Code    20  stm32f4xx_hal_rcc.o(i.HAL_RCC_GetPCLK1Freq)
    HAL_TIMEx_BreakCallback                  0x080009e1   Thumb Code     2  stm32f4xx_hal_tim_ex.o(i.HAL_TIMEx_BreakCallback)
    HAL_TIMEx_CommutCallback                 0x080009e3   Thumb Code     2  stm32f4xx_hal_tim_ex.o(i.HAL_TIMEx_CommutCallback)
    HAL_TIM_Base_Init                        0x080009e5   Thumb Code    90  stm32f4xx_hal_tim.o(i.HAL_TIM_Base_Init)
    HAL_TIM_Base_MspInit                     0x08000a3f   Thumb Code     2  stm32f4xx_hal_tim.o(i.HAL_TIM_Base_MspInit)
    HAL_TIM_Base_Start                       0x08000a41   Thumb Code    90  stm32f4xx_hal_tim.o(i.HAL_TIM_Base_Start)
    HAL_TIM_Base_Start_IT                    0x08000ab9   Thumb Code   100  stm32f4xx_hal_tim.o(i.HAL_TIM_Base_Start_IT)
    HAL_TIM_IC_CaptureCallback               0x08000b39   Thumb Code     2  stm32f4xx_hal_tim.o(i.HAL_TIM_IC_CaptureCallback)
    HAL_TIM_IRQHandler                       0x08000b3b   Thumb Code   304  stm32f4xx_hal_tim.o(i.HAL_TIM_IRQHandler)
    HAL_TIM_OC_DelayElapsedCallback          0x08000c6b   Thumb Code     2  stm32f4xx_hal_tim.o(i.HAL_TIM_OC_DelayElapsedCallback)
    HAL_TIM_PWM_PulseFinishedCallback        0x08000c6d   Thumb Code     2  stm32f4xx_hal_tim.o(i.HAL_TIM_PWM_PulseFinishedCallback)
    HAL_TIM_PeriodElapsedCallback            0x08000c71   Thumb Code    14  main.o(i.HAL_TIM_PeriodElapsedCallback)
    HAL_TIM_TriggerCallback                  0x08000c85   Thumb Code     2  stm32f4xx_hal_tim.o(i.HAL_TIM_TriggerCallback)
    HardFault_Handler                        0x08000c87   Thumb Code     2  stm32f4xx_it.o(i.HardFault_Handler)
    Key_Init                                 0x08000c89   Thumb Code    62  key.o(i.Key_Init)
    LCD_Address_Set                          0x08000cd1   Thumb Code    58  lcd_init.o(i.LCD_Address_Set)
    LCD_DrawPoint                            0x08000d0b   Thumb Code    22  lcd.o(i.LCD_DrawPoint)
    LCD_Fill                                 0x08000d21   Thumb Code    70  lcd.o(i.LCD_Fill)
    LCD_GPIO_Init                            0x08000d69   Thumb Code   138  lcd_init.o(i.LCD_GPIO_Init)
    LCD_Init                                 0x08000dfd   Thumb Code   428  lcd_init.o(i.LCD_Init)
    LCD_ShowChar                             0x08000fad   Thumb Code   252  lcd.o(i.LCD_ShowChar)
    LCD_ShowString                           0x080010b9   Thumb Code    58  lcd.o(i.LCD_ShowString)
    LCD_WR_DATA                              0x080010f3   Thumb Code    28  lcd_init.o(i.LCD_WR_DATA)
    LCD_WR_REG                               0x08001111   Thumb Code    32  lcd_init.o(i.LCD_WR_REG)
    LED_Init                                 0x08001135   Thumb Code    64  led.o(i.LED_Init)
    LED_Reveral                              0x0800117d   Thumb Code    22  led.o(i.LED_Reveral)
    LL_GPIO_Init                             0x080011c9   Thumb Code   310  stm32f4xx_ll_gpio.o(i.LL_GPIO_Init)
    LL_RCC_GetSystemClocksFreq               0x080012ff   Thumb Code    32  stm32f4xx_ll_rcc.o(i.LL_RCC_GetSystemClocksFreq)
    LL_SPI_Init                              0x0800131f   Thumb Code   100  stm32f4xx_ll_spi.o(i.LL_SPI_Init)
    LL_SetSystemCoreClock                    0x08001385   Thumb Code     6  stm32f4xx_ll_utils.o(i.LL_SetSystemCoreClock)
    LL_TIM_Init                              0x08001391   Thumb Code   156  stm32f4xx_ll_tim.o(i.LL_TIM_Init)
    LL_TIM_OC_Init                           0x08001459   Thumb Code   446  stm32f4xx_ll_tim.o(i.LL_TIM_OC_Init)
    LL_USART_Init                            0x08001621   Thumb Code   136  stm32f4xx_ll_usart.o(i.LL_USART_Init)
    MX_GPIO_Init                             0x08001771   Thumb Code    18  gpio.o(i.MX_GPIO_Init)
    MX_USART1_UART_Init                      0x08001785   Thumb Code   148  usart.o(i.MX_USART1_UART_Init)
    MemManage_Handler                        0x08001825   Thumb Code     2  stm32f4xx_it.o(i.MemManage_Handler)
    MyGPIO_ReSetPin                          0x08001827   Thumb Code    14  lcd_init.o(i.MyGPIO_ReSetPin)
    MyGPIO_SetPin                            0x08001835   Thumb Code    12  lcd_init.o(i.MyGPIO_SetPin)
    NMI_Handler                              0x08001841   Thumb Code     2  stm32f4xx_it.o(i.NMI_Handler)
    PWM1_Init                                0x08001845   Thumb Code   222  pwm1.o(i.PWM1_Init)
    RCC_GetHCLKClockFreq                     0x08001935   Thumb Code    18  stm32f4xx_ll_rcc.o(i.RCC_GetHCLKClockFreq)
    RCC_GetPCLK1ClockFreq                    0x08001951   Thumb Code    20  stm32f4xx_ll_rcc.o(i.RCC_GetPCLK1ClockFreq)
    RCC_GetPCLK2ClockFreq                    0x0800196d   Thumb Code    20  stm32f4xx_ll_rcc.o(i.RCC_GetPCLK2ClockFreq)
    RCC_GetSystemClockFreq                   0x08001989   Thumb Code    30  stm32f4xx_ll_rcc.o(i.RCC_GetSystemClockFreq)
    RCC_PLL_GetFreqDomain_SYS                0x080019b5   Thumb Code    68  stm32f4xx_ll_rcc.o(i.RCC_PLL_GetFreqDomain_SYS)
    SPI1_Init                                0x08001a05   Thumb Code   148  spihard.o(i.SPI1_Init)
    SPI1_SetDataWidth                        0x08001aa5   Thumb Code    30  spihard.o(i.SPI1_SetDataWidth)
    SPI1_Transmit16                          0x08001ac9   Thumb Code    36  spihard.o(i.SPI1_Transmit16)
    SPI1_Transmit8                           0x08001af1   Thumb Code    36  spihard.o(i.SPI1_Transmit8)
    SysTick_Handler                          0x08001b19   Thumb Code    26  cmsis_os2.o(i.SysTick_Handler)
    SystemClock_Config                       0x08001b35   Thumb Code   188  main.o(i.SystemClock_Config)
    SystemInit                               0x08001c09   Thumb Code    12  system_stm32f4xx.o(i.SystemInit)
    TIM4_IRQHandler                          0x08001c19   Thumb Code     6  stm32f4xx_it.o(i.TIM4_IRQHandler)
    TIM6_DAC_IRQHandler                      0x08001c25   Thumb Code    26  timer.o(i.TIM6_DAC_IRQHandler)
    TIM7_IRQHandler                          0x08001c69   Thumb Code    26  timer.o(i.TIM7_IRQHandler)
    TIM_Base_SetConfig                       0x08001cad   Thumb Code   170  stm32f4xx_hal_tim.o(i.TIM_Base_SetConfig)
    UsageFault_Handler                       0x08001d85   Thumb Code     2  stm32f4xx_it.o(i.UsageFault_Handler)
    __0printf                                0x08001d89   Thumb Code    22  printfa.o(i.__0printf)
    __1printf                                0x08001d89   Thumb Code     0  printfa.o(i.__0printf)
    __2printf                                0x08001d89   Thumb Code     0  printfa.o(i.__0printf)
    __c89printf                              0x08001d89   Thumb Code     0  printfa.o(i.__0printf)
    printf                                   0x08001d89   Thumb Code     0  printfa.o(i.__0printf)
    __scatterload_copy                       0x08001dc9   Thumb Code    14  handlers.o(i.__scatterload_copy)
    __scatterload_null                       0x08001dd7   Thumb Code     2  handlers.o(i.__scatterload_null)
    __scatterload_zeroinit                   0x08001dd9   Thumb Code    14  handlers.o(i.__scatterload_zeroinit)
    delay_init                               0x08002675   Thumb Code    64  delay.o(i.delay_init)
    delay_ms                                 0x080026c1   Thumb Code    26  delay.o(i.delay_ms)
    delay_us                                 0x080026dd   Thumb Code    40  delay.o(i.delay_us)
    fputc                                    0x08002709   Thumb Code    18  usart.o(i.fputc)
    main                                     0x08002721   Thumb Code   152  main.o(i.main)
    uxListRemove                             0x080027f5   Thumb Code    38  list.o(i.uxListRemove)
    vListInsertEnd                           0x0800281b   Thumb Code    24  list.o(i.vListInsertEnd)
    vTaskSwitchContext                       0x08002835   Thumb Code    90  tasks.o(i.vTaskSwitchContext)
    xPortSysTickHandler                      0x08002899   Thumb Code    38  port.o(i.xPortSysTickHandler)
    xTaskGetSchedulerState                   0x080028c5   Thumb Code    22  tasks.o(i.xTaskGetSchedulerState)
    xTaskIncrementTick                       0x080028e1   Thumb Code   192  tasks.o(i.xTaskIncrementTick)
    AHBPrescTable                            0x080029b6   Data          16  system_stm32f4xx.o(.constdata)
    APBPrescTable                            0x080029c6   Data           8  system_stm32f4xx.o(.constdata)
    ascii_1206                               0x080029ce   Data        1140  lcd.o(.constdata)
    ascii_1608                               0x08002e42   Data        1520  lcd.o(.constdata)
    ascii_2412                               0x08003432   Data        4560  lcd.o(.constdata)
    ascii_3216                               0x08004602   Data        6080  lcd.o(.constdata)
    tfont12                                  0x08005dc2   Data         130  lcd.o(.constdata)
    tfont16                                  0x08005e44   Data         170  lcd.o(.constdata)
    tfont24                                  0x08005eee   Data         370  lcd.o(.constdata)
    tfont32                                  0x08006060   Data         650  lcd.o(.constdata)
    Region$$Table$$Base                      0x080062ec   Number         0  anon$$obj.o(Region$$Table)
    Region$$Table$$Limit                     0x0800630c   Number         0  anon$$obj.o(Region$$Table)
    uwTickFreq                               0x20000000   Data           1  stm32f4xx_hal.o(.data)
    uwTickPrio                               0x20000004   Data           4  stm32f4xx_hal.o(.data)
    uwTick                                   0x20000008   Data           4  stm32f4xx_hal.o(.data)
    SystemCoreClock                          0x2000000c   Data           4  system_stm32f4xx.o(.data)
    pxCurrentTCB                             0x20000010   Data           4  tasks.o(.data)
    __stdout                                 0x20000050   Data           4  stdout.o(.data)
    htim4                                    0x20000054   Data          72  stm32f4xx_hal_timebase_tim.o(.bss)
    __initial_sp                             0x20000960   Data           0  startup_stm32f407xx.o(STACK)



==============================================================================

Memory Map of the image

  Image Entry point : 0x08000189

  Load Region LR_IROM1 (Base: 0x08000000, Size: 0x00006360, Max: 0x00100000, ABSOLUTE)

    Execution Region ER_IROM1 (Exec base: 0x08000000, Load base: 0x08000000, Size: 0x0000630c, Max: 0x00100000, ABSOLUTE)

    Exec Addr    Load Addr    Size         Type   Attr      Idx    E Section Name        Object

    0x08000000   0x08000000   0x00000188   Data   RO            3    RESET               startup_stm32f407xx.o
    0x08000188   0x08000188   0x00000000   Code   RO         6024  * .ARM.Collect$$$$00000000  mc_w.l(entry.o)
    0x08000188   0x08000188   0x00000004   Code   RO         6361    .ARM.Collect$$$$00000001  mc_w.l(entry2.o)
    0x0800018c   0x0800018c   0x00000004   Code   RO         6364    .ARM.Collect$$$$00000004  mc_w.l(entry5.o)
    0x08000190   0x08000190   0x00000000   Code   RO         6366    .ARM.Collect$$$$00000008  mc_w.l(entry7b.o)
    0x08000190   0x08000190   0x00000000   Code   RO         6368    .ARM.Collect$$$$0000000A  mc_w.l(entry8b.o)
    0x08000190   0x08000190   0x00000008   Code   RO         6369    .ARM.Collect$$$$0000000B  mc_w.l(entry9a.o)
    0x08000198   0x08000198   0x00000004   Code   RO         6376    .ARM.Collect$$$$0000000E  mc_w.l(entry12b.o)
    0x0800019c   0x0800019c   0x00000000   Code   RO         6371    .ARM.Collect$$$$0000000F  mc_w.l(entry10a.o)
    0x0800019c   0x0800019c   0x00000000   Code   RO         6373    .ARM.Collect$$$$00000011  mc_w.l(entry11a.o)
    0x0800019c   0x0800019c   0x00000004   Code   RO         6362    .ARM.Collect$$$$00002712  mc_w.l(entry2.o)
    0x080001a0   0x080001a0   0x000000be   Code   RO         5221    .emb_text           port.o
    0x0800025e   0x0800025e   0x00000002   PAD
    0x08000260   0x08000260   0x00000024   Code   RO            4    .text               startup_stm32f407xx.o
    0x08000284   0x08000284   0x00000062   Code   RO         6027    .text               mc_w.l(uldiv.o)
    0x080002e6   0x080002e6   0x00000024   Code   RO         6033    .text               mc_w.l(memseta.o)
    0x0800030a   0x0800030a   0x0000014e   Code   RO         6304    .text               mf_w.l(dadd.o)
    0x08000458   0x08000458   0x000000e4   Code   RO         6306    .text               mf_w.l(dmul.o)
    0x0800053c   0x0800053c   0x000000de   Code   RO         6308    .text               mf_w.l(ddiv.o)
    0x0800061a   0x0800061a   0x00000002   PAD
    0x0800061c   0x0800061c   0x00000030   Code   RO         6322    .text               mf_w.l(cdrcmple.o)
    0x0800064c   0x0800064c   0x0000002c   Code   RO         6378    .text               mc_w.l(uidiv.o)
    0x08000678   0x08000678   0x0000001e   Code   RO         6380    .text               mc_w.l(llshl.o)
    0x08000696   0x08000696   0x00000020   Code   RO         6382    .text               mc_w.l(llushr.o)
    0x080006b6   0x080006b6   0x00000024   Code   RO         6384    .text               mc_w.l(llsshr.o)
    0x080006da   0x080006da   0x00000000   Code   RO         6393    .text               mc_w.l(iusefp.o)
    0x080006da   0x080006da   0x000000ba   Code   RO         6396    .text               mf_w.l(depilogue.o)
    0x08000794   0x08000794   0x00000030   Code   RO         6400    .text               mf_w.l(dfixul.o)
    0x080007c4   0x080007c4   0x00000024   Code   RO         6406    .text               mc_w.l(init.o)
    0x080007e8   0x080007e8   0x00000002   Code   RO          370    i.BusFault_Handler  stm32f4xx_it.o
    0x080007ea   0x080007ea   0x00000002   Code   RO          371    i.DebugMon_Handler  stm32f4xx_it.o
    0x080007ec   0x080007ec   0x00000010   Code   RO         1859    i.HAL_IncTick       stm32f4xx_hal.o
    0x080007fc   0x080007fc   0x00000034   Code   RO         1860    i.HAL_Init          stm32f4xx_hal.o
    0x08000830   0x08000830   0x00000098   Code   RO          458    i.HAL_InitTick      stm32f4xx_hal_timebase_tim.o
    0x080008c8   0x080008c8   0x00000038   Code   RO          434    i.HAL_MspInit       stm32f4xx_hal_msp.o
    0x08000900   0x08000900   0x0000001a   Code   RO         1695    i.HAL_NVIC_EnableIRQ  stm32f4xx_hal_cortex.o
    0x0800091a   0x0800091a   0x00000002   PAD
    0x0800091c   0x0800091c   0x00000040   Code   RO         1701    i.HAL_NVIC_SetPriority  stm32f4xx_hal_cortex.o
    0x0800095c   0x0800095c   0x00000024   Code   RO         1702    i.HAL_NVIC_SetPriorityGrouping  stm32f4xx_hal_cortex.o
    0x08000980   0x08000980   0x00000040   Code   RO          953    i.HAL_RCC_GetClockConfig  stm32f4xx_hal_rcc.o
    0x080009c0   0x080009c0   0x00000020   Code   RO          956    i.HAL_RCC_GetPCLK1Freq  stm32f4xx_hal_rcc.o
    0x080009e0   0x080009e0   0x00000002   Code   RO         2804    i.HAL_TIMEx_BreakCallback  stm32f4xx_hal_tim_ex.o
    0x080009e2   0x080009e2   0x00000002   Code   RO         2805    i.HAL_TIMEx_CommutCallback  stm32f4xx_hal_tim_ex.o
    0x080009e4   0x080009e4   0x0000005a   Code   RO         2100    i.HAL_TIM_Base_Init  stm32f4xx_hal_tim.o
    0x08000a3e   0x08000a3e   0x00000002   Code   RO         2102    i.HAL_TIM_Base_MspInit  stm32f4xx_hal_tim.o
    0x08000a40   0x08000a40   0x00000078   Code   RO         2103    i.HAL_TIM_Base_Start  stm32f4xx_hal_tim.o
    0x08000ab8   0x08000ab8   0x00000080   Code   RO         2105    i.HAL_TIM_Base_Start_IT  stm32f4xx_hal_tim.o
    0x08000b38   0x08000b38   0x00000002   Code   RO         2134    i.HAL_TIM_IC_CaptureCallback  stm32f4xx_hal_tim.o
    0x08000b3a   0x08000b3a   0x00000130   Code   RO         2148    i.HAL_TIM_IRQHandler  stm32f4xx_hal_tim.o
    0x08000c6a   0x08000c6a   0x00000002   Code   RO         2151    i.HAL_TIM_OC_DelayElapsedCallback  stm32f4xx_hal_tim.o
    0x08000c6c   0x08000c6c   0x00000002   Code   RO         2178    i.HAL_TIM_PWM_PulseFinishedCallback  stm32f4xx_hal_tim.o
    0x08000c6e   0x08000c6e   0x00000002   PAD
    0x08000c70   0x08000c70   0x00000014   Code   RO           14    i.HAL_TIM_PeriodElapsedCallback  main.o
    0x08000c84   0x08000c84   0x00000002   Code   RO         2191    i.HAL_TIM_TriggerCallback  stm32f4xx_hal_tim.o
    0x08000c86   0x08000c86   0x00000002   Code   RO          372    i.HardFault_Handler  stm32f4xx_it.o
    0x08000c88   0x08000c88   0x00000048   Code   RO         5305    i.Key_Init          key.o
    0x08000cd0   0x08000cd0   0x0000003a   Code   RO         5703    i.LCD_Address_Set   lcd_init.o
    0x08000d0a   0x08000d0a   0x00000016   Code   RO         5803    i.LCD_DrawPoint     lcd.o
    0x08000d20   0x08000d20   0x00000046   Code   RO         5805    i.LCD_Fill          lcd.o
    0x08000d66   0x08000d66   0x00000002   PAD
    0x08000d68   0x08000d68   0x00000094   Code   RO         5705    i.LCD_GPIO_Init     lcd_init.o
    0x08000dfc   0x08000dfc   0x000001b0   Code   RO         5706    i.LCD_Init          lcd_init.o
    0x08000fac   0x08000fac   0x0000010c   Code   RO         5806    i.LCD_ShowChar      lcd.o
    0x080010b8   0x080010b8   0x0000003a   Code   RO         5815    i.LCD_ShowString    lcd.o
    0x080010f2   0x080010f2   0x0000001c   Code   RO         5711    i.LCD_WR_DATA       lcd_init.o
    0x0800110e   0x0800110e   0x00000002   PAD
    0x08001110   0x08001110   0x00000024   Code   RO         5713    i.LCD_WR_REG        lcd_init.o
    0x08001134   0x08001134   0x00000048   Code   RO         5658    i.LED_Init          led.o
    0x0800117c   0x0800117c   0x0000001c   Code   RO         5661    i.LED_Reveral       led.o
    0x08001198   0x08001198   0x00000018   Code   RO          242    i.LL_AHB1_GRP1_EnableClock  gpio.o
    0x080011b0   0x080011b0   0x00000018   Code   RO         5306    i.LL_AHB1_GRP1_EnableClock  key.o
    0x080011c8   0x080011c8   0x00000136   Code   RO          676    i.LL_GPIO_Init      stm32f4xx_ll_gpio.o
    0x080012fe   0x080012fe   0x00000020   Code   RO          729    i.LL_RCC_GetSystemClocksFreq  stm32f4xx_ll_rcc.o
    0x0800131e   0x0800131e   0x00000064   Code   RO         3395    i.LL_SPI_Init       stm32f4xx_ll_spi.o
    0x08001382   0x08001382   0x00000002   PAD
    0x08001384   0x08001384   0x0000000c   Code   RO          831    i.LL_SetSystemCoreClock  stm32f4xx_ll_utils.o
    0x08001390   0x08001390   0x000000c8   Code   RO         3199    i.LL_TIM_Init       stm32f4xx_ll_tim.o
    0x08001458   0x08001458   0x000001c8   Code   RO         3200    i.LL_TIM_OC_Init    stm32f4xx_ll_tim.o
    0x08001620   0x08001620   0x000000a0   Code   RO         3076    i.LL_USART_Init     stm32f4xx_ll_usart.o
    0x080016c0   0x080016c0   0x000000b0   Code   RO         3077    i.LL_USART_SetBaudRate  stm32f4xx_ll_usart.o
    0x08001770   0x08001770   0x00000012   Code   RO          243    i.MX_GPIO_Init      gpio.o
    0x08001782   0x08001782   0x00000002   PAD
    0x08001784   0x08001784   0x000000a0   Code   RO          334    i.MX_USART1_UART_Init  usart.o
    0x08001824   0x08001824   0x00000002   Code   RO          373    i.MemManage_Handler  stm32f4xx_it.o
    0x08001826   0x08001826   0x0000000e   Code   RO         5715    i.MyGPIO_ReSetPin   lcd_init.o
    0x08001834   0x08001834   0x0000000c   Code   RO         5716    i.MyGPIO_SetPin     lcd_init.o
    0x08001840   0x08001840   0x00000002   Code   RO          374    i.NMI_Handler       stm32f4xx_it.o
    0x08001842   0x08001842   0x00000002   PAD
    0x08001844   0x08001844   0x000000f0   Code   RO          574    i.PWM1_Init         pwm1.o
    0x08001934   0x08001934   0x0000001c   Code   RO          732    i.RCC_GetHCLKClockFreq  stm32f4xx_ll_rcc.o
    0x08001950   0x08001950   0x0000001c   Code   RO          733    i.RCC_GetPCLK1ClockFreq  stm32f4xx_ll_rcc.o
    0x0800196c   0x0800196c   0x0000001c   Code   RO          734    i.RCC_GetPCLK2ClockFreq  stm32f4xx_ll_rcc.o
    0x08001988   0x08001988   0x0000002c   Code   RO          735    i.RCC_GetSystemClockFreq  stm32f4xx_ll_rcc.o
    0x080019b4   0x080019b4   0x00000050   Code   RO          738    i.RCC_PLL_GetFreqDomain_SYS  stm32f4xx_ll_rcc.o
    0x08001a04   0x08001a04   0x000000a0   Code   RO          625    i.SPI1_Init         spihard.o
    0x08001aa4   0x08001aa4   0x00000024   Code   RO          626    i.SPI1_SetDataWidth  spihard.o
    0x08001ac8   0x08001ac8   0x00000028   Code   RO          627    i.SPI1_Transmit16   spihard.o
    0x08001af0   0x08001af0   0x00000028   Code   RO          628    i.SPI1_Transmit8    spihard.o
    0x08001b18   0x08001b18   0x0000001a   Code   RO         4656    i.SysTick_Handler   cmsis_os2.o
    0x08001b32   0x08001b32   0x00000002   PAD
    0x08001b34   0x08001b34   0x000000d4   Code   RO           15    i.SystemClock_Config  main.o
    0x08001c08   0x08001c08   0x00000010   Code   RO         3459    i.SystemInit        system_stm32f4xx.o
    0x08001c18   0x08001c18   0x0000000c   Code   RO          375    i.TIM4_IRQHandler   stm32f4xx_it.o
    0x08001c24   0x08001c24   0x00000044   Code   RO          499    i.TIM6_DAC_IRQHandler  timer.o
    0x08001c68   0x08001c68   0x00000044   Code   RO          501    i.TIM7_IRQHandler   timer.o
    0x08001cac   0x08001cac   0x000000d8   Code   RO         2193    i.TIM_Base_SetConfig  stm32f4xx_hal_tim.o
    0x08001d84   0x08001d84   0x00000002   Code   RO          376    i.UsageFault_Handler  stm32f4xx_it.o
    0x08001d86   0x08001d86   0x00000002   PAD
    0x08001d88   0x08001d88   0x00000020   Code   RO         6276    i.__0printf         mc_w.l(printfa.o)
    0x08001da8   0x08001da8   0x00000020   Code   RO         1708    i.__NVIC_SetPriority  stm32f4xx_hal_cortex.o
    0x08001dc8   0x08001dc8   0x0000000e   Code   RO         6410    i.__scatterload_copy  mc_w.l(handlers.o)
    0x08001dd6   0x08001dd6   0x00000002   Code   RO         6411    i.__scatterload_null  mc_w.l(handlers.o)
    0x08001dd8   0x08001dd8   0x0000000e   Code   RO         6412    i.__scatterload_zeroinit  mc_w.l(handlers.o)
    0x08001de6   0x08001de6   0x00000002   PAD
    0x08001de8   0x08001de8   0x00000184   Code   RO         6283    i._fp_digits        mc_w.l(printfa.o)
    0x08001f6c   0x08001f6c   0x000006b4   Code   RO         6284    i._printf_core      mc_w.l(printfa.o)
    0x08002620   0x08002620   0x00000024   Code   RO         6285    i._printf_post_padding  mc_w.l(printfa.o)
    0x08002644   0x08002644   0x0000002e   Code   RO         6286    i._printf_pre_padding  mc_w.l(printfa.o)
    0x08002672   0x08002672   0x00000002   PAD
    0x08002674   0x08002674   0x0000004c   Code   RO         5925    i.delay_init        delay.o
    0x080026c0   0x080026c0   0x0000001a   Code   RO         5926    i.delay_ms          delay.o
    0x080026da   0x080026da   0x00000002   PAD
    0x080026dc   0x080026dc   0x0000002c   Code   RO         5927    i.delay_us          delay.o
    0x08002708   0x08002708   0x00000018   Code   RO          335    i.fputc             usart.o
    0x08002720   0x08002720   0x000000b4   Code   RO           16    i.main              main.o
    0x080027d4   0x080027d4   0x00000020   Code   RO         4105    i.prvResetNextTaskUnblockTime  tasks.o
    0x080027f4   0x080027f4   0x00000026   Code   RO         3621    i.uxListRemove      list.o
    0x0800281a   0x0800281a   0x00000018   Code   RO         3625    i.vListInsertEnd    list.o
    0x08002832   0x08002832   0x00000002   PAD
    0x08002834   0x08002834   0x00000064   Code   RO         4140    i.vTaskSwitchContext  tasks.o
    0x08002898   0x08002898   0x0000002c   Code   RO         5230    i.xPortSysTickHandler  port.o
    0x080028c4   0x080028c4   0x0000001c   Code   RO         4149    i.xTaskGetSchedulerState  tasks.o
    0x080028e0   0x080028e0   0x000000c8   Code   RO         4152    i.xTaskIncrementTick  tasks.o
    0x080029a8   0x080029a8   0x0000000e   Data   RO          576    .constdata          pwm1.o
    0x080029b6   0x080029b6   0x00000010   Data   RO         3460    .constdata          system_stm32f4xx.o
    0x080029c6   0x080029c6   0x00000008   Data   RO         3461    .constdata          system_stm32f4xx.o
    0x080029ce   0x080029ce   0x0000391c   Data   RO         5817    .constdata          lcd.o
    0x080062ea   0x080062ea   0x00000002   PAD
    0x080062ec   0x080062ec   0x00000020   Data   RO         6408    Region$$Table       anon$$obj.o


    Execution Region RW_IRAM1 (Exec base: 0x20000000, Load base: 0x0800630c, Size: 0x00000960, Max: 0x0001c000, ABSOLUTE)

    Exec Addr    Load Addr    Size         Type   Attr      Idx    E Section Name        Object

    0x20000000   0x0800630c   0x0000000c   Data   RW         1867    .data               stm32f4xx_hal.o
    0x2000000c   0x08006318   0x00000004   Data   RW         3462    .data               system_stm32f4xx.o
    0x20000010   0x0800631c   0x0000003c   Data   RW         4161    .data               tasks.o
    0x2000004c   0x08006358   0x00000004   Data   RW         5928    .data               delay.o
    0x20000050   0x0800635c   0x00000004   Data   RW         6377    .data               mc_w.l(stdout.o)
    0x20000054        -       0x00000048   Zero   RW          461    .bss                stm32f4xx_hal_timebase_tim.o
    0x2000009c        -       0x000004c4   Zero   RW         4160    .bss                tasks.o
    0x20000560        -       0x00000400   Zero   RW            1    STACK               startup_stm32f407xx.o


    Execution Region RW_IRAM2 (Exec base: 0x2001c000, Load base: 0x08006360, Size: 0x00000000, Max: 0x00004000, ABSOLUTE)

    **** No section assigned to this execution region ****


==============================================================================

Image component sizes


      Code (inc. data)   RO Data    RW Data    ZI Data      Debug   Object Name

        26          0          0          0          0        634   cmsis_os2.o
       146         16          0          4          0       2295   delay.o
         0          0          0          0          0      15424   event_groups.o
         0          0          0          0          0       1224   freertos.o
        42          6          0          0          0      29351   gpio.o
        96         16          0          0          0       5143   key.o
       418         16      14620          0          0       5159   lcd.o
       728         18          0          0          0       7851   lcd_init.o
       100         14          0          0          0       5397   led.o
        62          0          0          0          0       1740   list.o
       412         58          0          0          0     723040   main.o
         0          0          0          0          0       4076   oled.o
       234         22          0          0          0       3718   port.o
       240         18         14          0          0      32456   pwm1.o
       276         26          0          0          0      13075   spihard.o
        36          8        392          0       1024        852   startup_stm32f407xx.o
        68          8          0         12          0       7632   stm32f4xx_hal.o
       158         14          0          0          0      33106   stm32f4xx_hal_cortex.o
        56          4          0          0          0        902   stm32f4xx_hal_msp.o
        96         22          0          0          0       1970   stm32f4xx_hal_rcc.o
       868        104          0          0          0       8389   stm32f4xx_hal_tim.o
         4          0          0          0          0       1681   stm32f4xx_hal_tim_ex.o
       152         20          0          0         72       1531   stm32f4xx_hal_timebase_tim.o
        24          6          0          0          0       3371   stm32f4xx_it.o
       310          0          0          0          0       7227   stm32f4xx_ll_gpio.o
       240         52          0          0          0      27899   stm32f4xx_ll_rcc.o
       100          0          0          0          0      14574   stm32f4xx_ll_spi.o
       656         54          0          0          0      33067   stm32f4xx_ll_tim.o
       336         24          0          0          0      16448   stm32f4xx_ll_usart.o
        12          6          0          0          0       8020   stm32f4xx_ll_utils.o
        16          4         24          4          0       1175   system_stm32f4xx.o
       360         30          0         60       1220      10709   tasks.o
       136         84          0          0          0      26648   timer.o
       184         18          0          0          0      19842   usart.o

    ----------------------------------------------------------------------
      6616        668      15084         80       2316    1075626   Object Totals
         0          0         32          0          0          0   (incl. Generated)
        24          0          2          0          0          0   (incl. Padding)

    ----------------------------------------------------------------------

      Code (inc. data)   RO Data    RW Data    ZI Data      Debug   Library Member Name

         0          0          0          0          0          0   entry.o
         0          0          0          0          0          0   entry10a.o
         0          0          0          0          0          0   entry11a.o
         4          0          0          0          0          0   entry12b.o
         8          4          0          0          0          0   entry2.o
         4          0          0          0          0          0   entry5.o
         0          0          0          0          0          0   entry7b.o
         0          0          0          0          0          0   entry8b.o
         8          4          0          0          0          0   entry9a.o
        30          0          0          0          0          0   handlers.o
        36          8          0          0          0         68   init.o
         0          0          0          0          0          0   iusefp.o
        30          0          0          0          0         68   llshl.o
        36          0          0          0          0         68   llsshr.o
        32          0          0          0          0         68   llushr.o
        36          0          0          0          0        108   memseta.o
      2218         90          0          0          0        464   printfa.o
         0          0          0          4          0          0   stdout.o
        44          0          0          0          0         80   uidiv.o
        98          0          0          0          0         92   uldiv.o
        48          0          0          0          0         68   cdrcmple.o
       334          0          0          0          0        148   dadd.o
       222          0          0          0          0        100   ddiv.o
       186          0          0          0          0        176   depilogue.o
        48          0          0          0          0         68   dfixul.o
       228          0          0          0          0         96   dmul.o

    ----------------------------------------------------------------------
      3656        106          0          4          0       1672   Library Totals
         6          0          0          0          0          0   (incl. Padding)

    ----------------------------------------------------------------------

      Code (inc. data)   RO Data    RW Data    ZI Data      Debug   Library Name

      2584        106          0          4          0       1016   mc_w.l
      1066          0          0          0          0        656   mf_w.l

    ----------------------------------------------------------------------
      3656        106          0          4          0       1672   Library Totals

    ----------------------------------------------------------------------

==============================================================================


      Code (inc. data)   RO Data    RW Data    ZI Data      Debug   

     10272        774      15084         84       2316    1068870   Grand Totals
     10272        774      15084         84       2316    1068870   ELF Image Totals
     10272        774      15084         84          0          0   ROM Totals

==============================================================================

    Total RO  Size (Code + RO Data)                25356 (  24.76kB)
    Total RW  Size (RW Data + ZI Data)              2400 (   2.34kB)
    Total ROM Size (Code + RO Data + RW Data)      25440 (  24.84kB)

==============================================================================

